[    0.000000] Initializing cgroup subsys cpu
[    0.000000] Initializing cgroup subsys cpuacct
[    0.000000] Linux version 3.10.14__isvp_swan_1.0__ (buildroot@buildroot) (buildroot-gcc-14.3.0) #1 PREEMPT Thu Aug 28 05:46:40 UTC 2025
[    0.000000] CPU0 RESET ERROR PC:801ADC84
[    0.000000] [<801adc84>] 0x801adc84
[    0.000000] CPU0 revision is: 00d00100 (Ingenic Xburst)
[    0.000000] FPU revision is: 00b70000
[    0.000000] cgu_get_rate, parent = 1392000000, rate = 0, m = 129, n = 255, reg val = 0x081000ff
[    0.000000] cgu_get_rate, parent = 1392000000, rate = 0, m = 129, n = 255, reg val = 0x081000ff
[    0.000000] CCLK:1392MHz L2CLK:696Mhz H0CLK:200MHz H2CLK:200Mhz PCLK:100Mhz
[    0.000000] Determined physical RAM map:
[    0.000000]  memory: 0046a000 @ 00010000 (usable)
[    0.000000]  memory: 00036000 @ 0047a000 (usable after init)
[    0.000000] User-defined physical RAM map:
[    0.000000]  memory: 06300000 @ 00000000 (usable)
[    0.000000] Zone ranges:
[    0.000000]   Normal   [mem 0x00000000-0x062fffff]
[    0.000000] Movable zone start for each node
[    0.000000] Early memory node ranges
[    0.000000]   node   0: [mem 0x00000000-0x062fffff]
[    0.000000] On node 0 totalpages: 25344
[    0.000000] free_area_init_node: node 0, pgdat 80472c40, node_mem_map 81000000
[    0.000000]   Normal zone: 198 pages used for memmap
[    0.000000]   Normal zone: 0 pages reserved
[    0.000000]   Normal zone: 25344 pages, LIFO batch:7
[    0.000000] Primary instruction cache 32kB, 8-way, VIPT, linesize 32 bytes.
[    0.000000] Primary data cache 32kB, 8-way, VIPT, no aliases, linesize 32 bytes
[    0.000000] pls check processor_id[0x00d00100],sc_jz not support!
[    0.000000] MIPS secondary cache 128kB, 8-way, linesize 32 bytes.
[    0.000000] pcpu-alloc: s0 r0 d32768 u32768 alloc=1*32768
[    0.000000] pcpu-alloc: [0] 0 
[    0.000000] Built 1 zonelists in Zone order, mobility grouping off.  Total pages: 25146
[    0.000000] Kernel command line: mem=99M@0x0 rmem=29M@0x6300000 console=ttyS1,115200n8 panic=10 root=/dev/mtdblock4 rootfstype=squashfs init=/init mtdparts=jz_sfc:256k(boot),32k(env),224k(config),1504k(kernel),6304k(rootfs),-(rootfs_data),15872k@0x80000(upgrade),16384k@0(all)
[    0.000000] PID hash table entries: 512 (order: -1, 2048 bytes)
[    0.000000] Dentry cache hash table entries: 16384 (order: 4, 65536 bytes)
[    0.000000] Inode-cache hash table entries: 8192 (order: 3, 32768 bytes)
[    0.000000] Memory: 95008k/101376k available (3766k kernel code, 6368k reserved, 752k data, 216k init, 0k highmem)
[    0.000000] SLUB: HWalign=32, Order=0-3, MinObjects=0, CPUs=1, Nodes=1
[    0.000000] Preemptible hierarchical RCU implementation.
[    0.000000] NR_IRQS:358
[    0.000000] clockevents_config_and_register success.
[    0.000012] Calibrating delay loop... 1391.00 BogoMIPS (lpj=6955008)
[    0.090038] pid_max: default: 32768 minimum: 301
[    0.090196] Mount-cache hash table entries: 512
[    0.090584] Initializing cgroup subsys debug
[    0.090600] Initializing cgroup subsys freezer
[    0.092104] devtmpfs: initialized
[    0.093568] regulator-dummy: no parameters
[    0.093831] NET: Registered protocol family 16
[    0.097227] set gpio strength: 32-2
[    0.097238] set gpio strength: 33-2
[    0.097244] set gpio strength: 34-2
[    0.097250] set gpio strength: 35-2
[    0.097256] set gpio strength: 36-2
[    0.097262] set gpio strength: 37-2
[    0.108124] bio: create slab <bio-0> at 0
[    0.113675] jz-dma jz-dma: JZ SoC DMA initialized
[    0.114822] usbcore: registered new interface driver usbfs
[    0.114982] usbcore: registered new interface driver hub
[    0.115182] usbcore: registered new device driver usb
[    0.115518]  (null): set:249  hold:250 dev=100000000 h=500 l=500
[    0.115846] media: Linux media interface: v0.10
[    0.115994] Linux video capture interface: v2.00
[    0.118008] cfg80211: Calling CRDA to update world regulatory domain
[    0.119091] Switching to clocksource jz_clocksource
[    0.121554] dwc2 otg probe start
[    0.121582] jz-dwc2 jz-dwc2: cgu clk gate get error
[    0.121605] DWC IN OTG MODE
[    0.122372] dwc2 dwc2: Keep PHY ON
[    0.122382] dwc2 dwc2: Using Buffer DMA mode
[    0.122392] dwc2 dwc2: Core Release: 3.00a
[    0.122432] dwc2 dwc2: DesignWare USB2.0 High-Speed Host Controller
[    0.122462] dwc2 dwc2: new USB bus registered, assigned bus number 1
[    0.123458] hub 1-0:1.0: USB hub found
[    0.123491] hub 1-0:1.0: 1 port detected
[    0.123594] dwc2 dwc2: DWC2 Host Initialized
[    0.123937] dwc2 dwc2: enter dwc2_gadget_plug_change:2588: plugin = 1 pullup_on = 0 suspend = 0
[    0.123954] dwc2 otg probe success
[    0.124206] NET: Registered protocol family 2
[    0.124554] TCP established hash table entries: 1024 (order: 1, 8192 bytes)
[    0.124584] TCP bind hash table entries: 1024 (order: 0, 4096 bytes)
[    0.124603] TCP: Hash tables configured (established 1024 bind 1024)
[    0.124648] TCP: reno registered
[    0.124660] UDP hash table entries: 256 (order: 0, 4096 bytes)
[    0.124677] UDP-Lite hash table entries: 256 (order: 0, 4096 bytes)
[    0.124853] NET: Registered protocol family 1
[    0.125140] RPC: Registered named UNIX socket transport module.
[    0.125150] RPC: Registered udp transport module.
[    0.125156] RPC: Registered tcp transport module.
[    0.125160] RPC: Registered tcp NFSv4.1 backchannel transport module.
[    0.125709] freq_udelay_jiffys[0].max_num = 10
[    0.125718] cpufreq 	udelay 	loops_per_jiffy	
[    0.125724] 12000	 59956	 59956	
[    0.125729] 24000	 119913	 119913	
[    0.125734] 60000	 299784	 299784	
[    0.125740] 120000	 599569	 599569	
[    0.125745] 200000	 999282	 999282	
[    0.125751] 300000	 1498924	 1498924	
[    0.125756] 600000	 2997848	 2997848	
[    0.125762] 792000	 3957159	 3957159	
[    0.125768] 1008000	 5036385	 5036385	
[    0.125773] 1200000	 5995696	 5995696	
[    0.136504] squashfs: version 4.0 (2009/01/31) Phillip Lougher
[    0.137706] jffs2: version 2.2. © 2001-2006 Red Hat, Inc.
[    0.138277] msgmni has been set to 185
[    0.139663] io scheduler noop registered
[    0.139698] io scheduler cfq registered (default)
[    0.146328] jz-uart.1: ttyS1 at MMIO 0x10031000 (irq = 58) is a uart1
[    0.224863] dwc2 dwc2: ID PIN CHANGED!
[    0.641762] console [ttyS1] enabled
[    0.646042] logger: created 256K log 'log_main'
[    0.652570] jz TCU driver register completed
[    0.657874] the id code = b4018, the flash name is XT25F128B
[    0.663792] JZ SFC Controller for SFC channel 0 driver register
[    0.669938] 8 cmdlinepart partitions found on MTD device jz_sfc
[    0.676049] Creating 8 MTD partitions on "jz_sfc":
[    0.681143] 0x000000000000-0x000000040000 : "boot"
[    0.687103] 0x000000040000-0x000000048000 : "env"
[    0.693051] 0x000000048000-0x000000080000 : "config"
[    0.699263] 0x000000080000-0x0000001f8000 : "kernel"
[    0.705426] 0x0000001f8000-0x000000820000 : "rootfs"
[    0.711751] 0x000000820000-0x000001000000 : "rootfs_data"
[    0.718331] 0x000000080000-0x000001000000 : "upgrade"
[    0.724682] 0x000000000000-0x000001000000 : "all"
[    0.730676] SPI NOR MTD LOAD OK
[    0.734249] usbcore: registered new interface driver asix
[    0.740109] usbcore: registered new interface driver cdc_ether
[    0.746328] usbcore: registered new interface driver cdc_ncm
[    0.752282] i2c /dev entries driver
[    0.756741] jz-wdt: watchdog initialized
[    0.761473] TCP: cubic registered
[    0.765894] NET: Registered protocol family 10
[    0.771286] NET: Registered protocol family 17
[    0.777067] input: gpio-keys as /devices/platform/gpio-keys/input/input0
[    0.787956] VFS: Mounted root (squashfs filesystem) readonly on device 31:4.
[    0.798325] devtmpfs: mounted
[    0.801787] Freeing unused kernel memory: 216K (8047a000 - 804b0000)
[    1.207822] jffs2: notice: (410) jffs2_build_xattr_subsystem: complete building xattr subsystem, 1 of xdatum (0 unchecked, 0 orphan) and 2 of xref (0 dead, 0 orphan) found.
[    2.138837] jffs2: notice: (422) jffs2_build_xattr_subsystem: complete building xattr subsystem, 0 of xdatum (0 unchecked, 0 orphan) and 0 of xref (0 dead, 0 orphan) found.
[    6.655171] jzmmc_v1.2 jzmmc_v1.2.0: vmmc regulator missing
[    6.657705] jzmmc_v1.2 jzmmc_v1.2.0: register success!
[    6.657763] jzmmc_v1.2 jzmmc_v1.2.1: vmmc regulator missing
[    6.660433] jzmmc_v1.2 jzmmc_v1.2.1: register success!
[    6.777179] exFAT: Version 1.2.9
[    6.818280] usbcore: registered new interface driver usbserial
[    6.838149] usbcore: registered new interface driver ch341
[    6.840648] usbserial: USB Serial support registered for ch341-uart
[    6.855174] usbcore: registered new interface driver cp210x
[    6.857592] usbserial: USB Serial support registered for cp210x
[    6.883189] request spk en gpio 63 ok!
[    6.883200] jz_codec_register: probe() successful!
[    6.883275] cgu_set_rate, parent = 1392000000, rate = 2048000, n = 10875, reg val = 0x01002a7b
[    6.883284] cgu_enable,cgu_i2s_spk reg val = 0x21002a7b
[    6.883301] cgu_set_rate, parent = 1392000000, rate = 2048000, n = 10875, reg val = 0x01002a7b
[    6.883308] cgu_enable,cgu_i2s_mic reg val = 0x21002a7b
[    7.289336] dma dma0chan24: Channel 24 have been requested.(phy id 7,type 0x06 desc a48c4000)
[    7.289622] dma dma0chan25: Channel 25 have been requested.(phy id 6,type 0x06 desc a48b3000)
[    7.289942] dma dma0chan26: Channel 26 have been requested.(phy id 5,type 0x04 desc a489c000)
[    7.319787] @@@@ avpu driver ok(version H20220825a) @@@@@
[    7.356911] input: gpio-keys as /devices/platform/gpio-keys/input/input1
[    7.359352] Additional GPIO keys device registered with 1 buttons
[    7.369363] The version of PWM driver is H20210412a
[    7.380177] pwm-jz pwm-jz: jz_pwm_probe register ok !
[    7.858631] jzmmc_v1.2 jzmmc_v1.2.1: card insert via sysfs
[    7.971581] mmc1: card claims to support voltages below the defined range. These will be ignored.
[    8.029978] mmc1: new SDIO card at address 0001
[    8.248520] RTW: module init start
[    8.248534] RTW: rtl8189fs v5.11.6.0-2-gb9aa73b62.20211117
[    8.248540] RTW: build time: Aug 28 2025 05:46:40
[    8.248766] RTW: == SDIO Card Info ==
[    8.248775] RTW:   card: 84299c00
[    8.248781] RTW:   clock: 24000000 Hz
[    8.248786] RTW:   timing spec: legacy
[    8.248794] RTW:   sd3_bus_mode: FALSE
[    8.248799] RTW:   func num: 1
[    8.248805] RTW:   func1: 848ef300 (*)
[    8.248810] RTW: ================
[    8.278147] RTW: HW EFUSE
[    8.278161] RTW: 0x000: 29 81 03 CC  00 00 50 00  00 00 04 CC  0A 0C 00 00  
[    8.278194] RTW: 0x010: 24 25 26 27  27 27 2C 2C  2E 2E 2E 02  FF FF FF FF  
[    8.278226] RTW: 0x020: FF FF FF FF  FF FF FF FF  FF FF FF FF  FF FF FF FF  
[    8.278259] RTW: 0x030: FF FF FF FF  FF FF FF FF  FF FF FF FF  FF FF FF FF  
[    8.278292] RTW: 0x040: FF FF FF FF  FF FF FF FF  FF FF FF FF  FF FF FF FF  
[    8.278324] RTW: 0x050: FF FF FF FF  FF FF FF FF  FF FF FF FF  FF FF FF FF  
[    8.278357] RTW: 0x060: FF FF FF FF  FF FF FF FF  FF FF FF FF  FF FF FF FF  
[    8.278390] RTW: 0x070: FF FF FF FF  FF FF FF FF  FF FF FF FF  FF FF FF FF  
[    8.278422] RTW: 0x080: FF FF FF FF  FF FF FF FF  FF FF FF FF  FF FF FF FF  
[    8.278455] RTW: 0x090: FF FF FF FF  FF FF FF FF  FF FF FF FF  FF FF FF FF  
[    8.278488] RTW: 0x0A0: FF FF FF FF  FF FF FF FF  FF FF FF FF  FF FF FF FF  
[    8.278520] RTW: 0x0B0: FF FF FF FF  FF FF FF FF  20 1C 1B 00  00 00 00 FF  
[    8.278553] RTW: 0x0C0: FF 12 00 10  00 FF 00 FF  00 00 FF FF  FF FF FF FF  
[    8.278585] RTW: 0x0D0: 3E 10 01 12  23 FF FF FF  20 04 4C 02  79 F1 21 02  
[    8.278617] RTW: 0x0E0: 0C 00 22 04  00 08 00 32  FF 21 02 0C  00 22 2A 01  
[    8.278649] RTW: 0x0F0: 01 00 00 00  00 00 00 00  00 00 00 00  02 00 FF FF  
[    8.278681] RTW: 0x100: 00 00 00 00  00 00 00 00  00 00 00 00  00 00 00 00  
[    8.278712] RTW: 0x110: 00 EB 00 6E  01 00 00 00  00 FF 4C 31  2D 6A D0 0D  
[    8.278744] RTW: 0x120: FF FF FF FF  FF FF FF FF  FF FF FF FF  FF FF FF FF  
[    8.278777] RTW: 0x130: FF FF FF FF  FF FF FF FF  FF FF FF FF  FF FF FF FF  
[    8.278810] RTW: 0x140: FF FF FF FF  FF FF FF FF  FF FF FF FF  FF FF FF FF  
[    8.278842] RTW: 0x150: FF FF FF FF  FF FF FF FF  FF FF FF FF  FF FF FF FF  
[    8.278875] RTW: 0x160: FF FF FF FF  FF FF FF FF  FF FF FF FF  FF FF FF FF  
[    8.278908] RTW: 0x170: FF FF FF FF  FF FF FF FF  FF FF FF FF  FF FF FF FF  
[    8.278940] RTW: 0x180: FF FF FF FF  FF FF FF FF  FF FF FF FF  FF FF FF FF  
[    8.278974] RTW: 0x190: FF FF FF FF  FF FF FF FF  FF FF FF FF  FF FF FF FF  
[    8.279006] RTW: 0x1A0: FF FF FF FF  FF FF FF FF  FF FF FF FF  FF FF FF FF  
[    8.279039] RTW: 0x1B0: FF FF FF FF  FF FF FF FF  FF FF FF FF  FF FF FF FF  
[    8.279072] RTW: 0x1C0: FF FF FF FF  FF FF FF FF  FF FF FF FF  FF FF FF FF  
[    8.279135] RTW: 0x1D0: FF FF FF FF  FF FF FF FF  FF FF FF FF  FF FF FF FF  
[    8.279168] RTW: 0x1E0: FF FF FF FF  FF FF FF FF  FF FF FF FF  FF FF FF FF  
[    8.279201] RTW: 0x1F0: FF FF FF FF  FF FF FF FF  FF FF FF FF  FF FF FF FF  
[    8.279243] RTW: hal_com_config_channel_plan chplan:0x20
[    8.363104] RTW: [RF_PATH] ver_id.RF_TYPE:RF_1T1R
[    8.363118] RTW: [RF_PATH] HALSPEC's rf_reg_trx_path_bmp:0x11, rf_reg_path_avail_num:1, max_tx_cnt:1
[    8.363126] RTW: [RF_PATH] PG's trx_path_bmp:0x00, max_tx_cnt:0
[    8.363132] RTW: [RF_PATH] Registry's trx_path_bmp:0x00, tx_path_lmt:0, rx_path_lmt:0
[    8.363139] RTW: [RF_PATH] HALDATA's trx_path_bmp:0x11, max_tx_cnt:1
[    8.363146] RTW: [RF_PATH] HALDATA's rf_type:RF_1T1R, NumTotalRFPath:1
[    8.363152] RTW: [TRX_Nss] HALSPEC - tx_nss:1, rx_nss:1
[    8.363159] RTW: [TRX_Nss] Registry - tx_nss:0, rx_nss:0
[    8.363165] RTW: [TRX_Nss] HALDATA - tx_nss:1, rx_nss:1
[    8.364388] RTW: rtw_regsty_chk_target_tx_power_valid return _FALSE for band:0, path:0, rs:0, t:-1
[    8.384470] RTW: rtw_ndev_init(wlan0) if1 mac_addr=4c:31:2d:6a:d0:0d
[    8.397738] RTW: rtw_ndev_init(wlan1) if2 mac_addr=4e:31:2d:6a:d0:0d
[    8.413260] RTW: module init ret=0
[    9.041777] RTW: txpath=0x1, rxpath=0x1
[    9.041789] RTW: txpath_1ss:0x1, num:1
[    9.127529] IPv6: ADDRCONF(NETDEV_UP): wlan0: link is not ready
[   10.813144] RTW: rtw_set_802_11_connect(wlan0)  fw_state=0x00000008
[   11.095864] RTW: start auth
[   11.100374] RTW: auth success, start assoc
[   11.105621] RTW: assoc success
[   11.105712] IPv6: ADDRCONF(NETDEV_CHANGE): wlan0: link becomes ready
[   11.107210] RTW: ============ STA [e8:9c:25:02:11:0c]  ===================
[   11.107222] RTW: mac_id : 0
[   11.107227] RTW: wireless_mode : 0x0b
[   11.107232] RTW: mimo_type : 0
[   11.107238] RTW: static smps : N
[   11.107244] RTW: bw_mode : 20MHz, ra_bw_mode : 20MHz
[   11.107250] RTW: rate_id : 3
[   11.107256] RTW: rssi : -1 (%), rssi_level : 0
[   11.107262] RTW: is_support_sgi : Y, is_vht_enable : N
[   11.107268] RTW: disable_ra : N, disable_pt : N
[   11.107273] RTW: is_noisy : N
[   11.107278] RTW: txrx_state : 0
[   11.107285] RTW: curr_tx_rate : CCK_1M (L)
[   11.107290] RTW: curr_tx_bw : 20MHz
[   11.107296] RTW: curr_retry_ratio : 0
[   11.107302] RTW: ra_mask : 0x00000000000fffff
[   11.107302] 
[   11.109408] RTW: recv eapol packet 1/4
[   11.110643] RTW: send eapol packet 2/4
[   11.116098] RTW: recv eapol packet 3/4
[   11.116454] RTW: send eapol packet 4/4
[   11.117632] RTW: set pairwise key camid:0, addr:e8:9c:25:02:11:0c, kid:0, type:AES
[   11.117929] RTW: set group key camid:1, addr:e8:9c:25:02:11:0c, kid:1, type:AES
[   13.883661] codec_codec_ctl: set repaly channel...
[   13.883699] cgu_set_rate, parent = 1392000000, rate = 4096000, n = 10875, reg val = 0x22002a7b
[   13.883706] codec_codec_ctl: set sample rate...
[   13.883792] codec_codec_ctl: set device...
[   14.119173] codec_set_device: set device: speaker...
[   18.841921] *** tx_isp_init: EXACT Binary Ninja MCP reference implementation ***
[   18.844419] *** PROBE: tx_isp_platform_probe CALLED for device tx-isp ***
[   18.844438] *** PROBE: ISP device allocated successfully: 85f70000 ***
[   18.844455] *** PROBE: ISP core registers mapped at 0x13300000 for system_reg_write ***
[   18.844461] *** PROBE: ISP device mutex and spinlock initialized ***
[   18.844468] *** PROBE: Event callback structure initialized at 0x85864280 (offset 0xc from isp_dev) ***
[   18.844478] parse_rmem_bootarg: Found rmem=29M@0x06300000 (size=0x01d00000)
[   18.844520] *** PROBE: Initialized rmem_addr=0x06300000, size=0x01d00000 ***
[   18.844527] *** PROBE: Platform data: c06b7ce0 ***
[   18.844532] *** PROBE: Platform data validation passed ***
[   18.844537] *** REFERENCE DRIVER: Individual subdevices will initialize their own memory regions ***
[   18.844543] *** PLATFORM DEVICES ALREADY REGISTERED IN INIT - SKIPPING DUPLICATE REGISTRATION ***
[   18.844549] *** tx_isp_module_init: EXACT Binary Ninja reference implementation ***
[   18.844554] *** tx_isp_module_init: Registering subdev platform drivers FIRST ***
[   18.844560] *** TX ISP SUBDEV PLATFORM DRIVERS REGISTRATION ***
[   18.856919] All ISP subdev platform drivers registered successfully
[   18.859390] *** tx_isp_create_graph_and_nodes: EXACT Binary Ninja reference implementation ***
[   18.859404] *** Registering platform device 0 from platform data ***
[   18.862177] *** tx_isp_subdev_init: CALLED for device 'isp-w01' ***
[   18.862193] *** tx_isp_subdev_init: pdev=c06b79c8, sd=85426400, ops=c06b7fe0 ***
[   18.862199] *** tx_isp_subdev_init: ourISPdev=85f70000 ***
[   18.862206] *** tx_isp_subdev_init: ops=c06b7fe0, ops->core=c06b8014 ***
[   18.862212] *** tx_isp_subdev_init: ops->core->init=c06698d0 ***
[   18.862219] *** tx_isp_subdev_init: Set sd->dev=c06b79d8, sd->pdev=c06b79c8 ***
[   18.862225] *** tx_isp_subdev_init: CSI subdev registered at slot 0 ***
[   18.862231] tx_isp_module_init: Module initialized for isp-w01
[   18.862237] *** tx_isp_subdev_init: VIC interrupt registration will happen in auto-linking function ***
[   18.862243] *** isp-w01: Skipping IRQ request - device has no IRQ resource ***
[   18.862250] tx_isp_subdev_init: platform_get_resource returned c06b7ab8 for device isp-w01
[   18.862258] tx_isp_subdev_init: Memory resource found: start=0x10023000, end=0x10023fff, size=0x00001000
[   18.862267] *** tx_isp_subdev_init: Clock initialization deferred until streaming starts ***
[   18.862273] *** tx_isp_subdev_init: Clock count stored: 1 ***
[   18.862281] *** tx_isp_subdev_auto_link: ENTRY - pdev=c06b79c8, sd=85426400, ourISPdev=85f70000 ***
[   18.862287] *** tx_isp_subdev_auto_link: Auto-linking device 'isp-w01' to ourISPdev=85f70000 ***
[   18.862293] *** DEBUG: Device name comparison - checking 'isp-w01' ***
[   18.862299] *** DEBUG: About to check device name matches ***
[   18.862305] *** CSI BASIC REGISTERS SET: b0023000 (from tx_isp_subdev_init) ***
[   18.862311] *** LINKED CSI device: 85426400, regs: b0023000 ***
[   18.862317] *** CSI PROBE: Set dev_priv to csi_dev 85426400 AFTER subdev_init ***
[   18.862323] *** CSI PROBE: Set host_priv to csi_dev 85426400 AFTER subdev_init ***
[   18.862330] *** CSI PROBE: csi_regs (offset 0xb8) mapped to: b0023000 ***
[   18.862336] *** CSI PROBE: Testing ISP Core + 0x10000 for CSI shadow registers: b3310000 ***
[   18.862341] *** CSI PROBE: Will verify by checking if writes stick during init ***
[   18.862348] *** CSI PROBE: Device linking handled automatically by tx_isp_subdev_init ***
[   18.862367] *** Platform device 0 (isp-w01) registered successfully ***
[   18.862373] *** Registering platform device 1 from platform data ***
[   18.864747] *** VIC PROBE: IRQ numbers initialized to 38 ***
[   18.864763] *** VIC PROBE: Primary VIC registers mapped at 0x133e0000 -> b33e0000 ***
[   18.864769] *** VIC PROBE: VIC control registers mapped at 0x10023000 -> b0023000 ***
[   18.864775] *** VIC PROBE: Hardware IRQ function pointers set using SAFE struct members (tx_isp_enable/disable_irq) ***
[   18.864782] *** VIC PROBE: Secondary VIC register test - 0x1e0 = 0x00000000 (mapping verified) ***
[   18.864787] *** VIC PROBE: VIC interrupt registers will be configured during tx_isp_vic_start ***
[   18.864793] *** BINARY NINJA MCP: VIC buffer management ENABLED - following reference driver ***
[   18.864799] *** VIC will operate in FULL mode with complete buffer operations ***
[   18.864804] *** BINARY NINJA MCP: VIC full initialization complete - buffer management ENABLED ***
[   18.864811] *** VIC PROBE: Initialized default dimensions 1920x1080 and critical fields ***
[   18.864817] *** VIC PROBE: Event callback structure stored in VIC device field ***
[   18.864823] *** VIC PROBE: Stored vic_dev pointer 85426800 in subdev dev_priv ***
[   18.864829] *** VIC PROBE: Set host_priv to vic_dev 85426800 for Binary Ninja compatibility ***
[   18.864835] *** VIC PROBE: Skipping tx_isp_vic_hw_init - working branch configures interrupts during VIC operations ***
[   18.864843] *** tx_isp_subdev_init: CALLED for device 'isp-w02' ***
[   18.864850] *** tx_isp_subdev_init: pdev=c06b7ad8, sd=85426800, ops=c06b7f60 ***
[   18.864856] *** tx_isp_subdev_init: ourISPdev=85f70000 ***
[   18.864863] *** tx_isp_subdev_init: ops=c06b7f60, ops->core=c06b7f7c ***
[   18.864869] *** tx_isp_subdev_init: ops->core->init=c06808c4 ***
[   18.864876] *** tx_isp_subdev_init: Set sd->dev=c06b7ae8, sd->pdev=c06b7ad8 ***
[   18.864882] *** tx_isp_subdev_init: VIC device linked and registered at slot 1 ***
[   18.864888] tx_isp_module_init: Module initialized for isp-w02
[   18.864894] *** tx_isp_subdev_init: VIC interrupt registration will happen in auto-linking function ***
[   18.864902] *** tx_isp_request_irq: platform_get_irq returned 38 for device isp-w02 ***
[   18.864909] *** tx_isp_request_irq: Using main ISP device as dev_id for IRQ 38 (device: isp-w02) ***
[   18.864919] *** tx_isp_request_irq: About to call request_threaded_irq(irq=38, handler=c0672d64, thread=c0665584, flags=0x80, name=isp-w02, dev_id=85f70000) ***
[   18.864927] *** tx_isp_request_irq: About to register IRQ 38 with handlers: main=c0672d64, thread=c0665584 ***
[   18.867361] *** tx_isp_request_irq: request_threaded_irq returned 0 ***
[   18.867372] *** tx_isp_request_irq: IRQ 38 LEFT ENABLED (working version behavior) ***
[   18.867379] *** tx_isp_request_irq: IRQ 38 registered successfully for isp-w02 ***
[   18.867387] tx_isp_subdev_init: platform_get_resource returned c06b7bd0 for device isp-w02
[   18.867395] tx_isp_subdev_init: Memory resource found: start=0x10023000, end=0x10023fff, size=0x00001000
[   18.867407] tx_isp_subdev_init: request_mem_region failed for isp-w02 (0x10023000-0x10023fff)
[   18.867413] The parameter is invalid!
[   18.867424] CPU: 0 PID: 2100 Comm: insmod Tainted: G           O 3.10.14__isvp_swan_1.0__ #1
[   18.867430] Stack : 00000000 00000000 00000000 00000000 00000000 00000000 00000000 00000000
[   18.867430] 	  00000000 00000000 00000000 00000000 00000000 00000000 00000000 00000000
[   18.867430] 	  00000000 00000000 00000000 00000000 00000000 00000000 00000000 00000000
[   18.867430] 	  00000000 00000000 00000000 00000000 00000000 00000000 00000000 00000000
[   18.867430] 	  00000000 00000000 00000000 00000000 00000000 00000000 00000000 85bf79f0
[   18.867430] 	  ...
[   18.867505] Call Trace:[<8001f744>] 0x8001f744
[   18.867518] [<8001f744>] 0x8001f744
[   18.867525] [<c0666528>] 0xc0666528
[   18.867532] [<803b462c>] 0x803b462c
[   18.867538] [<c067f024>] 0xc067f024
[   18.867545] [<803b462c>] 0x803b462c
[   18.867551] [<801ae080>] 0x801ae080
[   18.867557] [<c0669448>] 0xc0669448
[   18.867564] [<801e91bc>] 0x801e91bc
[   18.867570] [<803b152c>] 0x803b152c
[   18.867577] [<801e92c0>] 0x801e92c0
[   18.867583] [<801e7104>] 0x801e7104
[   18.867589] [<803baac8>] 0x803baac8
[   18.867596] [<801e8f14>] 0x801e8f14
[   18.867602] [<801a45d0>] 0x801a45d0
[   18.867609] [<801e8288>] 0x801e8288
[   18.867615] [<801e6608>] 0x801e6608
[   18.867622] [<8003ff84>] 0x8003ff84
[   18.867629] [<801eae24>] 0x801eae24
[   18.867635] [<801ea748>] 0x801ea748
[   18.867641] [<801ea8b0>] 0x801ea8b0
[   18.867647] [<803b462c>] 0x803b462c
[   18.867654] [<c06733bc>] 0xc06733bc
[   18.867661] [<801e4524>] 0x801e4524
[   18.867667] [<803b462c>] 0x803b462c
[   18.867673] [<c0673b08>] 0xc0673b08
[   18.867681] [<801e91bc>] 0x801e91bc
[   18.867687] [<801e762c>] 0x801e762c
[   18.867693] [<803b152c>] 0x803b152c
[   18.867699] [<803baac8>] 0x803baac8
[   18.867705] [<801e9378>] 0x801e9378
[   18.867711] [<801e6fac>] 0x801e6fac
[   18.867718] [<801e9324>] 0x801e9324
[   18.867723] [<801e7050>] 0x801e7050
[   18.867731] [<801e8610>] 0x801e8610
[   18.867737] [<801e9704>] 0x801e9704
[   18.867743] [<803b462c>] 0x803b462c
[   18.867749] [<801e97f8>] 0x801e97f8
[   18.867755] [<801ea748>] 0x801ea748
[   18.867761] [<c0666804>] 0xc0666804
[   18.867768] [<803b462c>] 0x803b462c
[   18.867774] [<c0673130>] 0xc0673130
[   18.867781] [<c06730c4>] 0xc06730c4
[   18.867787] [<800105a4>] 0x800105a4
[   18.867793] [<8005e5c4>] 0x8005e5c4
[   18.867800] [<8007b7a8>] 0x8007b7a8
[   18.867807] [<801be95c>] 0x801be95c
[   18.867821] [<8007bb5c>] 0x8007bb5c
[   18.867831] [<800224bc>] 0x800224bc
[   18.867839] [<800da544>] 0x800da544
[   18.867845] 
[   18.867868] tx_isp_free_irq: IRQ freed
[   18.867874] tx_isp_module_deinit: Module deinitialized
[   18.867881] Failed to init isp module(131072.394)
[   18.867890] CPU: 0 PID: 2100 Comm: insmod Tainted: G           O 3.10.14__isvp_swan_1.0__ #1
[   18.867895] Stack : 00000000 00000000 00000000 00000000 00000000 00000000 00000000 00000000
[   18.867895] 	  00000000 00000000 00000000 00000000 00000000 00000000 00000000 00000000
[   18.867895] 	  00000000 00000000 00000000 00000000 00000000 00000000 00000000 00000000
[   18.867895] 	  00000000 00000000 00000000 00000000 00000000 00000000 00000000 00000000
[   18.867895] 	  00000000 00000000 00000000 00000000 00000000 00000000 00000000 85bf7a28
[   18.867895] 	  ...
[   18.867968] Call Trace:[<8001f744>] 0x8001f744
[   18.867979] [<8001f744>] 0x8001f744
[   18.867986] [<c0666528>] 0xc0666528
[   18.867993] [<803b462c>] 0x803b462c
[   18.867999] [<c0669478>] 0xc0669478
[   18.868006] [<801e91bc>] 0x801e91bc
[   18.868012] [<803b152c>] 0x803b152c
[   18.868019] [<801e92c0>] 0x801e92c0
[   18.868025] [<801e7104>] 0x801e7104
[   18.868031] [<803baac8>] 0x803baac8
[   18.868037] [<801e8f14>] 0x801e8f14
[   18.868044] [<801a45d0>] 0x801a45d0
[   18.868050] [<801e8288>] 0x801e8288
[   18.868057] [<801e6608>] 0x801e6608
[   18.868063] [<8003ff84>] 0x8003ff84
[   18.868071] [<801eae24>] 0x801eae24
[   18.868077] [<801ea748>] 0x801ea748
[   18.868083] [<801ea8b0>] 0x801ea8b0
[   18.868089] [<803b462c>] 0x803b462c
[   18.868095] [<c06733bc>] 0xc06733bc
[   18.868102] [<801e4524>] 0x801e4524
[   18.868108] [<803b462c>] 0x803b462c
[   18.868115] [<c0673b08>] 0xc0673b08
[   18.868122] [<801e91bc>] 0x801e91bc
[   18.868128] [<801e762c>] 0x801e762c
[   18.868134] [<803b152c>] 0x803b152c
[   18.868140] [<803baac8>] 0x803baac8
[   18.868147] [<801e9378>] 0x801e9378
[   18.868153] [<801e6fac>] 0x801e6fac
[   18.868159] [<801e9324>] 0x801e9324
[   18.868165] [<801e7050>] 0x801e7050
[   18.868172] [<801e8610>] 0x801e8610
[   18.868178] [<801e9704>] 0x801e9704
[   18.868184] [<803b462c>] 0x803b462c
[   18.868191] [<801e97f8>] 0x801e97f8
[   18.868197] [<801ea748>] 0x801ea748
[   18.868203] [<c0666804>] 0xc0666804
[   18.868209] [<803b462c>] 0x803b462c
[   18.868215] [<c0673130>] 0xc0673130
[   18.868222] [<c06730c4>] 0xc06730c4
[   18.868228] [<800105a4>] 0x800105a4
[   18.868235] [<8005e5c4>] 0x8005e5c4
[   18.868241] [<8007b7a8>] 0x8007b7a8
[   18.868248] [<801be95c>] 0x801be95c
[   18.868259] [<8007bb5c>] 0x8007bb5c
[   18.868269] [<800224bc>] 0x800224bc
[   18.868275] [<800da544>] 0x800da544
[   18.868283] 
[   18.868300] isp-w02: probe of isp-w02 failed with error -14
[   18.868315] *** Platform device 1 (isp-w02) registered successfully ***
[   18.868321] *** Registering platform device 2 from platform data ***
[   18.868691] *** VIN PROBE: VIN registers mapped to ISP Core: b3300000 (0x13300000) ***
[   18.868703] *** tx_isp_subdev_init: CALLED for device 'isp-w00' ***
[   18.868711] *** tx_isp_subdev_init: pdev=c06b78f0, sd=85fa7000, ops=c06b8e54 ***
[   18.868717] *** tx_isp_subdev_init: ourISPdev=85f70000 ***
[   18.868724] *** tx_isp_subdev_init: ops=c06b8e54, ops->core=c06b8e74 ***
[   18.868730] *** tx_isp_subdev_init: ops->core->init=c068da40 ***
[   18.868737] *** tx_isp_subdev_init: Set sd->dev=c06b7900, sd->pdev=c06b78f0 ***
[   18.868743] *** tx_isp_subdev_init: NOT A SENSOR - ops=c06b8e54 ***
[   18.868750] *** tx_isp_subdev_init: ops->sensor=  (null), csi_subdev_ops=c06b7fe0 ***
[   18.868756] tx_isp_module_init: Module initialized for isp-w00
[   18.868761] *** tx_isp_subdev_init: VIC interrupt registration will happen in auto-linking function ***
[   18.868770] *** tx_isp_subdev_auto_link: ENTRY - pdev=c06b78f0, sd=85fa7000, ourISPdev=85f70000 ***
[   18.868777] *** tx_isp_subdev_auto_link: Auto-linking device 'isp-w00' to ourISPdev=85f70000 ***
[   18.868783] *** DEBUG: Device name comparison - checking 'isp-w00' ***
[   18.868788] *** DEBUG: About to check device name matches ***
[   18.868793] *** DEBUG: VIN device name matched! Setting up VIN device ***
[   18.868799] *** LINKED VIN device: 85fa7000 ***
[   18.868807] *** VIN SUBDEV OPS CONFIGURED: core=c06b8e74, video=c06b8e68, s_stream=c068dd04 ***
[   18.868813] *** REGISTERED VIN SUBDEV AT SLOT 2 WITH VIDEO OPS ***
[   18.868819] *** VIN PROBE: Set dev_priv to vin_dev 85fa7000 AFTER subdev_init ***
[   18.868825] *** VIN PROBE: Device linking handled automatically by tx_isp_subdev_init ***
[   18.868845] *** Platform device 2 (isp-w00) registered successfully ***
[   18.868851] *** Registering platform device 3 from platform data ***
[   18.871602] *** tx_isp_subdev_init: CALLED for device 'isp-fs' ***
[   18.871617] *** tx_isp_subdev_init: pdev=c06b77b0, sd=85fa7400, ops=c06b8094 ***
[   18.871623] *** tx_isp_subdev_init: ourISPdev=85f70000 ***
[   18.871629] *** tx_isp_subdev_init: ops=c06b8094, ops->core=c06bef3c ***
[   18.871635] *** tx_isp_subdev_init: WARNING - ops->core->init is NULL! ***
[   18.871642] *** tx_isp_subdev_init: Set sd->dev=c06b77c0, sd->pdev=c06b77b0 ***
[   18.871648] *** tx_isp_subdev_init: NOT A SENSOR - ops=c06b8094 ***
[   18.871655] *** tx_isp_subdev_init: ops->sensor=c06bef30, csi_subdev_ops=c06b7fe0 ***
[   18.871661] tx_isp_module_init: Module initialized for isp-fs
[   18.871667] *** tx_isp_subdev_init: VIC interrupt registration will happen in auto-linking function ***
[   18.871673] *** isp-fs: Skipping IRQ request - device has no IRQ resource ***
[   18.871680] tx_isp_subdev_init: platform_get_resource returned   (null) for device isp-fs
[   18.871686] tx_isp_subdev_init: No memory resource for device isp-fs (logical device - OK)
[   18.871693] *** FS PROBE: Set dev_priv to fs_dev 85fa7400 AFTER subdev_init ***
[   18.871699] *** FS PROBE: Device linking handled automatically by tx_isp_subdev_auto_link() ***
[   18.871718] *** Platform device 3 (isp-fs) registered successfully ***
[   18.871725] *** Registering platform device 4 from platform data ***
[   18.874417] *** tx_isp_core_probe: NEW ARCHITECTURE - Creating separate core device ***
[   18.874431] *** tx_isp_create_core_device: Creating ISP core device ***
[   18.874441] *** tx_isp_create_core_device: Core device created successfully: 85426800 ***
[   18.874447] *** CORE PROBE: Set dev_priv to core_dev 85426800 ***
[   18.874453] *** CORE PROBE: Set host_priv to core_dev 85426800 - PREVENTS BadVA CRASH ***
[   18.874460] *** tx_isp_subdev_init: CALLED for device 'isp-m0' ***
[   18.874467] *** tx_isp_subdev_init: pdev=c06b7690, sd=85426800, ops=c06b7d98 ***
[   18.874473] *** tx_isp_subdev_init: ourISPdev=85f70000 ***
[   18.874480] *** tx_isp_subdev_init: ops=c06b7d98, ops->core=c06b7dc4 ***
[   18.874486] *** tx_isp_subdev_init: ops->core->init=c067d21c ***
[   18.874493] *** tx_isp_subdev_init: Set sd->dev=c06b76a0, sd->pdev=c06b7690 ***
[   18.874499] *** tx_isp_subdev_init: Core ISP subdev registered at slot 3 ***
[   18.874505] tx_isp_module_init: Module initialized for isp-m0
[   18.874511] *** tx_isp_subdev_init: VIC interrupt registration will happen in auto-linking function ***
[   18.874519] *** tx_isp_request_irq: platform_get_irq returned 37 for device isp-m0 ***
[   18.874526] *** tx_isp_request_irq: Using main ISP device as dev_id for IRQ 37 (device: isp-m0) ***
[   18.874535] *** tx_isp_request_irq: About to call request_threaded_irq(irq=37, handler=c0672d64, thread=c0665584, flags=0x80, name=isp-m0, dev_id=85f70000) ***
[   18.874544] *** tx_isp_request_irq: About to register IRQ 37 with handlers: main=c0672d64, thread=c0665584 ***
[   18.876819] *** tx_isp_request_irq: request_threaded_irq returned 0 ***
[   18.876830] *** tx_isp_request_irq: IRQ 37 LEFT ENABLED (working version behavior) ***
[   18.876837] *** tx_isp_request_irq: IRQ 37 registered successfully for isp-m0 ***
[   18.876846] tx_isp_subdev_init: platform_get_resource returned c06b7778 for device isp-m0
[   18.876854] tx_isp_subdev_init: Memory resource found: start=0x13300000, end=0x133fffff, size=0x00100000
[   18.876863] *** tx_isp_subdev_init: Clock initialization deferred until streaming starts ***
[   18.876869] *** tx_isp_subdev_init: Clock count stored: 0 ***
[   18.876877] *** tx_isp_subdev_auto_link: ENTRY - pdev=c06b7690, sd=85426800, ourISPdev=85f70000 ***
[   18.876885] *** tx_isp_subdev_auto_link: Auto-linking device 'isp-m0' to ourISPdev=85f70000 ***
[   18.876891] *** DEBUG: Device name comparison - checking 'isp-m0' ***
[   18.876896] *** DEBUG: About to check device name matches ***
[   18.876902] *** DEBUG: CORE device name matched! Setting up Core device ***
[   18.876908] *** CRITICAL FIX: CORE regs mapped to core device: b3300000 ***
[   18.876915] *** tx_isp_link_core_device: Linking core device 85426800 to ISP device 85f70000 ***
[   18.876921] *** tx_isp_link_core_device: Core device linked successfully ***
[   18.876927] *** Core subdev already registered at slot 1: 85426800 ***
[   18.876934] *** LINKED CORE device: 85426800 ***
[   18.876939] *** CORE SUBDEV REGISTERED AT INDEX 0 ***
[   18.876944] *** tx_isp_core_probe: Core subdev initialized successfully ***
[   18.876951] *** tx_isp_core_device_init: Initializing core device: 85426800 ***
[   18.876962] *** tx_isp_core_device_init: State transitions handled by slake_module ***
[   18.876967] *** tx_isp_core_device_init: Core device initialized successfully ***
[   18.876973] *** tx_isp_core_device_init: Core sensor IOCTL handler set for sensor registration ***
[   18.876981] *** tx_isp_link_core_device: Linking core device 85426800 to ISP device 85f70000 ***
[   18.876986] *** tx_isp_link_core_device: Core device linked successfully ***
[   18.876992] *** Core subdev already registered at slot 1: 85426800 ***
[   18.877005] *** tx_isp_core_probe: Assigned frame_channels=85426000 to core_dev ***
[   18.877011] *** tx_isp_core_probe: VIC device creation deferred to platform driver system ***
[   18.877017] *** tx_isp_core_probe: Platform drivers will call tx_isp_subdev_init for proper initialization ***
[   18.877022] *** tx_isp_core_probe: Calling sensor_early_init ***
[   18.877028] *** tx_isp_core_probe: ISP clock management handled by infrastructure ***
[   18.877033] *** tx_isp_core_probe: ispcore_slake_module will be called when VIC reaches streaming state ***
[   18.877039] *** tx_isp_core_probe: Core device setup complete ***
[   18.877045] ***   - Core device: 85426800 ***
[   18.877050] ***   - Channel count: 6 ***
[   18.877055] ***   - Linked to ISP device: 85f70000 ***
[   18.877061] *** tx_isp_core_probe: Initializing core tuning system ***
[   18.877066] isp_core_tuning_init: Initializing tuning data structure
[   18.877078] isp_core_tuning_init: Tuning data structure initialized at 84d4e000
[   18.877084] isp_core_tuning_init: Structure size: 4116 bytes (vs Binary Ninja 0x40d0)
[   18.877089] *** SAFE: mode_flag properly initialized using struct member access ***
[   18.877104] [tuning] Seeded tuning arrays from tuning_constants.h (first EV=50, last EV=7000)
[   18.877109] *** tx_isp_core_probe: Tuning init SUCCESS ***
[   18.877114] *** tx_isp_core_probe: Set platform driver data ***
[   18.877119] *** tx_isp_core_probe: Set global core device reference ***
[   18.877125] *** tx_isp_core_probe: SUCCESS - Core device fully initialized ***
[   18.877131] ***   - Core device: 85426800 ***
[   18.877136] ***   - Tuning device: 84d4e000 ***
[   18.877141] *** tx_isp_core_probe: Creating frame channel devices ***
[   18.877146] *** tx_isp_create_framechan_devices: Creating frame channel devices ***
[   18.877501] *** Created frame channel device: /dev/framechan0 (major=10, minor=54) ***
[   18.880341] *** Created frame channel device: /dev/framechan1 (major=10, minor=53) ***
[   18.883062] *** Created frame channel device: /dev/framechan2 (major=10, minor=52) ***
[   18.885682] *** Created frame channel device: /dev/framechan3 (major=10, minor=51) ***
[   18.885693] *** tx_isp_create_framechan_devices: All frame channel devices created ***
[   18.885698] *** tx_isp_core_probe: Frame channel devices created successfully ***
[   18.885703] *** tx_isp_core_probe: Creating ISP M0 tuning device node ***
[   18.885709] tisp_code_create_tuning_node: Creating ISP M0 tuning device node
[   18.885718] tisp_code_create_tuning_node: Allocated dynamic major 251
[   18.890947] *** ISP M0 TUNING DEVICE CREATED: /dev/isp-m0 (major=251, minor=0) ***
[   18.890959] *** tx_isp_core_probe: ISP M0 tuning device node created successfully ***
[   18.890964] *** tx_isp_core_probe: Core probe completed successfully ***
[   18.890985] *** Platform device 4 (isp-m0) registered successfully ***
[   18.890991] *** tx_isp_create_graph_and_nodes: Creating /proc/jz/isp entries ***
[   18.891013] *** Created /proc/jz/isp directory ***
[   18.891021] *** PROC ENTRY DEBUG: Using isp_vic_frd_fops for isp-w01 (with ioctl handler) ***
[   18.891030] *** Created /proc/jz/isp/isp-w01 entry with file ops ***
[   18.891037] *** PROC ENTRY DEBUG: Using isp_vic_frd_fops for isp-w00 (with ioctl handler) ***
[   18.891045] *** Created /proc/jz/isp/isp-w00 entry with file ops ***
[   18.891055] *** Created /proc/jz/isp/isp-fs entry with file ops ***
[   18.891063] *** Created /proc/jz/isp/isp-m0 entry with file ops ***
[   18.891069] *** tx_isp_create_graph_and_nodes: Registering misc devices ***
[   18.891075] *** Misc device registration handled via main tx-isp device ***
[   18.891080] *** Misc device registration handled via main tx-isp device ***
[   18.891085] *** Misc device registration handled via main tx-isp device ***
[   18.891090] *** Misc device registration handled via main tx-isp device ***
[   18.891096] *** tx_isp_create_graph_and_nodes: Initializing frame channels ***
[   18.891104] *** Frame channel 0 initialized: 1920x1080, state=2 ***
[   18.891112] *** Frame channel 1 initialized: 640x360, state=2 ***
[   18.891117] *** tx_isp_create_graph_and_nodes: Binary Ninja reference implementation complete ***
[   18.891125] *** tx_isp_module_init: VIC device linkage check - isp_dev->vic_dev = 85426800 ***
[   18.891131] *** ENABLING HARDWARE INTERRUPT GENERATION ***
[   18.891135] *** WRITING VIC INTERRUPT ENABLE REGISTERS ***
[   18.891141] *** EARLY VIC ENABLES (MODULE INIT): SKIPPED 0x1e0/0x1e4 programming to preserve W1C semantics ***
[   18.891147] *** ENABLING ISP CORE INTERRUPT REGISTERS FOR MIPI DATA ***
[   18.891153] *** ISP CORE INTERRUPT REGISTERS ENABLED at legacy(+0xb*) and new(+0x98b*) ***
[   18.891158] *** BOTH VIC AND ISP CORE INTERRUPTS NOW ENABLED! ***
[   18.891163] *** tx_isp_module_init: Binary Ninja reference implementation complete ***
[   18.891169] *** PROBE: Binary Ninja reference implementation complete ***
[   18.893623] *** tx_isp_init: Platform device and driver registered successfully ***
[   18.898167] === gc2053 SENSOR MODULE INIT ===
[   18.900955] gc2053 I2C driver registered, waiting for device creation by ISP
[    0.000000] Initializing cgroup subsys cpu
[    0.000000] Initializing cgroup subsys cpuacct
[    0.000000] Linux version 3.10.14__isvp_swan_1.0__ (buildroot@buildroot) (buildroot-gcc-14.3.0) #1 PREEMPT Thu Aug 28 05:46:40 UTC 2025
[    0.000000] CPU0 RESET ERROR PC:801ADC84
[    0.000000] [<801adc84>] 0x801adc84
[    0.000000] CPU0 revision is: 00d00100 (Ingenic Xburst)
[    0.000000] FPU revision is: 00b70000
[    0.000000] cgu_get_rate, parent = 1392000000, rate = 0, m = 129, n = 255, reg val = 0x081000ff
[    0.000000] cgu_get_rate, parent = 1392000000, rate = 0, m = 129, n = 255, reg val = 0x081000ff
[    0.000000] CCLK:1392MHz L2CLK:696Mhz H0CLK:200MHz H2CLK:200Mhz PCLK:100Mhz
[    0.000000] Determined physical RAM map:
[    0.000000]  memory: 0046a000 @ 00010000 (usable)
[    0.000000]  memory: 00036000 @ 0047a000 (usable after init)
[    0.000000] User-defined physical RAM map:
[    0.000000]  memory: 06300000 @ 00000000 (usable)
[    0.000000] Zone ranges:
[    0.000000]   Normal   [mem 0x00000000-0x062fffff]
[    0.000000] Movable zone start for each node
[    0.000000] Early memory node ranges
[    0.000000]   node   0: [mem 0x00000000-0x062fffff]
[    0.000000] On node 0 totalpages: 25344
[    0.000000] free_area_init_node: node 0, pgdat 80472c40, node_mem_map 81000000
[    0.000000]   Normal zone: 198 pages used for memmap
[    0.000000]   Normal zone: 0 pages reserved
[    0.000000]   Normal zone: 25344 pages, LIFO batch:7
[    0.000000] Primary instruction cache 32kB, 8-way, VIPT, linesize 32 bytes.
[    0.000000] Primary data cache 32kB, 8-way, VIPT, no aliases, linesize 32 bytes
[    0.000000] pls check processor_id[0x00d00100],sc_jz not support!
[    0.000000] MIPS secondary cache 128kB, 8-way, linesize 32 bytes.
[    0.000000] pcpu-alloc: s0 r0 d32768 u32768 alloc=1*32768
[    0.000000] pcpu-alloc: [0] 0 
[    0.000000] Built 1 zonelists in Zone order, mobility grouping off.  Total pages: 25146
[    0.000000] Kernel command line: mem=99M@0x0 rmem=29M@0x6300000 console=ttyS1,115200n8 panic=10 root=/dev/mtdblock4 rootfstype=squashfs init=/init mtdparts=jz_sfc:256k(boot),32k(env),224k(config),1504k(kernel),6304k(rootfs),-(rootfs_data),15872k@0x80000(upgrade),16384k@0(all)
[    0.000000] PID hash table entries: 512 (order: -1, 2048 bytes)
[    0.000000] Dentry cache hash table entries: 16384 (order: 4, 65536 bytes)
[    0.000000] Inode-cache hash table entries: 8192 (order: 3, 32768 bytes)
[    0.000000] Memory: 95008k/101376k available (3766k kernel code, 6368k reserved, 752k data, 216k init, 0k highmem)
[    0.000000] SLUB: HWalign=32, Order=0-3, MinObjects=0, CPUs=1, Nodes=1
[    0.000000] Preemptible hierarchical RCU implementation.
[    0.000000] NR_IRQS:358
[    0.000000] clockevents_config_and_register success.
[    0.000012] Calibrating delay loop... 1391.00 BogoMIPS (lpj=6955008)
[    0.090038] pid_max: default: 32768 minimum: 301
[    0.090196] Mount-cache hash table entries: 512
[    0.090584] Initializing cgroup subsys debug
[    0.090600] Initializing cgroup subsys freezer
[    0.092104] devtmpfs: initialized
[    0.093568] regulator-dummy: no parameters
[    0.093831] NET: Registered protocol family 16
[    0.097227] set gpio strength: 32-2
[    0.097238] set gpio strength: 33-2
[    0.097244] set gpio strength: 34-2
[    0.097250] set gpio strength: 35-2
[    0.097256] set gpio strength: 36-2
[    0.097262] set gpio strength: 37-2
[    0.108124] bio: create slab <bio-0> at 0
[    0.113675] jz-dma jz-dma: JZ SoC DMA initialized
[    0.114822] usbcore: registered new interface driver usbfs
[    0.114982] usbcore: registered new interface driver hub
[    0.115182] usbcore: registered new device driver usb
[    0.115518]  (null): set:249  hold:250 dev=100000000 h=500 l=500
[    0.115846] media: Linux media interface: v0.10
[    0.115994] Linux video capture interface: v2.00
[    0.118008] cfg80211: Calling CRDA to update world regulatory domain
[    0.119091] Switching to clocksource jz_clocksource
[    0.121554] dwc2 otg probe start
[    0.121582] jz-dwc2 jz-dwc2: cgu clk gate get error
[    0.121605] DWC IN OTG MODE
[    0.122372] dwc2 dwc2: Keep PHY ON
[    0.122382] dwc2 dwc2: Using Buffer DMA mode
[    0.122392] dwc2 dwc2: Core Release: 3.00a
[    0.122432] dwc2 dwc2: DesignWare USB2.0 High-Speed Host Controller
[    0.122462] dwc2 dwc2: new USB bus registered, assigned bus number 1
[    0.123458] hub 1-0:1.0: USB hub found
[    0.123491] hub 1-0:1.0: 1 port detected
[    0.123594] dwc2 dwc2: DWC2 Host Initialized
[    0.123937] dwc2 dwc2: enter dwc2_gadget_plug_change:2588: plugin = 1 pullup_on = 0 suspend = 0
[    0.123954] dwc2 otg probe success
[    0.124206] NET: Registered protocol family 2
[    0.124554] TCP established hash table entries: 1024 (order: 1, 8192 bytes)
[    0.124584] TCP bind hash table entries: 1024 (order: 0, 4096 bytes)
[    0.124603] TCP: Hash tables configured (established 1024 bind 1024)
[    0.124648] TCP: reno registered
[    0.124660] UDP hash table entries: 256 (order: 0, 4096 bytes)
[    0.124677] UDP-Lite hash table entries: 256 (order: 0, 4096 bytes)
[    0.124853] NET: Registered protocol family 1
[    0.125140] RPC: Registered named UNIX socket transport module.
[    0.125150] RPC: Registered udp transport module.
[    0.125156] RPC: Registered tcp transport module.
[    0.125160] RPC: Registered tcp NFSv4.1 backchannel transport module.
[    0.125709] freq_udelay_jiffys[0].max_num = 10
[    0.125718] cpufreq 	udelay 	loops_per_jiffy	
[    0.125724] 12000	 59956	 59956	
[    0.125729] 24000	 119913	 119913	
[    0.125734] 60000	 299784	 299784	
[    0.125740] 120000	 599569	 599569	
[    0.125745] 200000	 999282	 999282	
[    0.125751] 300000	 1498924	 1498924	
[    0.125756] 600000	 2997848	 2997848	
[    0.125762] 792000	 3957159	 3957159	
[    0.125768] 1008000	 5036385	 5036385	
[    0.125773] 1200000	 5995696	 5995696	
[    0.136504] squashfs: version 4.0 (2009/01/31) Phillip Lougher
[    0.137706] jffs2: version 2.2. © 2001-2006 Red Hat, Inc.
[    0.138277] msgmni has been set to 185
[    0.139663] io scheduler noop registered
[    0.139698] io scheduler cfq registered (default)
[    0.146328] jz-uart.1: ttyS1 at MMIO 0x10031000 (irq = 58) is a uart1
[    0.224863] dwc2 dwc2: ID PIN CHANGED!
[    0.641762] console [ttyS1] enabled
[    0.646042] logger: created 256K log 'log_main'
[    0.652570] jz TCU driver register completed
[    0.657874] the id code = b4018, the flash name is XT25F128B
[    0.663792] JZ SFC Controller for SFC channel 0 driver register
[    0.669938] 8 cmdlinepart partitions found on MTD device jz_sfc
[    0.676049] Creating 8 MTD partitions on "jz_sfc":
[    0.681143] 0x000000000000-0x000000040000 : "boot"
[    0.687103] 0x000000040000-0x000000048000 : "env"
[    0.693051] 0x000000048000-0x000000080000 : "config"
[    0.699263] 0x000000080000-0x0000001f8000 : "kernel"
[    0.705426] 0x0000001f8000-0x000000820000 : "rootfs"
[    0.711751] 0x000000820000-0x000001000000 : "rootfs_data"
[    0.718331] 0x000000080000-0x000001000000 : "upgrade"
[    0.724682] 0x000000000000-0x000001000000 : "all"
[    0.730676] SPI NOR MTD LOAD OK
[    0.734249] usbcore: registered new interface driver asix
[    0.740109] usbcore: registered new interface driver cdc_ether
[    0.746328] usbcore: registered new interface driver cdc_ncm
[    0.752282] i2c /dev entries driver
[    0.756741] jz-wdt: watchdog initialized
[    0.761473] TCP: cubic registered
[    0.765894] NET: Registered protocol family 10
[    0.771286] NET: Registered protocol family 17
[    0.777067] input: gpio-keys as /devices/platform/gpio-keys/input/input0
[    0.787956] VFS: Mounted root (squashfs filesystem) readonly on device 31:4.
[    0.798325] devtmpfs: mounted
[    0.801787] Freeing unused kernel memory: 216K (8047a000 - 804b0000)
[    1.207822] jffs2: notice: (410) jffs2_build_xattr_subsystem: complete building xattr subsystem, 1 of xdatum (0 unchecked, 0 orphan) and 2 of xref (0 dead, 0 orphan) found.
[    2.138837] jffs2: notice: (422) jffs2_build_xattr_subsystem: complete building xattr subsystem, 0 of xdatum (0 unchecked, 0 orphan) and 0 of xref (0 dead, 0 orphan) found.
[    6.655171] jzmmc_v1.2 jzmmc_v1.2.0: vmmc regulator missing
[    6.657705] jzmmc_v1.2 jzmmc_v1.2.0: register success!
[    6.657763] jzmmc_v1.2 jzmmc_v1.2.1: vmmc regulator missing
[    6.660433] jzmmc_v1.2 jzmmc_v1.2.1: register success!
[    6.777179] exFAT: Version 1.2.9
[    6.818280] usbcore: registered new interface driver usbserial
[    6.838149] usbcore: registered new interface driver ch341
[    6.840648] usbserial: USB Serial support registered for ch341-uart
[    6.855174] usbcore: registered new interface driver cp210x
[    6.857592] usbserial: USB Serial support registered for cp210x
[    6.883189] request spk en gpio 63 ok!
[    6.883200] jz_codec_register: probe() successful!
[    6.883275] cgu_set_rate, parent = 1392000000, rate = 2048000, n = 10875, reg val = 0x01002a7b
[    6.883284] cgu_enable,cgu_i2s_spk reg val = 0x21002a7b
[    6.883301] cgu_set_rate, parent = 1392000000, rate = 2048000, n = 10875, reg val = 0x01002a7b
[    6.883308] cgu_enable,cgu_i2s_mic reg val = 0x21002a7b
[    7.289336] dma dma0chan24: Channel 24 have been requested.(phy id 7,type 0x06 desc a48c4000)
[    7.289622] dma dma0chan25: Channel 25 have been requested.(phy id 6,type 0x06 desc a48b3000)
[    7.289942] dma dma0chan26: Channel 26 have been requested.(phy id 5,type 0x04 desc a489c000)
[    7.319787] @@@@ avpu driver ok(version H20220825a) @@@@@
[    7.356911] input: gpio-keys as /devices/platform/gpio-keys/input/input1
[    7.359352] Additional GPIO keys device registered with 1 buttons
[    7.369363] The version of PWM driver is H20210412a
[    7.380177] pwm-jz pwm-jz: jz_pwm_probe register ok !
[    7.858631] jzmmc_v1.2 jzmmc_v1.2.1: card insert via sysfs
[    7.971581] mmc1: card claims to support voltages below the defined range. These will be ignored.
[    8.029978] mmc1: new SDIO card at address 0001
[    8.248520] RTW: module init start
[    8.248534] RTW: rtl8189fs v5.11.6.0-2-gb9aa73b62.20211117
[    8.248540] RTW: build time: Aug 28 2025 05:46:40
[    8.248766] RTW: == SDIO Card Info ==
[    8.248775] RTW:   card: 84299c00
[    8.248781] RTW:   clock: 24000000 Hz
[    8.248786] RTW:   timing spec: legacy
[    8.248794] RTW:   sd3_bus_mode: FALSE
[    8.248799] RTW:   func num: 1
[    8.248805] RTW:   func1: 848ef300 (*)
[    8.248810] RTW: ================
[    8.278147] RTW: HW EFUSE
[    8.278161] RTW: 0x000: 29 81 03 CC  00 00 50 00  00 00 04 CC  0A 0C 00 00  
[    8.278194] RTW: 0x010: 24 25 26 27  27 27 2C 2C  2E 2E 2E 02  FF FF FF FF  
[    8.278226] RTW: 0x020: FF FF FF FF  FF FF FF FF  FF FF FF FF  FF FF FF FF  
[    8.278259] RTW: 0x030: FF FF FF FF  FF FF FF FF  FF FF FF FF  FF FF FF FF  
[    8.278292] RTW: 0x040: FF FF FF FF  FF FF FF FF  FF FF FF FF  FF FF FF FF  
[    8.278324] RTW: 0x050: FF FF FF FF  FF FF FF FF  FF FF FF FF  FF FF FF FF  
[    8.278357] RTW: 0x060: FF FF FF FF  FF FF FF FF  FF FF FF FF  FF FF FF FF  
[    8.278390] RTW: 0x070: FF FF FF FF  FF FF FF FF  FF FF FF FF  FF FF FF FF  
[    8.278422] RTW: 0x080: FF FF FF FF  FF FF FF FF  FF FF FF FF  FF FF FF FF  
[    8.278455] RTW: 0x090: FF FF FF FF  FF FF FF FF  FF FF FF FF  FF FF FF FF  
[    8.278488] RTW: 0x0A0: FF FF FF FF  FF FF FF FF  FF FF FF FF  FF FF FF FF  
[    8.278520] RTW: 0x0B0: FF FF FF FF  FF FF FF FF  20 1C 1B 00  00 00 00 FF  
[    8.278553] RTW: 0x0C0: FF 12 00 10  00 FF 00 FF  00 00 FF FF  FF FF FF FF  
[    8.278585] RTW: 0x0D0: 3E 10 01 12  23 FF FF FF  20 04 4C 02  79 F1 21 02  
[    8.278617] RTW: 0x0E0: 0C 00 22 04  00 08 00 32  FF 21 02 0C  00 22 2A 01  
[    8.278649] RTW: 0x0F0: 01 00 00 00  00 00 00 00  00 00 00 00  02 00 FF FF  
[    8.278681] RTW: 0x100: 00 00 00 00  00 00 00 00  00 00 00 00  00 00 00 00  
[    8.278712] RTW: 0x110: 00 EB 00 6E  01 00 00 00  00 FF 4C 31  2D 6A D0 0D  
[    8.278744] RTW: 0x120: FF FF FF FF  FF FF FF FF  FF FF FF FF  FF FF FF FF  
[    8.278777] RTW: 0x130: FF FF FF FF  FF FF FF FF  FF FF FF FF  FF FF FF FF  
[    8.278810] RTW: 0x140: FF FF FF FF  FF FF FF FF  FF FF FF FF  FF FF FF FF  
[    8.278842] RTW: 0x150: FF FF FF FF  FF FF FF FF  FF FF FF FF  FF FF FF FF  
[    8.278875] RTW: 0x160: FF FF FF FF  FF FF FF FF  FF FF FF FF  FF FF FF FF  
[    8.278908] RTW: 0x170: FF FF FF FF  FF FF FF FF  FF FF FF FF  FF FF FF FF  
[    8.278940] RTW: 0x180: FF FF FF FF  FF FF FF FF  FF FF FF FF  FF FF FF FF  
[    8.278974] RTW: 0x190: FF FF FF FF  FF FF FF FF  FF FF FF FF  FF FF FF FF  
[    8.279006] RTW: 0x1A0: FF FF FF FF  FF FF FF FF  FF FF FF FF  FF FF FF FF  
[    8.279039] RTW: 0x1B0: FF FF FF FF  FF FF FF FF  FF FF FF FF  FF FF FF FF  
[    8.279072] RTW: 0x1C0: FF FF FF FF  FF FF FF FF  FF FF FF FF  FF FF FF FF  
[    8.279135] RTW: 0x1D0: FF FF FF FF  FF FF FF FF  FF FF FF FF  FF FF FF FF  
[    8.279168] RTW: 0x1E0: FF FF FF FF  FF FF FF FF  FF FF FF FF  FF FF FF FF  
[    8.279201] RTW: 0x1F0: FF FF FF FF  FF FF FF FF  FF FF FF FF  FF FF FF FF  
[    8.279243] RTW: hal_com_config_channel_plan chplan:0x20
[    8.363104] RTW: [RF_PATH] ver_id.RF_TYPE:RF_1T1R
[    8.363118] RTW: [RF_PATH] HALSPEC's rf_reg_trx_path_bmp:0x11, rf_reg_path_avail_num:1, max_tx_cnt:1
[    8.363126] RTW: [RF_PATH] PG's trx_path_bmp:0x00, max_tx_cnt:0
[    8.363132] RTW: [RF_PATH] Registry's trx_path_bmp:0x00, tx_path_lmt:0, rx_path_lmt:0
[    8.363139] RTW: [RF_PATH] HALDATA's trx_path_bmp:0x11, max_tx_cnt:1
[    8.363146] RTW: [RF_PATH] HALDATA's rf_type:RF_1T1R, NumTotalRFPath:1
[    8.363152] RTW: [TRX_Nss] HALSPEC - tx_nss:1, rx_nss:1
[    8.363159] RTW: [TRX_Nss] Registry - tx_nss:0, rx_nss:0
[    8.363165] RTW: [TRX_Nss] HALDATA - tx_nss:1, rx_nss:1
[    8.364388] RTW: rtw_regsty_chk_target_tx_power_valid return _FALSE for band:0, path:0, rs:0, t:-1
[    8.384470] RTW: rtw_ndev_init(wlan0) if1 mac_addr=4c:31:2d:6a:d0:0d
[    8.397738] RTW: rtw_ndev_init(wlan1) if2 mac_addr=4e:31:2d:6a:d0:0d
[    8.413260] RTW: module init ret=0
[    9.041777] RTW: txpath=0x1, rxpath=0x1
[    9.041789] RTW: txpath_1ss:0x1, num:1
[    9.127529] IPv6: ADDRCONF(NETDEV_UP): wlan0: link is not ready
[   10.813144] RTW: rtw_set_802_11_connect(wlan0)  fw_state=0x00000008
[   11.095864] RTW: start auth
[   11.100374] RTW: auth success, start assoc
[   11.105621] RTW: assoc success
[   11.105712] IPv6: ADDRCONF(NETDEV_CHANGE): wlan0: link becomes ready
[   11.107210] RTW: ============ STA [e8:9c:25:02:11:0c]  ===================
[   11.107222] RTW: mac_id : 0
[   11.107227] RTW: wireless_mode : 0x0b
[   11.107232] RTW: mimo_type : 0
[   11.107238] RTW: static smps : N
[   11.107244] RTW: bw_mode : 20MHz, ra_bw_mode : 20MHz
[   11.107250] RTW: rate_id : 3
[   11.107256] RTW: rssi : -1 (%), rssi_level : 0
[   11.107262] RTW: is_support_sgi : Y, is_vht_enable : N
[   11.107268] RTW: disable_ra : N, disable_pt : N
[   11.107273] RTW: is_noisy : N
[   11.107278] RTW: txrx_state : 0
[   11.107285] RTW: curr_tx_rate : CCK_1M (L)
[   11.107290] RTW: curr_tx_bw : 20MHz
[   11.107296] RTW: curr_retry_ratio : 0
[   11.107302] RTW: ra_mask : 0x00000000000fffff
[   11.107302] 
[   11.109408] RTW: recv eapol packet 1/4
[   11.110643] RTW: send eapol packet 2/4
[   11.116098] RTW: recv eapol packet 3/4
[   11.116454] RTW: send eapol packet 4/4
[   11.117632] RTW: set pairwise key camid:0, addr:e8:9c:25:02:11:0c, kid:0, type:AES
[   11.117929] RTW: set group key camid:1, addr:e8:9c:25:02:11:0c, kid:1, type:AES
[   13.883661] codec_codec_ctl: set repaly channel...
[   13.883699] cgu_set_rate, parent = 1392000000, rate = 4096000, n = 10875, reg val = 0x22002a7b
[   13.883706] codec_codec_ctl: set sample rate...
[   13.883792] codec_codec_ctl: set device...
[   14.119173] codec_set_device: set device: speaker...
[   18.841921] *** tx_isp_init: EXACT Binary Ninja MCP reference implementation ***
[   18.844419] *** PROBE: tx_isp_platform_probe CALLED for device tx-isp ***
[   18.844438] *** PROBE: ISP device allocated successfully: 85f70000 ***
[   18.844455] *** PROBE: ISP core registers mapped at 0x13300000 for system_reg_write ***
[   18.844461] *** PROBE: ISP device mutex and spinlock initialized ***
[   18.844468] *** PROBE: Event callback structure initialized at 0x85864280 (offset 0xc from isp_dev) ***
[   18.844478] parse_rmem_bootarg: Found rmem=29M@0x06300000 (size=0x01d00000)
[   18.844520] *** PROBE: Initialized rmem_addr=0x06300000, size=0x01d00000 ***
[   18.844527] *** PROBE: Platform data: c06b7ce0 ***
[   18.844532] *** PROBE: Platform data validation passed ***
[   18.844537] *** REFERENCE DRIVER: Individual subdevices will initialize their own memory regions ***
[   18.844543] *** PLATFORM DEVICES ALREADY REGISTERED IN INIT - SKIPPING DUPLICATE REGISTRATION ***
[   18.844549] *** tx_isp_module_init: EXACT Binary Ninja reference implementation ***
[   18.844554] *** tx_isp_module_init: Registering subdev platform drivers FIRST ***
[   18.844560] *** TX ISP SUBDEV PLATFORM DRIVERS REGISTRATION ***
[   18.856919] All ISP subdev platform drivers registered successfully
[   18.859390] *** tx_isp_create_graph_and_nodes: EXACT Binary Ninja reference implementation ***
[   18.859404] *** Registering platform device 0 from platform data ***
[   18.862177] *** tx_isp_subdev_init: CALLED for device 'isp-w01' ***
[   18.862193] *** tx_isp_subdev_init: pdev=c06b79c8, sd=85426400, ops=c06b7fe0 ***
[   18.862199] *** tx_isp_subdev_init: ourISPdev=85f70000 ***
[   18.862206] *** tx_isp_subdev_init: ops=c06b7fe0, ops->core=c06b8014 ***
[   18.862212] *** tx_isp_subdev_init: ops->core->init=c06698d0 ***
[   18.862219] *** tx_isp_subdev_init: Set sd->dev=c06b79d8, sd->pdev=c06b79c8 ***
[   18.862225] *** tx_isp_subdev_init: CSI subdev registered at slot 0 ***
[   18.862231] tx_isp_module_init: Module initialized for isp-w01
[   18.862237] *** tx_isp_subdev_init: VIC interrupt registration will happen in auto-linking function ***
[   18.862243] *** isp-w01: Skipping IRQ request - device has no IRQ resource ***
[   18.862250] tx_isp_subdev_init: platform_get_resource returned c06b7ab8 for device isp-w01
[   18.862258] tx_isp_subdev_init: Memory resource found: start=0x10023000, end=0x10023fff, size=0x00001000
[   18.862267] *** tx_isp_subdev_init: Clock initialization deferred until streaming starts ***
[   18.862273] *** tx_isp_subdev_init: Clock count stored: 1 ***
[   18.862281] *** tx_isp_subdev_auto_link: ENTRY - pdev=c06b79c8, sd=85426400, ourISPdev=85f70000 ***
[   18.862287] *** tx_isp_subdev_auto_link: Auto-linking device 'isp-w01' to ourISPdev=85f70000 ***
[   18.862293] *** DEBUG: Device name comparison - checking 'isp-w01' ***
[   18.862299] *** DEBUG: About to check device name matches ***
[   18.862305] *** CSI BASIC REGISTERS SET: b0023000 (from tx_isp_subdev_init) ***
[   18.862311] *** LINKED CSI device: 85426400, regs: b0023000 ***
[   18.862317] *** CSI PROBE: Set dev_priv to csi_dev 85426400 AFTER subdev_init ***
[   18.862323] *** CSI PROBE: Set host_priv to csi_dev 85426400 AFTER subdev_init ***
[   18.862330] *** CSI PROBE: csi_regs (offset 0xb8) mapped to: b0023000 ***
[   18.862336] *** CSI PROBE: Testing ISP Core + 0x10000 for CSI shadow registers: b3310000 ***
[   18.862341] *** CSI PROBE: Will verify by checking if writes stick during init ***
[   18.862348] *** CSI PROBE: Device linking handled automatically by tx_isp_subdev_init ***
[   18.862367] *** Platform device 0 (isp-w01) registered successfully ***
[   18.862373] *** Registering platform device 1 from platform data ***
[   18.864747] *** VIC PROBE: IRQ numbers initialized to 38 ***
[   18.864763] *** VIC PROBE: Primary VIC registers mapped at 0x133e0000 -> b33e0000 ***
[   18.864769] *** VIC PROBE: VIC control registers mapped at 0x10023000 -> b0023000 ***
[   18.864775] *** VIC PROBE: Hardware IRQ function pointers set using SAFE struct members (tx_isp_enable/disable_irq) ***
[   18.864782] *** VIC PROBE: Secondary VIC register test - 0x1e0 = 0x00000000 (mapping verified) ***
[   18.864787] *** VIC PROBE: VIC interrupt registers will be configured during tx_isp_vic_start ***
[   18.864793] *** BINARY NINJA MCP: VIC buffer management ENABLED - following reference driver ***
[   18.864799] *** VIC will operate in FULL mode with complete buffer operations ***
[   18.864804] *** BINARY NINJA MCP: VIC full initialization complete - buffer management ENABLED ***
[   18.864811] *** VIC PROBE: Initialized default dimensions 1920x1080 and critical fields ***
[   18.864817] *** VIC PROBE: Event callback structure stored in VIC device field ***
[   18.864823] *** VIC PROBE: Stored vic_dev pointer 85426800 in subdev dev_priv ***
[   18.864829] *** VIC PROBE: Set host_priv to vic_dev 85426800 for Binary Ninja compatibility ***
[   18.864835] *** VIC PROBE: Skipping tx_isp_vic_hw_init - working branch configures interrupts during VIC operations ***
[   18.864843] *** tx_isp_subdev_init: CALLED for device 'isp-w02' ***
[   18.864850] *** tx_isp_subdev_init: pdev=c06b7ad8, sd=85426800, ops=c06b7f60 ***
[   18.864856] *** tx_isp_subdev_init: ourISPdev=85f70000 ***
[   18.864863] *** tx_isp_subdev_init: ops=c06b7f60, ops->core=c06b7f7c ***
[   18.864869] *** tx_isp_subdev_init: ops->core->init=c06808c4 ***
[   18.864876] *** tx_isp_subdev_init: Set sd->dev=c06b7ae8, sd->pdev=c06b7ad8 ***
[   18.864882] *** tx_isp_subdev_init: VIC device linked and registered at slot 1 ***
[   18.864888] tx_isp_module_init: Module initialized for isp-w02
[   18.864894] *** tx_isp_subdev_init: VIC interrupt registration will happen in auto-linking function ***
[   18.864902] *** tx_isp_request_irq: platform_get_irq returned 38 for device isp-w02 ***
[   18.864909] *** tx_isp_request_irq: Using main ISP device as dev_id for IRQ 38 (device: isp-w02) ***
[   18.864919] *** tx_isp_request_irq: About to call request_threaded_irq(irq=38, handler=c0672d64, thread=c0665584, flags=0x80, name=isp-w02, dev_id=85f70000) ***
[   18.864927] *** tx_isp_request_irq: About to register IRQ 38 with handlers: main=c0672d64, thread=c0665584 ***
[   18.867361] *** tx_isp_request_irq: request_threaded_irq returned 0 ***
[   18.867372] *** tx_isp_request_irq: IRQ 38 LEFT ENABLED (working version behavior) ***
[   18.867379] *** tx_isp_request_irq: IRQ 38 registered successfully for isp-w02 ***
[   18.867387] tx_isp_subdev_init: platform_get_resource returned c06b7bd0 for device isp-w02
[   18.867395] tx_isp_subdev_init: Memory resource found: start=0x10023000, end=0x10023fff, size=0x00001000
[   18.867407] tx_isp_subdev_init: request_mem_region failed for isp-w02 (0x10023000-0x10023fff)
[   18.867413] The parameter is invalid!
[   18.867424] CPU: 0 PID: 2100 Comm: insmod Tainted: G           O 3.10.14__isvp_swan_1.0__ #1
[   18.867430] Stack : 00000000 00000000 00000000 00000000 00000000 00000000 00000000 00000000
[   18.867430] 	  00000000 00000000 00000000 00000000 00000000 00000000 00000000 00000000
[   18.867430] 	  00000000 00000000 00000000 00000000 00000000 00000000 00000000 00000000
[   18.867430] 	  00000000 00000000 00000000 00000000 00000000 00000000 00000000 00000000
[   18.867430] 	  00000000 00000000 00000000 00000000 00000000 00000000 00000000 85bf79f0
[   18.867430] 	  ...
[   18.867505] Call Trace:[<8001f744>] 0x8001f744
[   18.867518] [<8001f744>] 0x8001f744
[   18.867525] [<c0666528>] 0xc0666528
[   18.867532] [<803b462c>] 0x803b462c
[   18.867538] [<c067f024>] 0xc067f024
[   18.867545] [<803b462c>] 0x803b462c
[   18.867551] [<801ae080>] 0x801ae080
[   18.867557] [<c0669448>] 0xc0669448
[   18.867564] [<801e91bc>] 0x801e91bc
[   18.867570] [<803b152c>] 0x803b152c
[   18.867577] [<801e92c0>] 0x801e92c0
[   18.867583] [<801e7104>] 0x801e7104
[   18.867589] [<803baac8>] 0x803baac8
[   18.867596] [<801e8f14>] 0x801e8f14
[   18.867602] [<801a45d0>] 0x801a45d0
[   18.867609] [<801e8288>] 0x801e8288
[   18.867615] [<801e6608>] 0x801e6608
[   18.867622] [<8003ff84>] 0x8003ff84
[   18.867629] [<801eae24>] 0x801eae24
[   18.867635] [<801ea748>] 0x801ea748
[   18.867641] [<801ea8b0>] 0x801ea8b0
[   18.867647] [<803b462c>] 0x803b462c
[   18.867654] [<c06733bc>] 0xc06733bc
[   18.867661] [<801e4524>] 0x801e4524
[   18.867667] [<803b462c>] 0x803b462c
[   18.867673] [<c0673b08>] 0xc0673b08
[   18.867681] [<801e91bc>] 0x801e91bc
[   18.867687] [<801e762c>] 0x801e762c
[   18.867693] [<803b152c>] 0x803b152c
[   18.867699] [<803baac8>] 0x803baac8
[   18.867705] [<801e9378>] 0x801e9378
[   18.867711] [<801e6fac>] 0x801e6fac
[   18.867718] [<801e9324>] 0x801e9324
[   18.867723] [<801e7050>] 0x801e7050
[   18.867731] [<801e8610>] 0x801e8610
[   18.867737] [<801e9704>] 0x801e9704
[   18.867743] [<803b462c>] 0x803b462c
[   18.867749] [<801e97f8>] 0x801e97f8
[   18.867755] [<801ea748>] 0x801ea748
[   18.867761] [<c0666804>] 0xc0666804
[   18.867768] [<803b462c>] 0x803b462c
[   18.867774] [<c0673130>] 0xc0673130
[   18.867781] [<c06730c4>] 0xc06730c4
[   18.867787] [<800105a4>] 0x800105a4
[   18.867793] [<8005e5c4>] 0x8005e5c4
[   18.867800] [<8007b7a8>] 0x8007b7a8
[   18.867807] [<801be95c>] 0x801be95c
[   18.867821] [<8007bb5c>] 0x8007bb5c
[   18.867831] [<800224bc>] 0x800224bc
[   18.867839] [<800da544>] 0x800da544
[   18.867845] 
[   18.867868] tx_isp_free_irq: IRQ freed
[   18.867874] tx_isp_module_deinit: Module deinitialized
[   18.867881] Failed to init isp module(131072.394)
[   18.867890] CPU: 0 PID: 2100 Comm: insmod Tainted: G           O 3.10.14__isvp_swan_1.0__ #1
[   18.867895] Stack : 00000000 00000000 00000000 00000000 00000000 00000000 00000000 00000000
[   18.867895] 	  00000000 00000000 00000000 00000000 00000000 00000000 00000000 00000000
[   18.867895] 	  00000000 00000000 00000000 00000000 00000000 00000000 00000000 00000000
[   18.867895] 	  00000000 00000000 00000000 00000000 00000000 00000000 00000000 00000000
[   18.867895] 	  00000000 00000000 00000000 00000000 00000000 00000000 00000000 85bf7a28
[   18.867895] 	  ...
[   18.867968] Call Trace:[<8001f744>] 0x8001f744
[   18.867979] [<8001f744>] 0x8001f744
[   18.867986] [<c0666528>] 0xc0666528
[   18.867993] [<803b462c>] 0x803b462c
[   18.867999] [<c0669478>] 0xc0669478
[   18.868006] [<801e91bc>] 0x801e91bc
[   18.868012] [<803b152c>] 0x803b152c
[   18.868019] [<801e92c0>] 0x801e92c0
[   18.868025] [<801e7104>] 0x801e7104
[   18.868031] [<803baac8>] 0x803baac8
[   18.868037] [<801e8f14>] 0x801e8f14
[   18.868044] [<801a45d0>] 0x801a45d0
[   18.868050] [<801e8288>] 0x801e8288
[   18.868057] [<801e6608>] 0x801e6608
[   18.868063] [<8003ff84>] 0x8003ff84
[   18.868071] [<801eae24>] 0x801eae24
[   18.868077] [<801ea748>] 0x801ea748
[   18.868083] [<801ea8b0>] 0x801ea8b0
[   18.868089] [<803b462c>] 0x803b462c
[   18.868095] [<c06733bc>] 0xc06733bc
[   18.868102] [<801e4524>] 0x801e4524
[   18.868108] [<803b462c>] 0x803b462c
[   18.868115] [<c0673b08>] 0xc0673b08
[   18.868122] [<801e91bc>] 0x801e91bc
[   18.868128] [<801e762c>] 0x801e762c
[   18.868134] [<803b152c>] 0x803b152c
[   18.868140] [<803baac8>] 0x803baac8
[   18.868147] [<801e9378>] 0x801e9378
[   18.868153] [<801e6fac>] 0x801e6fac
[   18.868159] [<801e9324>] 0x801e9324
[   18.868165] [<801e7050>] 0x801e7050
[   18.868172] [<801e8610>] 0x801e8610
[   18.868178] [<801e9704>] 0x801e9704
[   18.868184] [<803b462c>] 0x803b462c
[   18.868191] [<801e97f8>] 0x801e97f8
[   18.868197] [<801ea748>] 0x801ea748
[   18.868203] [<c0666804>] 0xc0666804
[   18.868209] [<803b462c>] 0x803b462c
[   18.868215] [<c0673130>] 0xc0673130
[   18.868222] [<c06730c4>] 0xc06730c4
[   18.868228] [<800105a4>] 0x800105a4
[   18.868235] [<8005e5c4>] 0x8005e5c4
[   18.868241] [<8007b7a8>] 0x8007b7a8
[   18.868248] [<801be95c>] 0x801be95c
[   18.868259] [<8007bb5c>] 0x8007bb5c
[   18.868269] [<800224bc>] 0x800224bc
[   18.868275] [<800da544>] 0x800da544
[   18.868283] 
[   18.868300] isp-w02: probe of isp-w02 failed with error -14
[   18.868315] *** Platform device 1 (isp-w02) registered successfully ***
[   18.868321] *** Registering platform device 2 from platform data ***
[   18.868691] *** VIN PROBE: VIN registers mapped to ISP Core: b3300000 (0x13300000) ***
[   18.868703] *** tx_isp_subdev_init: CALLED for device 'isp-w00' ***
[   18.868711] *** tx_isp_subdev_init: pdev=c06b78f0, sd=85fa7000, ops=c06b8e54 ***
[   18.868717] *** tx_isp_subdev_init: ourISPdev=85f70000 ***
[   18.868724] *** tx_isp_subdev_init: ops=c06b8e54, ops->core=c06b8e74 ***
[   18.868730] *** tx_isp_subdev_init: ops->core->init=c068da40 ***
[   18.868737] *** tx_isp_subdev_init: Set sd->dev=c06b7900, sd->pdev=c06b78f0 ***
[   18.868743] *** tx_isp_subdev_init: NOT A SENSOR - ops=c06b8e54 ***
[   18.868750] *** tx_isp_subdev_init: ops->sensor=  (null), csi_subdev_ops=c06b7fe0 ***
[   18.868756] tx_isp_module_init: Module initialized for isp-w00
[   18.868761] *** tx_isp_subdev_init: VIC interrupt registration will happen in auto-linking function ***
[   18.868770] *** tx_isp_subdev_auto_link: ENTRY - pdev=c06b78f0, sd=85fa7000, ourISPdev=85f70000 ***
[   18.868777] *** tx_isp_subdev_auto_link: Auto-linking device 'isp-w00' to ourISPdev=85f70000 ***
[   18.868783] *** DEBUG: Device name comparison - checking 'isp-w00' ***
[   18.868788] *** DEBUG: About to check device name matches ***
[   18.868793] *** DEBUG: VIN device name matched! Setting up VIN device ***
[   18.868799] *** LINKED VIN device: 85fa7000 ***
[   18.868807] *** VIN SUBDEV OPS CONFIGURED: core=c06b8e74, video=c06b8e68, s_stream=c068dd04 ***
[   18.868813] *** REGISTERED VIN SUBDEV AT SLOT 2 WITH VIDEO OPS ***
[   18.868819] *** VIN PROBE: Set dev_priv to vin_dev 85fa7000 AFTER subdev_init ***
[   18.868825] *** VIN PROBE: Device linking handled automatically by tx_isp_subdev_init ***
[   18.868845] *** Platform device 2 (isp-w00) registered successfully ***
[   18.868851] *** Registering platform device 3 from platform data ***
[   18.871602] *** tx_isp_subdev_init: CALLED for device 'isp-fs' ***
[   18.871617] *** tx_isp_subdev_init: pdev=c06b77b0, sd=85fa7400, ops=c06b8094 ***
[   18.871623] *** tx_isp_subdev_init: ourISPdev=85f70000 ***
[   18.871629] *** tx_isp_subdev_init: ops=c06b8094, ops->core=c06bef3c ***
[   18.871635] *** tx_isp_subdev_init: WARNING - ops->core->init is NULL! ***
[   18.871642] *** tx_isp_subdev_init: Set sd->dev=c06b77c0, sd->pdev=c06b77b0 ***
[   18.871648] *** tx_isp_subdev_init: NOT A SENSOR - ops=c06b8094 ***
[   18.871655] *** tx_isp_subdev_init: ops->sensor=c06bef30, csi_subdev_ops=c06b7fe0 ***
[   18.871661] tx_isp_module_init: Module initialized for isp-fs
[   18.871667] *** tx_isp_subdev_init: VIC interrupt registration will happen in auto-linking function ***
[   18.871673] *** isp-fs: Skipping IRQ request - device has no IRQ resource ***
[   18.871680] tx_isp_subdev_init: platform_get_resource returned   (null) for device isp-fs
[   18.871686] tx_isp_subdev_init: No memory resource for device isp-fs (logical device - OK)
[   18.871693] *** FS PROBE: Set dev_priv to fs_dev 85fa7400 AFTER subdev_init ***
[   18.871699] *** FS PROBE: Device linking handled automatically by tx_isp_subdev_auto_link() ***
[   18.871718] *** Platform device 3 (isp-fs) registered successfully ***
[   18.871725] *** Registering platform device 4 from platform data ***
[   18.874417] *** tx_isp_core_probe: NEW ARCHITECTURE - Creating separate core device ***
[   18.874431] *** tx_isp_create_core_device: Creating ISP core device ***
[   18.874441] *** tx_isp_create_core_device: Core device created successfully: 85426800 ***
[   18.874447] *** CORE PROBE: Set dev_priv to core_dev 85426800 ***
[   18.874453] *** CORE PROBE: Set host_priv to core_dev 85426800 - PREVENTS BadVA CRASH ***
[   18.874460] *** tx_isp_subdev_init: CALLED for device 'isp-m0' ***
[   18.874467] *** tx_isp_subdev_init: pdev=c06b7690, sd=85426800, ops=c06b7d98 ***
[   18.874473] *** tx_isp_subdev_init: ourISPdev=85f70000 ***
[   18.874480] *** tx_isp_subdev_init: ops=c06b7d98, ops->core=c06b7dc4 ***
[   18.874486] *** tx_isp_subdev_init: ops->core->init=c067d21c ***
[   18.874493] *** tx_isp_subdev_init: Set sd->dev=c06b76a0, sd->pdev=c06b7690 ***
[   18.874499] *** tx_isp_subdev_init: Core ISP subdev registered at slot 3 ***
[   18.874505] tx_isp_module_init: Module initialized for isp-m0
[   18.874511] *** tx_isp_subdev_init: VIC interrupt registration will happen in auto-linking function ***
[   18.874519] *** tx_isp_request_irq: platform_get_irq returned 37 for device isp-m0 ***
[   18.874526] *** tx_isp_request_irq: Using main ISP device as dev_id for IRQ 37 (device: isp-m0) ***
[   18.874535] *** tx_isp_request_irq: About to call request_threaded_irq(irq=37, handler=c0672d64, thread=c0665584, flags=0x80, name=isp-m0, dev_id=85f70000) ***
[   18.874544] *** tx_isp_request_irq: About to register IRQ 37 with handlers: main=c0672d64, thread=c0665584 ***
[   18.876819] *** tx_isp_request_irq: request_threaded_irq returned 0 ***
[   18.876830] *** tx_isp_request_irq: IRQ 37 LEFT ENABLED (working version behavior) ***
[   18.876837] *** tx_isp_request_irq: IRQ 37 registered successfully for isp-m0 ***
[   18.876846] tx_isp_subdev_init: platform_get_resource returned c06b7778 for device isp-m0
[   18.876854] tx_isp_subdev_init: Memory resource found: start=0x13300000, end=0x133fffff, size=0x00100000
[   18.876863] *** tx_isp_subdev_init: Clock initialization deferred until streaming starts ***
[   18.876869] *** tx_isp_subdev_init: Clock count stored: 0 ***
[   18.876877] *** tx_isp_subdev_auto_link: ENTRY - pdev=c06b7690, sd=85426800, ourISPdev=85f70000 ***
[   18.876885] *** tx_isp_subdev_auto_link: Auto-linking device 'isp-m0' to ourISPdev=85f70000 ***
[   18.876891] *** DEBUG: Device name comparison - checking 'isp-m0' ***
[   18.876896] *** DEBUG: About to check device name matches ***
[   18.876902] *** DEBUG: CORE device name matched! Setting up Core device ***
[   18.876908] *** CRITICAL FIX: CORE regs mapped to core device: b3300000 ***
[   18.876915] *** tx_isp_link_core_device: Linking core device 85426800 to ISP device 85f70000 ***
[   18.876921] *** tx_isp_link_core_device: Core device linked successfully ***
[   18.876927] *** Core subdev already registered at slot 1: 85426800 ***
[   18.876934] *** LINKED CORE device: 85426800 ***
[   18.876939] *** CORE SUBDEV REGISTERED AT INDEX 0 ***
[   18.876944] *** tx_isp_core_probe: Core subdev initialized successfully ***
[   18.876951] *** tx_isp_core_device_init: Initializing core device: 85426800 ***
[   18.876962] *** tx_isp_core_device_init: State transitions handled by slake_module ***
[   18.876967] *** tx_isp_core_device_init: Core device initialized successfully ***
[   18.876973] *** tx_isp_core_device_init: Core sensor IOCTL handler set for sensor registration ***
[   18.876981] *** tx_isp_link_core_device: Linking core device 85426800 to ISP device 85f70000 ***
[   18.876986] *** tx_isp_link_core_device: Core device linked successfully ***
[   18.876992] *** Core subdev already registered at slot 1: 85426800 ***
[   18.877005] *** tx_isp_core_probe: Assigned frame_channels=85426000 to core_dev ***
[   18.877011] *** tx_isp_core_probe: VIC device creation deferred to platform driver system ***
[   18.877017] *** tx_isp_core_probe: Platform drivers will call tx_isp_subdev_init for proper initialization ***
[   18.877022] *** tx_isp_core_probe: Calling sensor_early_init ***
[   18.877028] *** tx_isp_core_probe: ISP clock management handled by infrastructure ***
[   18.877033] *** tx_isp_core_probe: ispcore_slake_module will be called when VIC reaches streaming state ***
[   18.877039] *** tx_isp_core_probe: Core device setup complete ***
[   18.877045] ***   - Core device: 85426800 ***
[   18.877050] ***   - Channel count: 6 ***
[   18.877055] ***   - Linked to ISP device: 85f70000 ***
[   18.877061] *** tx_isp_core_probe: Initializing core tuning system ***
[   18.877066] isp_core_tuning_init: Initializing tuning data structure
[   18.877078] isp_core_tuning_init: Tuning data structure initialized at 84d4e000
[   18.877084] isp_core_tuning_init: Structure size: 4116 bytes (vs Binary Ninja 0x40d0)
[   18.877089] *** SAFE: mode_flag properly initialized using struct member access ***
[   18.877104] [tuning] Seeded tuning arrays from tuning_constants.h (first EV=50, last EV=7000)
[   18.877109] *** tx_isp_core_probe: Tuning init SUCCESS ***
[   18.877114] *** tx_isp_core_probe: Set platform driver data ***
[   18.877119] *** tx_isp_core_probe: Set global core device reference ***
[   18.877125] *** tx_isp_core_probe: SUCCESS - Core device fully initialized ***
[   18.877131] ***   - Core device: 85426800 ***
[   18.877136] ***   - Tuning device: 84d4e000 ***
[   18.877141] *** tx_isp_core_probe: Creating frame channel devices ***
[   18.877146] *** tx_isp_create_framechan_devices: Creating frame channel devices ***
[   18.877501] *** Created frame channel device: /dev/framechan0 (major=10, minor=54) ***
[   18.880341] *** Created frame channel device: /dev/framechan1 (major=10, minor=53) ***
[   18.883062] *** Created frame channel device: /dev/framechan2 (major=10, minor=52) ***
[   18.885682] *** Created frame channel device: /dev/framechan3 (major=10, minor=51) ***
[   18.885693] *** tx_isp_create_framechan_devices: All frame channel devices created ***
[   18.885698] *** tx_isp_core_probe: Frame channel devices created successfully ***
[   18.885703] *** tx_isp_core_probe: Creating ISP M0 tuning device node ***
[   18.885709] tisp_code_create_tuning_node: Creating ISP M0 tuning device node
[   18.885718] tisp_code_create_tuning_node: Allocated dynamic major 251
[   18.890947] *** ISP M0 TUNING DEVICE CREATED: /dev/isp-m0 (major=251, minor=0) ***
[   18.890959] *** tx_isp_core_probe: ISP M0 tuning device node created successfully ***
[   18.890964] *** tx_isp_core_probe: Core probe completed successfully ***
[   18.890985] *** Platform device 4 (isp-m0) registered successfully ***
[   18.890991] *** tx_isp_create_graph_and_nodes: Creating /proc/jz/isp entries ***
[   18.891013] *** Created /proc/jz/isp directory ***
[   18.891021] *** PROC ENTRY DEBUG: Using isp_vic_frd_fops for isp-w01 (with ioctl handler) ***
[   18.891030] *** Created /proc/jz/isp/isp-w01 entry with file ops ***
[   18.891037] *** PROC ENTRY DEBUG: Using isp_vic_frd_fops for isp-w00 (with ioctl handler) ***
[   18.891045] *** Created /proc/jz/isp/isp-w00 entry with file ops ***
[   18.891055] *** Created /proc/jz/isp/isp-fs entry with file ops ***
[   18.891063] *** Created /proc/jz/isp/isp-m0 entry with file ops ***
[   18.891069] *** tx_isp_create_graph_and_nodes: Registering misc devices ***
[   18.891075] *** Misc device registration handled via main tx-isp device ***
[   18.891080] *** Misc device registration handled via main tx-isp device ***
[   18.891085] *** Misc device registration handled via main tx-isp device ***
[   18.891090] *** Misc device registration handled via main tx-isp device ***
[   18.891096] *** tx_isp_create_graph_and_nodes: Initializing frame channels ***
[   18.891104] *** Frame channel 0 initialized: 1920x1080, state=2 ***
[   18.891112] *** Frame channel 1 initialized: 640x360, state=2 ***
[   18.891117] *** tx_isp_create_graph_and_nodes: Binary Ninja reference implementation complete ***
[   18.891125] *** tx_isp_module_init: VIC device linkage check - isp_dev->vic_dev = 85426800 ***
[   18.891131] *** ENABLING HARDWARE INTERRUPT GENERATION ***
[   18.891135] *** WRITING VIC INTERRUPT ENABLE REGISTERS ***
[   18.891141] *** EARLY VIC ENABLES (MODULE INIT): SKIPPED 0x1e0/0x1e4 programming to preserve W1C semantics ***
[   18.891147] *** ENABLING ISP CORE INTERRUPT REGISTERS FOR MIPI DATA ***
[   18.891153] *** ISP CORE INTERRUPT REGISTERS ENABLED at legacy(+0xb*) and new(+0x98b*) ***
[   18.891158] *** BOTH VIC AND ISP CORE INTERRUPTS NOW ENABLED! ***
[   18.891163] *** tx_isp_module_init: Binary Ninja reference implementation complete ***
[   18.891169] *** PROBE: Binary Ninja reference implementation complete ***
[   18.893623] *** tx_isp_init: Platform device and driver registered successfully ***
[   18.898167] === gc2053 SENSOR MODULE INIT ===
[   18.900955] gc2053 I2C driver registered, waiting for device creation by ISP
[   19.829735] ISP opened successfully
[   19.830051] ISP IOCTL: cmd=0x805056c1 arg=0x77b58d60
[   19.830065] subdev_sensor_ops_ioctl: cmd=0x2000000
[   19.830071] *** subdev_sensor_ops_ioctl: IOCTL 0x2000000 - Creating I2C sensor device ***
[   19.830077] *** Creating I2C sensor device on adapter 0 ***
[   19.830086] *** Creating I2C device: gc2053 at 0x37 ***
[   19.830091] *** isp_i2c_new_subdev_board: MIPS-SAFE implementation - FIXED CRASH ***
[   19.830099] Creating I2C subdev: type=gc2053 addr=0x37 on adapter i2c0 (MIPS-safe)
[   19.830105] *** MIPS-SAFE: Requesting sensor module gc2053 ***
[   19.841927] *** MIPS-SAFE: Valid I2C address 0x37, creating device ***
[   19.842230] === GC2053 SENSOR PROBE START ===
[   19.842245] sensor_probe: client=8542d400, addr=0x37, adapter=84074c10 (i2c0)
[   19.842251] === PERFORMING GPIO RESET SEQUENCE BEFORE I2C ===
[   19.842257] Requesting reset GPIO 18
[   19.842265] GPIO reset sequence: HIGH -> LOW -> HIGH
[    0.000000] Initializing cgroup subsys cpu
[    0.000000] Initializing cgroup subsys cpuacct
[    0.000000] Linux version 3.10.14__isvp_swan_1.0__ (buildroot@buildroot) (buildroot-gcc-14.3.0) #1 PREEMPT Thu Aug 28 05:46:40 UTC 2025
[    0.000000] CPU0 RESET ERROR PC:801ADC84
[    0.000000] [<801adc84>] 0x801adc84
[    0.000000] CPU0 revision is: 00d00100 (Ingenic Xburst)
[    0.000000] FPU revision is: 00b70000
[    0.000000] cgu_get_rate, parent = 1392000000, rate = 0, m = 129, n = 255, reg val = 0x081000ff
[    0.000000] cgu_get_rate, parent = 1392000000, rate = 0, m = 129, n = 255, reg val = 0x081000ff
[    0.000000] CCLK:1392MHz L2CLK:696Mhz H0CLK:200MHz H2CLK:200Mhz PCLK:100Mhz
[    0.000000] Determined physical RAM map:
[    0.000000]  memory: 0046a000 @ 00010000 (usable)
[    0.000000]  memory: 00036000 @ 0047a000 (usable after init)
[    0.000000] User-defined physical RAM map:
[    0.000000]  memory: 06300000 @ 00000000 (usable)
[    0.000000] Zone ranges:
[    0.000000]   Normal   [mem 0x00000000-0x062fffff]
[    0.000000] Movable zone start for each node
[    0.000000] Early memory node ranges
[    0.000000]   node   0: [mem 0x00000000-0x062fffff]
[    0.000000] On node 0 totalpages: 25344
[    0.000000] free_area_init_node: node 0, pgdat 80472c40, node_mem_map 81000000
[    0.000000]   Normal zone: 198 pages used for memmap
[    0.000000]   Normal zone: 0 pages reserved
[    0.000000]   Normal zone: 25344 pages, LIFO batch:7
[    0.000000] Primary instruction cache 32kB, 8-way, VIPT, linesize 32 bytes.
[    0.000000] Primary data cache 32kB, 8-way, VIPT, no aliases, linesize 32 bytes
[    0.000000] pls check processor_id[0x00d00100],sc_jz not support!
[    0.000000] MIPS secondary cache 128kB, 8-way, linesize 32 bytes.
[    0.000000] pcpu-alloc: s0 r0 d32768 u32768 alloc=1*32768
[    0.000000] pcpu-alloc: [0] 0 
[    0.000000] Built 1 zonelists in Zone order, mobility grouping off.  Total pages: 25146
[    0.000000] Kernel command line: mem=99M@0x0 rmem=29M@0x6300000 console=ttyS1,115200n8 panic=10 root=/dev/mtdblock4 rootfstype=squashfs init=/init mtdparts=jz_sfc:256k(boot),32k(env),224k(config),1504k(kernel),6304k(rootfs),-(rootfs_data),15872k@0x80000(upgrade),16384k@0(all)
[    0.000000] PID hash table entries: 512 (order: -1, 2048 bytes)
[    0.000000] Dentry cache hash table entries: 16384 (order: 4, 65536 bytes)
[    0.000000] Inode-cache hash table entries: 8192 (order: 3, 32768 bytes)
[    0.000000] Memory: 95008k/101376k available (3766k kernel code, 6368k reserved, 752k data, 216k init, 0k highmem)
[    0.000000] SLUB: HWalign=32, Order=0-3, MinObjects=0, CPUs=1, Nodes=1
[    0.000000] Preemptible hierarchical RCU implementation.
[    0.000000] NR_IRQS:358
[    0.000000] clockevents_config_and_register success.
[    0.000012] Calibrating delay loop... 1391.00 BogoMIPS (lpj=6955008)
[    0.090038] pid_max: default: 32768 minimum: 301
[    0.090196] Mount-cache hash table entries: 512
[    0.090584] Initializing cgroup subsys debug
[    0.090600] Initializing cgroup subsys freezer
[    0.092104] devtmpfs: initialized
[    0.093568] regulator-dummy: no parameters
[    0.093831] NET: Registered protocol family 16
[    0.097227] set gpio strength: 32-2
[    0.097238] set gpio strength: 33-2
[    0.097244] set gpio strength: 34-2
[    0.097250] set gpio strength: 35-2
[    0.097256] set gpio strength: 36-2
[    0.097262] set gpio strength: 37-2
[    0.108124] bio: create slab <bio-0> at 0
[    0.113675] jz-dma jz-dma: JZ SoC DMA initialized
[    0.114822] usbcore: registered new interface driver usbfs
[    0.114982] usbcore: registered new interface driver hub
[    0.115182] usbcore: registered new device driver usb
[    0.115518]  (null): set:249  hold:250 dev=100000000 h=500 l=500
[    0.115846] media: Linux media interface: v0.10
[    0.115994] Linux video capture interface: v2.00
[    0.118008] cfg80211: Calling CRDA to update world regulatory domain
[    0.119091] Switching to clocksource jz_clocksource
[    0.121554] dwc2 otg probe start
[    0.121582] jz-dwc2 jz-dwc2: cgu clk gate get error
[    0.121605] DWC IN OTG MODE
[    0.122372] dwc2 dwc2: Keep PHY ON
[    0.122382] dwc2 dwc2: Using Buffer DMA mode
[    0.122392] dwc2 dwc2: Core Release: 3.00a
[    0.122432] dwc2 dwc2: DesignWare USB2.0 High-Speed Host Controller
[    0.122462] dwc2 dwc2: new USB bus registered, assigned bus number 1
[    0.123458] hub 1-0:1.0: USB hub found
[    0.123491] hub 1-0:1.0: 1 port detected
[    0.123594] dwc2 dwc2: DWC2 Host Initialized
[    0.123937] dwc2 dwc2: enter dwc2_gadget_plug_change:2588: plugin = 1 pullup_on = 0 suspend = 0
[    0.123954] dwc2 otg probe success
[    0.124206] NET: Registered protocol family 2
[    0.124554] TCP established hash table entries: 1024 (order: 1, 8192 bytes)
[    0.124584] TCP bind hash table entries: 1024 (order: 0, 4096 bytes)
[    0.124603] TCP: Hash tables configured (established 1024 bind 1024)
[    0.124648] TCP: reno registered
[    0.124660] UDP hash table entries: 256 (order: 0, 4096 bytes)
[    0.124677] UDP-Lite hash table entries: 256 (order: 0, 4096 bytes)
[    0.124853] NET: Registered protocol family 1
[    0.125140] RPC: Registered named UNIX socket transport module.
[    0.125150] RPC: Registered udp transport module.
[    0.125156] RPC: Registered tcp transport module.
[    0.125160] RPC: Registered tcp NFSv4.1 backchannel transport module.
[    0.125709] freq_udelay_jiffys[0].max_num = 10
[    0.125718] cpufreq 	udelay 	loops_per_jiffy	
[    0.125724] 12000	 59956	 59956	
[    0.125729] 24000	 119913	 119913	
[    0.125734] 60000	 299784	 299784	
[    0.125740] 120000	 599569	 599569	
[    0.125745] 200000	 999282	 999282	
[    0.125751] 300000	 1498924	 1498924	
[    0.125756] 600000	 2997848	 2997848	
[    0.125762] 792000	 3957159	 3957159	
[    0.125768] 1008000	 5036385	 5036385	
[    0.125773] 1200000	 5995696	 5995696	
[    0.136504] squashfs: version 4.0 (2009/01/31) Phillip Lougher
[    0.137706] jffs2: version 2.2. © 2001-2006 Red Hat, Inc.
[    0.138277] msgmni has been set to 185
[    0.139663] io scheduler noop registered
[    0.139698] io scheduler cfq registered (default)
[    0.146328] jz-uart.1: ttyS1 at MMIO 0x10031000 (irq = 58) is a uart1
[    0.224863] dwc2 dwc2: ID PIN CHANGED!
[    0.641762] console [ttyS1] enabled
[    0.646042] logger: created 256K log 'log_main'
[    0.652570] jz TCU driver register completed
[    0.657874] the id code = b4018, the flash name is XT25F128B
[    0.663792] JZ SFC Controller for SFC channel 0 driver register
[    0.669938] 8 cmdlinepart partitions found on MTD device jz_sfc
[    0.676049] Creating 8 MTD partitions on "jz_sfc":
[    0.681143] 0x000000000000-0x000000040000 : "boot"
[    0.687103] 0x000000040000-0x000000048000 : "env"
[    0.693051] 0x000000048000-0x000000080000 : "config"
[    0.699263] 0x000000080000-0x0000001f8000 : "kernel"
[    0.705426] 0x0000001f8000-0x000000820000 : "rootfs"
[    0.711751] 0x000000820000-0x000001000000 : "rootfs_data"
[    0.718331] 0x000000080000-0x000001000000 : "upgrade"
[    0.724682] 0x000000000000-0x000001000000 : "all"
[    0.730676] SPI NOR MTD LOAD OK
[    0.734249] usbcore: registered new interface driver asix
[    0.740109] usbcore: registered new interface driver cdc_ether
[    0.746328] usbcore: registered new interface driver cdc_ncm
[    0.752282] i2c /dev entries driver
[    0.756741] jz-wdt: watchdog initialized
[    0.761473] TCP: cubic registered
[    0.765894] NET: Registered protocol family 10
[    0.771286] NET: Registered protocol family 17
[    0.777067] input: gpio-keys as /devices/platform/gpio-keys/input/input0
[    0.787956] VFS: Mounted root (squashfs filesystem) readonly on device 31:4.
[    0.798325] devtmpfs: mounted
[    0.801787] Freeing unused kernel memory: 216K (8047a000 - 804b0000)
[    1.207822] jffs2: notice: (410) jffs2_build_xattr_subsystem: complete building xattr subsystem, 1 of xdatum (0 unchecked, 0 orphan) and 2 of xref (0 dead, 0 orphan) found.
[    2.138837] jffs2: notice: (422) jffs2_build_xattr_subsystem: complete building xattr subsystem, 0 of xdatum (0 unchecked, 0 orphan) and 0 of xref (0 dead, 0 orphan) found.
[    6.655171] jzmmc_v1.2 jzmmc_v1.2.0: vmmc regulator missing
[    6.657705] jzmmc_v1.2 jzmmc_v1.2.0: register success!
[    6.657763] jzmmc_v1.2 jzmmc_v1.2.1: vmmc regulator missing
[    6.660433] jzmmc_v1.2 jzmmc_v1.2.1: register success!
[    6.777179] exFAT: Version 1.2.9
[    6.818280] usbcore: registered new interface driver usbserial
[    6.838149] usbcore: registered new interface driver ch341
[    6.840648] usbserial: USB Serial support registered for ch341-uart
[    6.855174] usbcore: registered new interface driver cp210x
[    6.857592] usbserial: USB Serial support registered for cp210x
[    6.883189] request spk en gpio 63 ok!
[    6.883200] jz_codec_register: probe() successful!
[    6.883275] cgu_set_rate, parent = 1392000000, rate = 2048000, n = 10875, reg val = 0x01002a7b
[    6.883284] cgu_enable,cgu_i2s_spk reg val = 0x21002a7b
[    6.883301] cgu_set_rate, parent = 1392000000, rate = 2048000, n = 10875, reg val = 0x01002a7b
[    6.883308] cgu_enable,cgu_i2s_mic reg val = 0x21002a7b
[    7.289336] dma dma0chan24: Channel 24 have been requested.(phy id 7,type 0x06 desc a48c4000)
[    7.289622] dma dma0chan25: Channel 25 have been requested.(phy id 6,type 0x06 desc a48b3000)
[    7.289942] dma dma0chan26: Channel 26 have been requested.(phy id 5,type 0x04 desc a489c000)
[    7.319787] @@@@ avpu driver ok(version H20220825a) @@@@@
[    7.356911] input: gpio-keys as /devices/platform/gpio-keys/input/input1
[    7.359352] Additional GPIO keys device registered with 1 buttons
[    7.369363] The version of PWM driver is H20210412a
[    7.380177] pwm-jz pwm-jz: jz_pwm_probe register ok !
[    7.858631] jzmmc_v1.2 jzmmc_v1.2.1: card insert via sysfs
[    7.971581] mmc1: card claims to support voltages below the defined range. These will be ignored.
[    8.029978] mmc1: new SDIO card at address 0001
[    8.248520] RTW: module init start
[    8.248534] RTW: rtl8189fs v5.11.6.0-2-gb9aa73b62.20211117
[    8.248540] RTW: build time: Aug 28 2025 05:46:40
[    8.248766] RTW: == SDIO Card Info ==
[    8.248775] RTW:   card: 84299c00
[    8.248781] RTW:   clock: 24000000 Hz
[    8.248786] RTW:   timing spec: legacy
[    8.248794] RTW:   sd3_bus_mode: FALSE
[    8.248799] RTW:   func num: 1
[    8.248805] RTW:   func1: 848ef300 (*)
[    8.248810] RTW: ================
[    8.278147] RTW: HW EFUSE
[    8.278161] RTW: 0x000: 29 81 03 CC  00 00 50 00  00 00 04 CC  0A 0C 00 00  
[    8.278194] RTW: 0x010: 24 25 26 27  27 27 2C 2C  2E 2E 2E 02  FF FF FF FF  
[    8.278226] RTW: 0x020: FF FF FF FF  FF FF FF FF  FF FF FF FF  FF FF FF FF  
[    8.278259] RTW: 0x030: FF FF FF FF  FF FF FF FF  FF FF FF FF  FF FF FF FF  
[    8.278292] RTW: 0x040: FF FF FF FF  FF FF FF FF  FF FF FF FF  FF FF FF FF  
[    8.278324] RTW: 0x050: FF FF FF FF  FF FF FF FF  FF FF FF FF  FF FF FF FF  
[    8.278357] RTW: 0x060: FF FF FF FF  FF FF FF FF  FF FF FF FF  FF FF FF FF  
[    8.278390] RTW: 0x070: FF FF FF FF  FF FF FF FF  FF FF FF FF  FF FF FF FF  
[    8.278422] RTW: 0x080: FF FF FF FF  FF FF FF FF  FF FF FF FF  FF FF FF FF  
[    8.278455] RTW: 0x090: FF FF FF FF  FF FF FF FF  FF FF FF FF  FF FF FF FF  
[    8.278488] RTW: 0x0A0: FF FF FF FF  FF FF FF FF  FF FF FF FF  FF FF FF FF  
[    8.278520] RTW: 0x0B0: FF FF FF FF  FF FF FF FF  20 1C 1B 00  00 00 00 FF  
[    8.278553] RTW: 0x0C0: FF 12 00 10  00 FF 00 FF  00 00 FF FF  FF FF FF FF  
[    8.278585] RTW: 0x0D0: 3E 10 01 12  23 FF FF FF  20 04 4C 02  79 F1 21 02  
[    8.278617] RTW: 0x0E0: 0C 00 22 04  00 08 00 32  FF 21 02 0C  00 22 2A 01  
[    8.278649] RTW: 0x0F0: 01 00 00 00  00 00 00 00  00 00 00 00  02 00 FF FF  
[    8.278681] RTW: 0x100: 00 00 00 00  00 00 00 00  00 00 00 00  00 00 00 00  
[    8.278712] RTW: 0x110: 00 EB 00 6E  01 00 00 00  00 FF 4C 31  2D 6A D0 0D  
[    8.278744] RTW: 0x120: FF FF FF FF  FF FF FF FF  FF FF FF FF  FF FF FF FF  
[    8.278777] RTW: 0x130: FF FF FF FF  FF FF FF FF  FF FF FF FF  FF FF FF FF  
[    8.278810] RTW: 0x140: FF FF FF FF  FF FF FF FF  FF FF FF FF  FF FF FF FF  
[    8.278842] RTW: 0x150: FF FF FF FF  FF FF FF FF  FF FF FF FF  FF FF FF FF  
[    8.278875] RTW: 0x160: FF FF FF FF  FF FF FF FF  FF FF FF FF  FF FF FF FF  
[    8.278908] RTW: 0x170: FF FF FF FF  FF FF FF FF  FF FF FF FF  FF FF FF FF  
[    8.278940] RTW: 0x180: FF FF FF FF  FF FF FF FF  FF FF FF FF  FF FF FF FF  
[    8.278974] RTW: 0x190: FF FF FF FF  FF FF FF FF  FF FF FF FF  FF FF FF FF  
[    8.279006] RTW: 0x1A0: FF FF FF FF  FF FF FF FF  FF FF FF FF  FF FF FF FF  
[    8.279039] RTW: 0x1B0: FF FF FF FF  FF FF FF FF  FF FF FF FF  FF FF FF FF  
[    8.279072] RTW: 0x1C0: FF FF FF FF  FF FF FF FF  FF FF FF FF  FF FF FF FF  
[    8.279135] RTW: 0x1D0: FF FF FF FF  FF FF FF FF  FF FF FF FF  FF FF FF FF  
[    8.279168] RTW: 0x1E0: FF FF FF FF  FF FF FF FF  FF FF FF FF  FF FF FF FF  
[    8.279201] RTW: 0x1F0: FF FF FF FF  FF FF FF FF  FF FF FF FF  FF FF FF FF  
[    8.279243] RTW: hal_com_config_channel_plan chplan:0x20
[    8.363104] RTW: [RF_PATH] ver_id.RF_TYPE:RF_1T1R
[    8.363118] RTW: [RF_PATH] HALSPEC's rf_reg_trx_path_bmp:0x11, rf_reg_path_avail_num:1, max_tx_cnt:1
[    8.363126] RTW: [RF_PATH] PG's trx_path_bmp:0x00, max_tx_cnt:0
[    8.363132] RTW: [RF_PATH] Registry's trx_path_bmp:0x00, tx_path_lmt:0, rx_path_lmt:0
[    8.363139] RTW: [RF_PATH] HALDATA's trx_path_bmp:0x11, max_tx_cnt:1
[    8.363146] RTW: [RF_PATH] HALDATA's rf_type:RF_1T1R, NumTotalRFPath:1
[    8.363152] RTW: [TRX_Nss] HALSPEC - tx_nss:1, rx_nss:1
[    8.363159] RTW: [TRX_Nss] Registry - tx_nss:0, rx_nss:0
[    8.363165] RTW: [TRX_Nss] HALDATA - tx_nss:1, rx_nss:1
[    8.364388] RTW: rtw_regsty_chk_target_tx_power_valid return _FALSE for band:0, path:0, rs:0, t:-1
[    8.384470] RTW: rtw_ndev_init(wlan0) if1 mac_addr=4c:31:2d:6a:d0:0d
[    8.397738] RTW: rtw_ndev_init(wlan1) if2 mac_addr=4e:31:2d:6a:d0:0d
[    8.413260] RTW: module init ret=0
[    9.041777] RTW: txpath=0x1, rxpath=0x1
[    9.041789] RTW: txpath_1ss:0x1, num:1
[    9.127529] IPv6: ADDRCONF(NETDEV_UP): wlan0: link is not ready
[   10.813144] RTW: rtw_set_802_11_connect(wlan0)  fw_state=0x00000008
[   11.095864] RTW: start auth
[   11.100374] RTW: auth success, start assoc
[   11.105621] RTW: assoc success
[   11.105712] IPv6: ADDRCONF(NETDEV_CHANGE): wlan0: link becomes ready
[   11.107210] RTW: ============ STA [e8:9c:25:02:11:0c]  ===================
[   11.107222] RTW: mac_id : 0
[   11.107227] RTW: wireless_mode : 0x0b
[   11.107232] RTW: mimo_type : 0
[   11.107238] RTW: static smps : N
[   11.107244] RTW: bw_mode : 20MHz, ra_bw_mode : 20MHz
[   11.107250] RTW: rate_id : 3
[   11.107256] RTW: rssi : -1 (%), rssi_level : 0
[   11.107262] RTW: is_support_sgi : Y, is_vht_enable : N
[   11.107268] RTW: disable_ra : N, disable_pt : N
[   11.107273] RTW: is_noisy : N
[   11.107278] RTW: txrx_state : 0
[   11.107285] RTW: curr_tx_rate : CCK_1M (L)
[   11.107290] RTW: curr_tx_bw : 20MHz
[   11.107296] RTW: curr_retry_ratio : 0
[   11.107302] RTW: ra_mask : 0x00000000000fffff
[   11.107302] 
[   11.109408] RTW: recv eapol packet 1/4
[   11.110643] RTW: send eapol packet 2/4
[   11.116098] RTW: recv eapol packet 3/4
[   11.116454] RTW: send eapol packet 4/4
[   11.117632] RTW: set pairwise key camid:0, addr:e8:9c:25:02:11:0c, kid:0, type:AES
[   11.117929] RTW: set group key camid:1, addr:e8:9c:25:02:11:0c, kid:1, type:AES
[   13.883661] codec_codec_ctl: set repaly channel...
[   13.883699] cgu_set_rate, parent = 1392000000, rate = 4096000, n = 10875, reg val = 0x22002a7b
[   13.883706] codec_codec_ctl: set sample rate...
[   13.883792] codec_codec_ctl: set device...
[   14.119173] codec_set_device: set device: speaker...
[   18.841921] *** tx_isp_init: EXACT Binary Ninja MCP reference implementation ***
[   18.844419] *** PROBE: tx_isp_platform_probe CALLED for device tx-isp ***
[   18.844438] *** PROBE: ISP device allocated successfully: 85f70000 ***
[   18.844455] *** PROBE: ISP core registers mapped at 0x13300000 for system_reg_write ***
[   18.844461] *** PROBE: ISP device mutex and spinlock initialized ***
[   18.844468] *** PROBE: Event callback structure initialized at 0x85864280 (offset 0xc from isp_dev) ***
[   18.844478] parse_rmem_bootarg: Found rmem=29M@0x06300000 (size=0x01d00000)
[   18.844520] *** PROBE: Initialized rmem_addr=0x06300000, size=0x01d00000 ***
[   18.844527] *** PROBE: Platform data: c06b7ce0 ***
[   18.844532] *** PROBE: Platform data validation passed ***
[   18.844537] *** REFERENCE DRIVER: Individual subdevices will initialize their own memory regions ***
[   18.844543] *** PLATFORM DEVICES ALREADY REGISTERED IN INIT - SKIPPING DUPLICATE REGISTRATION ***
[   18.844549] *** tx_isp_module_init: EXACT Binary Ninja reference implementation ***
[   18.844554] *** tx_isp_module_init: Registering subdev platform drivers FIRST ***
[   18.844560] *** TX ISP SUBDEV PLATFORM DRIVERS REGISTRATION ***
[   18.856919] All ISP subdev platform drivers registered successfully
[   18.859390] *** tx_isp_create_graph_and_nodes: EXACT Binary Ninja reference implementation ***
[   18.859404] *** Registering platform device 0 from platform data ***
[   18.862177] *** tx_isp_subdev_init: CALLED for device 'isp-w01' ***
[   18.862193] *** tx_isp_subdev_init: pdev=c06b79c8, sd=85426400, ops=c06b7fe0 ***
[   18.862199] *** tx_isp_subdev_init: ourISPdev=85f70000 ***
[   18.862206] *** tx_isp_subdev_init: ops=c06b7fe0, ops->core=c06b8014 ***
[   18.862212] *** tx_isp_subdev_init: ops->core->init=c06698d0 ***
[   18.862219] *** tx_isp_subdev_init: Set sd->dev=c06b79d8, sd->pdev=c06b79c8 ***
[   18.862225] *** tx_isp_subdev_init: CSI subdev registered at slot 0 ***
[   18.862231] tx_isp_module_init: Module initialized for isp-w01
[   18.862237] *** tx_isp_subdev_init: VIC interrupt registration will happen in auto-linking function ***
[   18.862243] *** isp-w01: Skipping IRQ request - device has no IRQ resource ***
[   18.862250] tx_isp_subdev_init: platform_get_resource returned c06b7ab8 for device isp-w01
[   18.862258] tx_isp_subdev_init: Memory resource found: start=0x10023000, end=0x10023fff, size=0x00001000
[   18.862267] *** tx_isp_subdev_init: Clock initialization deferred until streaming starts ***
[   18.862273] *** tx_isp_subdev_init: Clock count stored: 1 ***
[   18.862281] *** tx_isp_subdev_auto_link: ENTRY - pdev=c06b79c8, sd=85426400, ourISPdev=85f70000 ***
