[    0.000000] Initializing cgroup subsys cpu
[    0.000000] Initializing cgroup subsys cpuacct
[    0.000000] Linux version 3.10.14__isvp_swan_1.0__ (buildroot@buildroot) (buildroot-gcc-14.3.0) #1 PREEMPT Thu Aug 28 05:46:40 UTC 2025
[    0.000000] CPU0 RESET ERROR PC:801ADC80
[    0.000000] [<801adc80>] 0x801adc80
[    0.000000] CPU0 revision is: 00d00100 (Ingenic Xburst)
[    0.000000] FPU revision is: 00b70000
[    0.000000] cgu_get_rate, parent = 1392000000, rate = 0, m = 129, n = 255, reg val = 0x081000ff
[    0.000000] cgu_get_rate, parent = 1392000000, rate = 0, m = 129, n = 255, reg val = 0x081000ff
[    0.000000] CCLK:1392MHz L2CLK:696Mhz H0CLK:200MHz H2CLK:200Mhz PCLK:100Mhz
[    0.000000] Determined physical RAM map:
[    0.000000]  memory: 0046a000 @ 00010000 (usable)
[    0.000000]  memory: 00036000 @ 0047a000 (usable after init)
[    0.000000] User-defined physical RAM map:
[    0.000000]  memory: 06300000 @ 00000000 (usable)
[    0.000000] Zone ranges:
[    0.000000]   Normal   [mem 0x00000000-0x062fffff]
[    0.000000] Movable zone start for each node
[    0.000000] Early memory node ranges
[    0.000000]   node   0: [mem 0x00000000-0x062fffff]
[    0.000000] On node 0 totalpages: 25344
[    0.000000] free_area_init_node: node 0, pgdat 80472c40, node_mem_map 81000000
[    0.000000]   Normal zone: 198 pages used for memmap
[    0.000000]   Normal zone: 0 pages reserved
[    0.000000]   Normal zone: 25344 pages, LIFO batch:7
[    0.000000] Primary instruction cache 32kB, 8-way, VIPT, linesize 32 bytes.
[    0.000000] Primary data cache 32kB, 8-way, VIPT, no aliases, linesize 32 bytes
[    0.000000] pls check processor_id[0x00d00100],sc_jz not support!
[    0.000000] MIPS secondary cache 128kB, 8-way, linesize 32 bytes.
[    0.000000] pcpu-alloc: s0 r0 d32768 u32768 alloc=1*32768
[    0.000000] pcpu-alloc: [0] 0 
[    0.000000] Built 1 zonelists in Zone order, mobility grouping off.  Total pages: 25146
[    0.000000] Kernel command line: mem=99M@0x0 rmem=29M@0x6300000 console=ttyS1,115200n8 panic=10 root=/dev/mtdblock4 rootfstype=squashfs init=/init mtdparts=jz_sfc:256k(boot),32k(env),224k(config),1504k(kernel),6304k(rootfs),-(rootfs_data),15872k@0x80000(upgrade),16384k@0(all)
[    0.000000] PID hash table entries: 512 (order: -1, 2048 bytes)
[    0.000000] Dentry cache hash table entries: 16384 (order: 4, 65536 bytes)
[    0.000000] Inode-cache hash table entries: 8192 (order: 3, 32768 bytes)
[    0.000000] Memory: 95008k/101376k available (3766k kernel code, 6368k reserved, 752k data, 216k init, 0k highmem)
[    0.000000] SLUB: HWalign=32, Order=0-3, MinObjects=0, CPUs=1, Nodes=1
[    0.000000] Preemptible hierarchical RCU implementation.
[    0.000000] NR_IRQS:358
[    0.000000] clockevents_config_and_register success.
[    0.000012] Calibrating delay loop... 1391.00 BogoMIPS (lpj=6955008)
[    0.090038] pid_max: default: 32768 minimum: 301
[    0.090196] Mount-cache hash table entries: 512
[    0.090582] Initializing cgroup subsys debug
[    0.090600] Initializing cgroup subsys freezer
[    0.092104] devtmpfs: initialized
[    0.093568] regulator-dummy: no parameters
[    0.093830] NET: Registered protocol family 16
[    0.097224] set gpio strength: 32-2
[    0.097234] set gpio strength: 33-2
[    0.097241] set gpio strength: 34-2
[    0.097246] set gpio strength: 35-2
[    0.097252] set gpio strength: 36-2
[    0.097258] set gpio strength: 37-2
[    0.108144] bio: create slab <bio-0> at 0
[    0.113685] jz-dma jz-dma: JZ SoC DMA initialized
[    0.114832] usbcore: registered new interface driver usbfs
[    0.114995] usbcore: registered new interface driver hub
[    0.115198] usbcore: registered new device driver usb
[    0.115531]  (null): set:249  hold:250 dev=100000000 h=500 l=500
[    0.115862] media: Linux media interface: v0.10
[    0.116007] Linux video capture interface: v2.00
[    0.118020] cfg80211: Calling CRDA to update world regulatory domain
[    0.119101] Switching to clocksource jz_clocksource
[    0.121574] dwc2 otg probe start
[    0.121602] jz-dwc2 jz-dwc2: cgu clk gate get error
[    0.121625] DWC IN OTG MODE
[    0.122392] dwc2 dwc2: Keep PHY ON
[    0.122403] dwc2 dwc2: Using Buffer DMA mode
[    0.122412] dwc2 dwc2: Core Release: 3.00a
[    0.122454] dwc2 dwc2: DesignWare USB2.0 High-Speed Host Controller
[    0.122485] dwc2 dwc2: new USB bus registered, assigned bus number 1
[    0.123481] hub 1-0:1.0: USB hub found
[    0.123513] hub 1-0:1.0: 1 port detected
[    0.123616] dwc2 dwc2: DWC2 Host Initialized
[    0.123956] dwc2 dwc2: enter dwc2_gadget_plug_change:2588: plugin = 1 pullup_on = 0 suspend = 0
[    0.123972] dwc2 otg probe success
[    0.124227] NET: Registered protocol family 2
[    0.124573] TCP established hash table entries: 1024 (order: 1, 8192 bytes)
[    0.124603] TCP bind hash table entries: 1024 (order: 0, 4096 bytes)
[    0.124622] TCP: Hash tables configured (established 1024 bind 1024)
[    0.124668] TCP: reno registered
[    0.124680] UDP hash table entries: 256 (order: 0, 4096 bytes)
[    0.124698] UDP-Lite hash table entries: 256 (order: 0, 4096 bytes)
[    0.124874] NET: Registered protocol family 1
[    0.125160] RPC: Registered named UNIX socket transport module.
[    0.125171] RPC: Registered udp transport module.
[    0.125176] RPC: Registered tcp transport module.
[    0.125181] RPC: Registered tcp NFSv4.1 backchannel transport module.
[    0.125730] freq_udelay_jiffys[0].max_num = 10
[    0.125738] cpufreq 	udelay 	loops_per_jiffy	
[    0.125744] 12000	 59956	 59956	
[    0.125750] 24000	 119913	 119913	
[    0.125755] 60000	 299784	 299784	
[    0.125760] 120000	 599569	 599569	
[    0.125766] 200000	 999282	 999282	
[    0.125772] 300000	 1498924	 1498924	
[    0.125777] 600000	 2997848	 2997848	
[    0.125782] 792000	 3957159	 3957159	
[    0.125788] 1008000	 5036385	 5036385	
[    0.125794] 1200000	 5995696	 5995696	
[    0.136528] squashfs: version 4.0 (2009/01/31) Phillip Lougher
[    0.137728] jffs2: version 2.2. © 2001-2006 Red Hat, Inc.
[    0.138298] msgmni has been set to 185
[    0.139688] io scheduler noop registered
[    0.139722] io scheduler cfq registered (default)
[    0.146353] jz-uart.1: ttyS1 at MMIO 0x10031000 (irq = 58) is a uart1
[    0.224879] dwc2 dwc2: ID PIN CHANGED!
[    0.641767] console [ttyS1] enabled
[    0.646046] logger: created 256K log 'log_main'
[    0.652571] jz TCU driver register completed
[    0.657876] the id code = b4018, the flash name is XT25F128B
[    0.663795] JZ SFC Controller for SFC channel 0 driver register
[    0.669945] 8 cmdlinepart partitions found on MTD device jz_sfc
[    0.676056] Creating 8 MTD partitions on "jz_sfc":
[    0.681148] 0x000000000000-0x000000040000 : "boot"
[    0.687106] 0x000000040000-0x000000048000 : "env"
[    0.693061] 0x000000048000-0x000000080000 : "config"
[    0.699261] 0x000000080000-0x0000001f8000 : "kernel"
[    0.705425] 0x0000001f8000-0x000000820000 : "rootfs"
[    0.711747] 0x000000820000-0x000001000000 : "rootfs_data"
[    0.718321] 0x000000080000-0x000001000000 : "upgrade"
[    0.724686] 0x000000000000-0x000001000000 : "all"
[    0.730687] SPI NOR MTD LOAD OK
[    0.734256] usbcore: registered new interface driver asix
[    0.740117] usbcore: registered new interface driver cdc_ether
[    0.746334] usbcore: registered new interface driver cdc_ncm
[    0.752285] i2c /dev entries driver
[    0.756742] jz-wdt: watchdog initialized
[    0.761473] TCP: cubic registered
[    0.765893] NET: Registered protocol family 10
[    0.771279] NET: Registered protocol family 17
[    0.777053] input: gpio-keys as /devices/platform/gpio-keys/input/input0
[    0.787934] VFS: Mounted root (squashfs filesystem) readonly on device 31:4.
[    0.798302] devtmpfs: mounted
[    0.801767] Freeing unused kernel memory: 216K (8047a000 - 804b0000)
[    1.207611] jffs2: notice: (410) jffs2_build_xattr_subsystem: complete building xattr subsystem, 1 of xdatum (0 unchecked, 0 orphan) and 2 of xref (0 dead, 0 orphan) found.
[    2.153493] jffs2: notice: (422) jffs2_build_xattr_subsystem: complete building xattr subsystem, 0 of xdatum (0 unchecked, 0 orphan) and 0 of xref (0 dead, 0 orphan) found.
[    6.674977] jzmmc_v1.2 jzmmc_v1.2.0: vmmc regulator missing
[    6.677526] jzmmc_v1.2 jzmmc_v1.2.0: register success!
[    6.677585] jzmmc_v1.2 jzmmc_v1.2.1: vmmc regulator missing
[    6.680269] jzmmc_v1.2 jzmmc_v1.2.1: register success!
[    6.797143] exFAT: Version 1.2.9
[    6.838174] usbcore: registered new interface driver usbserial
[    6.858056] usbcore: registered new interface driver ch341
[    6.860546] usbserial: USB Serial support registered for ch341-uart
[    6.875076] usbcore: registered new interface driver cp210x
[    6.877494] usbserial: USB Serial support registered for cp210x
[    6.903104] request spk en gpio 63 ok!
[    6.903115] jz_codec_register: probe() successful!
[    6.903191] cgu_set_rate, parent = 1392000000, rate = 2048000, n = 10875, reg val = 0x01002a7b
[    6.903199] cgu_enable,cgu_i2s_spk reg val = 0x21002a7b
[    6.903216] cgu_set_rate, parent = 1392000000, rate = 2048000, n = 10875, reg val = 0x01002a7b
[    6.903224] cgu_enable,cgu_i2s_mic reg val = 0x21002a7b
[    7.309346] dma dma0chan24: Channel 24 have been requested.(phy id 7,type 0x06 desc a48f2000)
[    7.309634] dma dma0chan25: Channel 25 have been requested.(phy id 6,type 0x06 desc a48be000)
[    7.309954] dma dma0chan26: Channel 26 have been requested.(phy id 5,type 0x04 desc a481c000)
[    7.339783] @@@@ avpu driver ok(version H20220825a) @@@@@
[    7.376899] input: gpio-keys as /devices/platform/gpio-keys/input/input1
[    7.379362] Additional GPIO keys device registered with 1 buttons
[    7.389352] The version of PWM driver is H20210412a
[    7.400164] pwm-jz pwm-jz: jz_pwm_probe register ok !
[    7.878373] jzmmc_v1.2 jzmmc_v1.2.1: card insert via sysfs
[    7.991573] mmc1: card claims to support voltages below the defined range. These will be ignored.
[    8.050002] mmc1: new SDIO card at address 0001
[    8.268025] RTW: module init start
[    8.268040] RTW: rtl8189fs v5.11.6.0-2-gb9aa73b62.20211117
[    8.268046] RTW: build time: Aug 28 2025 05:46:40
[    8.268268] RTW: == SDIO Card Info ==
[    8.268278] RTW:   card: 84299c00
[    8.268284] RTW:   clock: 24000000 Hz
[    8.268290] RTW:   timing spec: legacy
[    8.268297] RTW:   sd3_bus_mode: FALSE
[    8.268303] RTW:   func num: 1
[    8.268309] RTW:   func1: 849fa300 (*)
[    8.268314] RTW: ================
[    8.297683] RTW: HW EFUSE
[    8.297696] RTW: 0x000: 29 81 03 CC  00 00 50 00  00 00 04 CC  0A 0C 00 00  
[    8.297729] RTW: 0x010: 24 25 26 27  27 27 2C 2C  2E 2E 2E 02  FF FF FF FF  
[    8.297762] RTW: 0x020: FF FF FF FF  FF FF FF FF  FF FF FF FF  FF FF FF FF  
[    8.297794] RTW: 0x030: FF FF FF FF  FF FF FF FF  FF FF FF FF  FF FF FF FF  
[    8.297827] RTW: 0x040: FF FF FF FF  FF FF FF FF  FF FF FF FF  FF FF FF FF  
[    8.297860] RTW: 0x050: FF FF FF FF  FF FF FF FF  FF FF FF FF  FF FF FF FF  
[    8.297892] RTW: 0x060: FF FF FF FF  FF FF FF FF  FF FF FF FF  FF FF FF FF  
[    8.297925] RTW: 0x070: FF FF FF FF  FF FF FF FF  FF FF FF FF  FF FF FF FF  
[    8.297958] RTW: 0x080: FF FF FF FF  FF FF FF FF  FF FF FF FF  FF FF FF FF  
[    8.297990] RTW: 0x090: FF FF FF FF  FF FF FF FF  FF FF FF FF  FF FF FF FF  
[    8.298023] RTW: 0x0A0: FF FF FF FF  FF FF FF FF  FF FF FF FF  FF FF FF FF  
[    8.298056] RTW: 0x0B0: FF FF FF FF  FF FF FF FF  20 1C 1B 00  00 00 00 FF  
[    8.298088] RTW: 0x0C0: FF 12 00 10  00 FF 00 FF  00 00 FF FF  FF FF FF FF  
[    8.298120] RTW: 0x0D0: 3E 10 01 12  23 FF FF FF  20 04 4C 02  79 F1 21 02  
[    8.298152] RTW: 0x0E0: 0C 00 22 04  00 08 00 32  FF 21 02 0C  00 22 2A 01  
[    8.298184] RTW: 0x0F0: 01 00 00 00  00 00 00 00  00 00 00 00  02 00 FF FF  
[    8.298216] RTW: 0x100: 00 00 00 00  00 00 00 00  00 00 00 00  00 00 00 00  
[    8.298247] RTW: 0x110: 00 EB 00 6E  01 00 00 00  00 FF 4C 31  2D 6A D0 0D  
[    8.298279] RTW: 0x120: FF FF FF FF  FF FF FF FF  FF FF FF FF  FF FF FF FF  
[    8.298312] RTW: 0x130: FF FF FF FF  FF FF FF FF  FF FF FF FF  FF FF FF FF  
[    8.298345] RTW: 0x140: FF FF FF FF  FF FF FF FF  FF FF FF FF  FF FF FF FF  
[    8.298378] RTW: 0x150: FF FF FF FF  FF FF FF FF  FF FF FF FF  FF FF FF FF  
[    8.298410] RTW: 0x160: FF FF FF FF  FF FF FF FF  FF FF FF FF  FF FF FF FF  
[    8.298443] RTW: 0x170: FF FF FF FF  FF FF FF FF  FF FF FF FF  FF FF FF FF  
[    8.298476] RTW: 0x180: FF FF FF FF  FF FF FF FF  FF FF FF FF  FF FF FF FF  
[    8.298508] RTW: 0x190: FF FF FF FF  FF FF FF FF  FF FF FF FF  FF FF FF FF  
[    8.298541] RTW: 0x1A0: FF FF FF FF  FF FF FF FF  FF FF FF FF  FF FF FF FF  
[    8.298574] RTW: 0x1B0: FF FF FF FF  FF FF FF FF  FF FF FF FF  FF FF FF FF  
[    8.298606] RTW: 0x1C0: FF FF FF FF  FF FF FF FF  FF FF FF FF  FF FF FF FF  
[    8.298639] RTW: 0x1D0: FF FF FF FF  FF FF FF FF  FF FF FF FF  FF FF FF FF  
[    8.298672] RTW: 0x1E0: FF FF FF FF  FF FF FF FF  FF FF FF FF  FF FF FF FF  
[    8.298704] RTW: 0x1F0: FF FF FF FF  FF FF FF FF  FF FF FF FF  FF FF FF FF  
[    8.298746] RTW: hal_com_config_channel_plan chplan:0x20
[    8.382651] RTW: [RF_PATH] ver_id.RF_TYPE:RF_1T1R
[    8.382666] RTW: [RF_PATH] HALSPEC's rf_reg_trx_path_bmp:0x11, rf_reg_path_avail_num:1, max_tx_cnt:1
[    8.382672] RTW: [RF_PATH] PG's trx_path_bmp:0x00, max_tx_cnt:0
[    8.382680] RTW: [RF_PATH] Registry's trx_path_bmp:0x00, tx_path_lmt:0, rx_path_lmt:0
[    8.382686] RTW: [RF_PATH] HALDATA's trx_path_bmp:0x11, max_tx_cnt:1
[    8.382693] RTW: [RF_PATH] HALDATA's rf_type:RF_1T1R, NumTotalRFPath:1
[    8.382700] RTW: [TRX_Nss] HALSPEC - tx_nss:1, rx_nss:1
[    8.382706] RTW: [TRX_Nss] Registry - tx_nss:0, rx_nss:0
[    8.382712] RTW: [TRX_Nss] HALDATA - tx_nss:1, rx_nss:1
[    8.383923] RTW: rtw_regsty_chk_target_tx_power_valid return _FALSE for band:0, path:0, rs:0, t:-1
[    8.403888] RTW: rtw_ndev_init(wlan0) if1 mac_addr=4c:31:2d:6a:d0:0d
[    8.417007] RTW: rtw_ndev_init(wlan1) if2 mac_addr=4e:31:2d:6a:d0:0d
[    8.432638] RTW: module init ret=0
[    9.061779] RTW: txpath=0x1, rxpath=0x1
[    9.061791] RTW: txpath_1ss:0x1, num:1
[    9.147642] IPv6: ADDRCONF(NETDEV_UP): wlan0: link is not ready
[   10.833139] RTW: rtw_set_802_11_connect(wlan0)  fw_state=0x00000008
[   11.033657] RTW: start auth
[   11.046165] RTW: auth success, start assoc
[   11.051902] RTW: assoc success
[   11.051992] IPv6: ADDRCONF(NETDEV_CHANGE): wlan0: link becomes ready
[   11.053726] RTW: ============ STA [e8:9c:25:02:11:0c]  ===================
[   11.053737] RTW: mac_id : 0
[   11.053743] RTW: wireless_mode : 0x0b
[   11.053748] RTW: mimo_type : 0
[   11.053754] RTW: static smps : N
[   11.053760] RTW: bw_mode : 20MHz, ra_bw_mode : 20MHz
[   11.053766] RTW: rate_id : 3
[   11.053772] RTW: rssi : -1 (%), rssi_level : 0
[   11.053778] RTW: is_support_sgi : Y, is_vht_enable : N
[   11.053784] RTW: disable_ra : N, disable_pt : N
[   11.053789] RTW: is_noisy : N
[   11.053794] RTW: txrx_state : 0
[   11.053801] RTW: curr_tx_rate : CCK_1M (L)
[   11.053806] RTW: curr_tx_bw : 20MHz
[   11.053812] RTW: curr_retry_ratio : 0
[   11.053818] RTW: ra_mask : 0x00000000000fffff
[   11.053818] 
[   11.059439] RTW: recv eapol packet 1/4
[   11.060607] RTW: send eapol packet 2/4
[   11.066159] RTW: recv eapol packet 3/4
[   11.066524] RTW: send eapol packet 4/4
[   11.067702] RTW: set pairwise key camid:0, addr:e8:9c:25:02:11:0c, kid:0, type:AES
[   11.067998] RTW: set group key camid:1, addr:e8:9c:25:02:11:0c, kid:1, type:AES
[   12.871299] codec_codec_ctl: set repaly channel...
[   12.871337] cgu_set_rate, parent = 1392000000, rate = 4096000, n = 10875, reg val = 0x22002a7b
[   12.871344] codec_codec_ctl: set sample rate...
[   12.871429] codec_codec_ctl: set device...
[   13.109167] codec_set_device: set device: speaker...
[   18.892280] *** tx_isp_init: EXACT Binary Ninja MCP reference implementation ***
[   18.894869] *** PROBE: tx_isp_platform_probe CALLED for device tx-isp ***
[   18.894887] *** PROBE: ISP device allocated successfully: 85fc0000 ***
[   18.894904] *** PROBE: ISP core registers mapped at 0x13300000 for system_reg_write ***
[   18.894909] *** PROBE: ISP device mutex and spinlock initialized ***
[   18.894917] *** PROBE: Event callback structure initialized at 0x8589cd80 (offset 0xc from isp_dev) ***
[   18.894927] parse_rmem_bootarg: Found rmem=29M@0x06300000 (size=0x01d00000)
[   18.894934] *** PROBE: Initialized rmem_addr=0x06300000, size=0x01d00000 ***
[   18.894940] *** PROBE: Platform data: c06b9120 ***
[   18.894945] *** PROBE: Platform data validation passed ***
[   18.894950] *** REFERENCE DRIVER: Individual subdevices will initialize their own memory regions ***
[   18.894956] *** PLATFORM DEVICES ALREADY REGISTERED IN INIT - SKIPPING DUPLICATE REGISTRATION ***
[   18.894962] *** tx_isp_module_init: EXACT Binary Ninja reference implementation ***
[   18.894967] *** tx_isp_module_init: Registering subdev platform drivers FIRST ***
[   18.894973] *** TX ISP SUBDEV PLATFORM DRIVERS REGISTRATION ***
[   18.907345] All ISP subdev platform drivers registered successfully
[   18.910009] *** tx_isp_create_graph_and_nodes: EXACT Binary Ninja reference implementation ***
[   18.910021] *** Registering platform device 0 from platform data ***
[   18.912644] *** tx_isp_subdev_init: CALLED for device 'isp-w01' ***
[   18.912659] *** tx_isp_subdev_init: pdev=c06b8e08, sd=85468000, ops=c06b9420 ***
[   18.912666] *** tx_isp_subdev_init: ourISPdev=85fc0000 ***
[   18.912673] *** tx_isp_subdev_init: ops=c06b9420, ops->core=c06b9454 ***
[   18.912679] *** tx_isp_subdev_init: ops->core->init=c066a8c0 ***
[   18.912685] *** tx_isp_subdev_init: Set sd->dev=c06b8e18, sd->pdev=c06b8e08 ***
[   18.912692] *** tx_isp_subdev_init: CSI subdev registered at slot 0 ***
[   18.912698] tx_isp_module_init: Module initialized for isp-w01
[   18.912703] *** tx_isp_subdev_init: VIC interrupt registration will happen in auto-linking function ***
[   18.912710] *** isp-w01: Skipping IRQ request - device has no IRQ resource ***
[   18.912717] tx_isp_subdev_init: platform_get_resource returned c06b8ef8 for device isp-w01
[   18.912725] tx_isp_subdev_init: Memory resource found: start=0x10022000, end=0x10022fff, size=0x00001000
[   18.912733] *** tx_isp_subdev_init: Clock initialization deferred until streaming starts ***
[   18.912739] *** tx_isp_subdev_init: Clock count stored: 1 ***
[   18.912747] *** tx_isp_subdev_auto_link: ENTRY - pdev=c06b8e08, sd=85468000, ourISPdev=85fc0000 ***
[   18.912754] *** tx_isp_subdev_auto_link: Auto-linking device 'isp-w01' to ourISPdev=85fc0000 ***
[   18.912760] *** DEBUG: Device name comparison - checking 'isp-w01' ***
[   18.912765] *** DEBUG: About to check device name matches ***
[   18.912771] *** CSI BASIC REGISTERS SET: b0022000 (from tx_isp_subdev_init) ***
[   18.912777] *** LINKED CSI device: 85468000, regs: b0022000 ***
[   18.912784] *** CSI PROBE: Set dev_priv to csi_dev 85468000 AFTER subdev_init ***
[   18.912790] *** CSI PROBE: Set host_priv to csi_dev 85468000 AFTER subdev_init ***
[   18.912796] *** CSI PROBE: csi_regs (offset 0xb8) mapped to: b0022000 ***
[   18.912803] *** CSI PROBE: isp_csi_regs (offset 0x13c) mapped to CSI PHY: b0022000 (0x10022000) ***
[   18.912809] *** CSI PROBE: Device linking handled automatically by tx_isp_subdev_init ***
[   18.912828] *** Platform device 0 (isp-w01) registered successfully ***
[   18.912835] *** Registering platform device 1 from platform data ***
[   18.915429] *** VIC PROBE: IRQ numbers initialized to 38 ***
[   18.915443] *** VIC PROBE: Primary VIC registers mapped at 0x133e0000 -> b33e0000 ***
[   18.915449] *** VIC PROBE: VIC control registers mapped at 0x10023000 -> b0023000 ***
[   18.915455] *** VIC PROBE: Hardware IRQ function pointers set using SAFE struct members (tx_isp_enable/disable_irq) ***
[   18.915462] *** VIC PROBE: Secondary VIC register test - 0x1e0 = 0x00000000 (mapping verified) ***
[   18.915467] *** VIC PROBE: VIC interrupt registers will be configured during tx_isp_vic_start ***
[   18.915473] *** BINARY NINJA MCP: VIC buffer management ENABLED - following reference driver ***
[   18.915479] *** VIC will operate in FULL mode with complete buffer operations ***
[   18.915484] *** BINARY NINJA MCP: VIC full initialization complete - buffer management ENABLED ***
[   18.915491] *** VIC PROBE: Initialized default dimensions 1920x1080 and critical fields ***
[   18.915497] *** VIC PROBE: Event callback structure stored in VIC device field ***
[   18.915503] *** VIC PROBE: Stored vic_dev pointer 85468800 in subdev dev_priv ***
[   18.915509] *** VIC PROBE: Set host_priv to vic_dev 85468800 for Binary Ninja compatibility ***
[   18.915515] *** VIC PROBE: Skipping tx_isp_vic_hw_init - working branch configures interrupts during VIC operations ***
[   18.915523] *** tx_isp_subdev_init: CALLED for device 'isp-w02' ***
[   18.915530] *** tx_isp_subdev_init: pdev=c06b8f18, sd=85468800, ops=c06b93a0 ***
[   18.915536] *** tx_isp_subdev_init: ourISPdev=85fc0000 ***
[   18.915543] *** tx_isp_subdev_init: ops=c06b93a0, ops->core=c06b93bc ***
[   18.915549] *** tx_isp_subdev_init: ops->core->init=c06818cc ***
[   18.915555] *** tx_isp_subdev_init: Set sd->dev=c06b8f28, sd->pdev=c06b8f18 ***
[   18.915562] *** tx_isp_subdev_init: VIC device linked and registered at slot 1 ***
[   18.915568] tx_isp_module_init: Module initialized for isp-w02
[   18.915574] *** tx_isp_subdev_init: VIC interrupt registration will happen in auto-linking function ***
[   18.915582] *** tx_isp_request_irq: platform_get_irq returned 38 for device isp-w02 ***
[   18.915589] *** tx_isp_request_irq: Using main ISP device as dev_id for IRQ 38 (device: isp-w02) ***
[   18.915599] *** tx_isp_request_irq: About to call request_threaded_irq(irq=38, handler=c0673ed4, thread=c0666584, flags=0x80, name=isp-w02, dev_id=85fc0000) ***
[   18.915607] *** tx_isp_request_irq: About to register IRQ 38 with handlers: main=c0673ed4, thread=c0666584 ***
[   18.917880] *** tx_isp_request_irq: request_threaded_irq returned 0 ***
[   18.917891] *** tx_isp_request_irq: IRQ 38 LEFT ENABLED (working version behavior) ***
[   18.917898] *** tx_isp_request_irq: IRQ 38 registered successfully for isp-w02 ***
[   18.917907] tx_isp_subdev_init: platform_get_resource returned c06b9010 for device isp-w02
[   18.917915] tx_isp_subdev_init: Memory resource found: start=0x10023000, end=0x10023fff, size=0x00001000
[   18.917924] *** tx_isp_subdev_init: Clock initialization deferred until streaming starts ***
[   18.917929] *** tx_isp_subdev_init: Clock count stored: 2 ***
[   18.917938] *** tx_isp_subdev_auto_link: ENTRY - pdev=c06b8f18, sd=85468800, ourISPdev=85fc0000 ***
[   18.917945] *** tx_isp_subdev_auto_link: Auto-linking device 'isp-w02' to ourISPdev=85fc0000 ***
[   18.917951] *** DEBUG: Device name comparison - checking 'isp-w02' ***
[   18.917956] *** DEBUG: About to check device name matches ***
[   18.917961] *** DEBUG: VIC DEVICE NAME MATCHED! Processing VIC device linking ***
[   18.917967] *** DEBUG: Retrieved vic_dev from subdev data: 85468800 ***
[   18.917973] *** DEBUG: About to set ourISPdev->vic_dev = 85468800 ***
[   18.917979] *** DEBUG: ourISPdev before linking: 85fc0000 ***
[   18.917985] *** DEBUG: ourISPdev->vic_dev set to: 85468800 ***
[   18.917991] *** VIC AUTO-LINK: VIC IRQ already registered (irq=38) ***
[   18.917996] *** VIC AUTO-LINK: Using existing VIC register mapping (0x133e0000) - NOT remapping ***
[   18.918002] *** VIC AUTO-LINK: Registers are mapped, registering interrupt handler ***
[   18.918009] *** VIC PROBE: Device linking handled automatically by tx_isp_subdev_init ***
[   18.918015] *** VIC PROBE: Sensor dimensions will be cached when sensor module loads ***
[   18.918021] *** VIC PROBE: VIC frame channel streaming will be initialized via tisp_init ***
[   18.918026] *** VIC PROBE: Waiting for core subdev init to call tisp_init which calls tx_isp_subdev_pipo ***
[   18.918048] *** Platform device 1 (isp-w02) registered successfully ***
[   18.918055] *** Registering platform device 2 from platform data ***
[   18.918458] *** VIN PROBE: VIN registers mapped to ISP Core: b3300000 (0x13300000) ***
[   18.918471] *** tx_isp_subdev_init: CALLED for device 'isp-w00' ***
[   18.918479] *** tx_isp_subdev_init: pdev=c06b8d30, sd=80521000, ops=c06ba294 ***
[   18.918485] *** tx_isp_subdev_init: ourISPdev=85fc0000 ***
[   18.918492] *** tx_isp_subdev_init: ops=c06ba294, ops->core=c06ba2b4 ***
[   18.918498] *** tx_isp_subdev_init: ops->core->init=c068eae8 ***
[   18.918745] *** tx_isp_subdev_init: Set sd->dev=c06b8d40, sd->pdev=c06b8d30 ***
[   18.918756] *** tx_isp_subdev_init: NOT A SENSOR - ops=c06ba294 ***
[   18.918763] *** tx_isp_subdev_init: ops->sensor=  (null), csi_subdev_ops=c06b9420 ***
[   18.918770] tx_isp_module_init: Module initialized for isp-w00
[   18.918775] *** tx_isp_subdev_init: VIC interrupt registration will happen in auto-linking function ***
[   18.918784] *** tx_isp_subdev_auto_link: ENTRY - pdev=c06b8d30, sd=80521000, ourISPdev=85fc0000 ***
[   18.918791] *** tx_isp_subdev_auto_link: Auto-linking device 'isp-w00' to ourISPdev=85fc0000 ***
[   18.918797] *** DEBUG: Device name comparison - checking 'isp-w00' ***
[   18.918803] *** DEBUG: About to check device name matches ***
[   18.918808] *** DEBUG: VIN device name matched! Setting up VIN device ***
[   18.918814] *** LINKED VIN device: 80521000 ***
[   18.918821] *** VIN SUBDEV OPS CONFIGURED: core=c06ba2b4, video=c06ba2a8, s_stream=c068edac ***
[   18.918828] *** REGISTERED VIN SUBDEV AT SLOT 2 WITH VIDEO OPS ***
[   18.918835] *** VIN PROBE: Set dev_priv to vin_dev 80521000 AFTER subdev_init ***
[   18.918841] *** VIN PROBE: Device linking handled automatically by tx_isp_subdev_init ***
[   18.918862] *** Platform device 2 (isp-w00) registered successfully ***
[   18.918869] *** Registering platform device 3 from platform data ***
[   18.922035] *** tx_isp_subdev_init: CALLED for device 'isp-fs' ***
[   18.922050] *** tx_isp_subdev_init: pdev=c06b8bf0, sd=80521400, ops=c06b94d4 ***
[   18.922056] *** tx_isp_subdev_init: ourISPdev=85fc0000 ***
[   18.922063] *** tx_isp_subdev_init: ops=c06b94d4, ops->core=c06c037c ***
[   18.922069] *** tx_isp_subdev_init: WARNING - ops->core->init is NULL! ***
[   18.922075] *** tx_isp_subdev_init: Set sd->dev=c06b8c00, sd->pdev=c06b8bf0 ***
[   18.922081] *** tx_isp_subdev_init: NOT A SENSOR - ops=c06b94d4 ***
[   18.922089] *** tx_isp_subdev_init: ops->sensor=c06c0370, csi_subdev_ops=c06b9420 ***
[   18.922095] tx_isp_module_init: Module initialized for isp-fs
[   18.922100] *** tx_isp_subdev_init: VIC interrupt registration will happen in auto-linking function ***
[   18.922107] *** isp-fs: Skipping IRQ request - device has no IRQ resource ***
[   18.922113] tx_isp_subdev_init: platform_get_resource returned   (null) for device isp-fs
[   18.922119] tx_isp_subdev_init: No memory resource for device isp-fs (logical device - OK)
[   18.922127] *** FS PROBE: Set dev_priv to fs_dev 80521400 AFTER subdev_init ***
[   18.922133] *** FS PROBE: Device linking handled automatically by tx_isp_subdev_auto_link() ***
[   18.922153] *** Platform device 3 (isp-fs) registered successfully ***
[   18.922159] *** Registering platform device 4 from platform data ***
[   18.925010] *** tx_isp_core_probe: NEW ARCHITECTURE - Creating separate core device ***
[   18.925023] *** tx_isp_create_core_device: Creating ISP core device ***
[   18.925033] *** tx_isp_create_core_device: Core device created successfully: 85468400 ***
[   18.925039] *** CORE PROBE: Set dev_priv to core_dev 85468400 ***
[   18.925045] *** CORE PROBE: Set host_priv to core_dev 85468400 - PREVENTS BadVA CRASH ***
[   18.925053] *** tx_isp_subdev_init: CALLED for device 'isp-m0' ***
[   18.925060] *** tx_isp_subdev_init: pdev=c06b8ad0, sd=85468400, ops=c06b91d8 ***
[   18.925066] *** tx_isp_subdev_init: ourISPdev=85fc0000 ***
[   18.925073] *** tx_isp_subdev_init: ops=c06b91d8, ops->core=c06b9204 ***
[   18.925079] *** tx_isp_subdev_init: ops->core->init=c067e3f0 ***
[   18.925085] *** tx_isp_subdev_init: Set sd->dev=c06b8ae0, sd->pdev=c06b8ad0 ***
[   18.925093] *** tx_isp_subdev_init: Core ISP subdev registered at slot 3 ***
[   18.925098] tx_isp_module_init: Module initialized for isp-m0
[   18.925104] *** tx_isp_subdev_init: VIC interrupt registration will happen in auto-linking function ***
[   18.925112] *** tx_isp_request_irq: platform_get_irq returned 37 for device isp-m0 ***
[   18.925119] *** tx_isp_request_irq: Using main ISP device as dev_id for IRQ 37 (device: isp-m0) ***
[   18.925129] *** tx_isp_request_irq: About to call request_threaded_irq(irq=37, handler=c0673ed4, thread=c0666584, flags=0x80, name=isp-m0, dev_id=85fc0000) ***
[   18.925137] *** tx_isp_request_irq: About to register IRQ 37 with handlers: main=c0673ed4, thread=c0666584 ***
[   18.927407] *** tx_isp_request_irq: request_threaded_irq returned 0 ***
[   18.927419] *** tx_isp_request_irq: IRQ 37 LEFT ENABLED (working version behavior) ***
[   18.927426] *** tx_isp_request_irq: IRQ 37 registered successfully for isp-m0 ***
[   18.927434] tx_isp_subdev_init: platform_get_resource returned c06b8bb8 for device isp-m0
[   18.927442] tx_isp_subdev_init: Memory resource found: start=0x13300000, end=0x133fffff, size=0x00100000
[   18.927452] *** tx_isp_subdev_init: Clock initialization deferred until streaming starts ***
[   18.927458] *** tx_isp_subdev_init: Clock count stored: 0 ***
[   18.927466] *** tx_isp_subdev_auto_link: ENTRY - pdev=c06b8ad0, sd=85468400, ourISPdev=85fc0000 ***
[   18.927473] *** tx_isp_subdev_auto_link: Auto-linking device 'isp-m0' to ourISPdev=85fc0000 ***
[   18.927479] *** DEBUG: Device name comparison - checking 'isp-m0' ***
[   18.927485] *** DEBUG: About to check device name matches ***
[   18.927491] *** DEBUG: CORE device name matched! Setting up Core device ***
[   18.927497] *** CRITICAL FIX: CORE regs mapped to core device: b3300000 ***
[   18.927504] *** tx_isp_link_core_device: Linking core device 85468400 to ISP device 85fc0000 ***
[   18.927510] *** tx_isp_link_core_device: Core device linked successfully ***
[   18.927517] *** Core subdev already registered at slot 3: 85468400 ***
[   18.927523] *** LINKED CORE device: 85468400 ***
[   18.927527] *** CORE SUBDEV REGISTERED AT INDEX 0 ***
[   18.927533] *** tx_isp_core_probe: Core subdev initialized successfully ***
[   18.927539] *** tx_isp_core_device_init: Initializing core device: 85468400 ***
[   18.927551] *** tx_isp_core_device_init: State transitions handled by slake_module ***
[   18.927556] *** tx_isp_core_device_init: Core device initialized successfully ***
[   18.927562] *** tx_isp_core_device_init: Core sensor IOCTL handler set for sensor registration ***
[   18.927569] *** tx_isp_link_core_device: Linking core device 85468400 to ISP device 85fc0000 ***
[   18.927575] *** tx_isp_link_core_device: Core device linked successfully ***
[   18.927581] *** Core subdev already registered at slot 3: 85468400 ***
[   18.927595] *** tx_isp_core_probe: Assigned frame_channels=85469000 to core_dev ***
[   18.927601] *** tx_isp_core_probe: VIC device creation deferred to platform driver system ***
[   18.927606] *** tx_isp_core_probe: Platform drivers will call tx_isp_subdev_init for proper initialization ***
[   18.927611] *** tx_isp_core_probe: Calling sensor_early_init ***
[   18.927617] *** tx_isp_core_probe: ISP clock management handled by infrastructure ***
[   18.927623] *** tx_isp_core_probe: ispcore_slake_module will be called when VIC reaches streaming state ***
[   18.927628] *** tx_isp_core_probe: Core device setup complete ***
[   18.927634] ***   - Core device: 85468400 ***
[   18.927639] ***   - Channel count: 6 ***
[   18.927645] ***   - Linked to ISP device: 85fc0000 ***
[   18.927649] *** tx_isp_core_probe: Initializing core tuning system ***
[   18.927655] isp_core_tuning_init: Initializing tuning data structure
[   18.927668] isp_core_tuning_init: Tuning data structure initialized at 84bde000
[   18.927674] isp_core_tuning_init: Structure size: 4116 bytes (vs Binary Ninja 0x40d0)
[   18.927679] *** SAFE: mode_flag properly initialized using struct member access ***
[   18.927694] [tuning] Seeded tuning arrays from tuning_constants.h (first EV=50, last EV=7000)
[   18.927699] *** tx_isp_core_probe: Tuning init SUCCESS ***
[   18.927704] *** tx_isp_core_probe: Set platform driver data ***
[   18.927709] *** tx_isp_core_probe: Set global core device reference ***
[   18.927715] *** tx_isp_core_probe: SUCCESS - Core device fully initialized ***
[   18.927720] ***   - Core device: 85468400 ***
[   18.927726] ***   - Tuning device: 84bde000 ***
[   18.927731] *** tx_isp_core_probe: Creating frame channel devices ***
[   18.927736] *** tx_isp_create_framechan_devices: Creating frame channel devices ***
[   18.928094] *** Created frame channel device: /dev/framechan0 (major=10, minor=54) ***
[   18.930725] *** Created frame channel device: /dev/framechan1 (major=10, minor=53) ***
[   18.933333] *** Created frame channel device: /dev/framechan2 (major=10, minor=52) ***
[   18.935943] *** Created frame channel device: /dev/framechan3 (major=10, minor=51) ***
[   18.935954] *** tx_isp_create_framechan_devices: All frame channel devices created ***
[   18.935960] *** tx_isp_core_probe: Frame channel devices created successfully ***
[   18.935965] *** tx_isp_core_probe: Creating ISP M0 tuning device node ***
[   18.935971] tisp_code_create_tuning_node: Creating ISP M0 tuning device node
[   18.935980] tisp_code_create_tuning_node: Allocated dynamic major 251
[   18.941011] *** ISP M0 TUNING DEVICE CREATED: /dev/isp-m0 (major=251, minor=0) ***
[   18.941022] *** tx_isp_core_probe: ISP M0 tuning device node created successfully ***
[   18.941027] *** tx_isp_core_probe: Core probe completed successfully ***
[   18.941048] *** Platform device 4 (isp-m0) registered successfully ***
[   18.941054] *** tx_isp_create_graph_and_nodes: Creating /proc/jz/isp entries ***
[   18.941076] *** Created /proc/jz/isp directory ***
[   18.941084] *** PROC ENTRY DEBUG: Using isp_vic_frd_fops for isp-w01 (with ioctl handler) ***
[   18.941093] *** Created /proc/jz/isp/isp-w01 entry with file ops ***
[   18.941099] *** PROC ENTRY DEBUG: Using vic_w02_proc_fops for isp-w02 (with write handler) ***
[   18.941107] *** PROC ENTRY DEBUG: vic_w02_proc_fops.write=c0683f10 ***
[   18.941114] *** PROC ENTRY FIX: Using ISP device 85fc0000 instead of VIC device 85468800 for isp-w02 ***
[   18.941123] *** Created /proc/jz/isp/isp-w02 entry with file ops ***
[   18.941129] *** PROC ENTRY DEBUG: Using isp_vic_frd_fops for isp-w00 (with ioctl handler) ***
[   18.941138] *** Created /proc/jz/isp/isp-w00 entry with file ops ***
[   18.941147] *** Created /proc/jz/isp/isp-fs entry with file ops ***
[   18.941156] *** Created /proc/jz/isp/isp-m0 entry with file ops ***
[   18.941161] *** tx_isp_create_graph_and_nodes: Registering misc devices ***
[   18.941167] *** Misc device registration handled via main tx-isp device ***
[   18.941172] *** Misc device registration handled via main tx-isp device ***
[   18.941177] *** Misc device registration handled via main tx-isp device ***
[   18.941183] *** Misc device registration handled via main tx-isp device ***
[   18.941188] *** Misc device registration handled via main tx-isp device ***
[   18.941193] *** tx_isp_create_graph_and_nodes: Initializing frame channels ***
[   18.941202] *** Frame channel 0 initialized: 1920x1080, state=2 ***
[   18.941209] *** Frame channel 1 initialized: 640x360, state=2 ***
[   18.941215] *** tx_isp_create_graph_and_nodes: Binary Ninja reference implementation complete ***
[   18.941222] *** tx_isp_module_init: VIC device linkage check - isp_dev->vic_dev = 85468800 ***
[   18.941227] *** ENABLING HARDWARE INTERRUPT GENERATION ***
[   18.941233] *** WRITING VIC INTERRUPT ENABLE REGISTERS ***
[   18.941239] *** EARLY VIC ENABLES (MODULE INIT): SKIPPED 0x1e0/0x1e4 programming to preserve W1C semantics ***
[   18.941244] *** ENABLING ISP CORE INTERRUPT REGISTERS FOR MIPI DATA ***
[   18.941250] *** ISP CORE INTERRUPT REGISTERS ENABLED at legacy(+0xb*) and new(+0x98b*) ***
[   18.941255] *** BOTH VIC AND ISP CORE INTERRUPTS NOW ENABLED! ***
[   18.941261] *** tx_isp_module_init: Binary Ninja reference implementation complete ***
[   18.941266] *** PROBE: Binary Ninja reference implementation complete ***
[   18.943740] *** tx_isp_init: Platform device and driver registered successfully ***
[   18.948345] === gc2053 SENSOR MODULE INIT ===
[   18.951013] gc2053 I2C driver registered, waiting for device creation by ISP
[    0.000000] Initializing cgroup subsys cpu
[    0.000000] Initializing cgroup subsys cpuacct
[    0.000000] Linux version 3.10.14__isvp_swan_1.0__ (buildroot@buildroot) (buildroot-gcc-14.3.0) #1 PREEMPT Thu Aug 28 05:46:40 UTC 2025
[    0.000000] CPU0 RESET ERROR PC:801ADC80
[    0.000000] [<801adc80>] 0x801adc80
[    0.000000] CPU0 revision is: 00d00100 (Ingenic Xburst)
[    0.000000] FPU revision is: 00b70000
[    0.000000] cgu_get_rate, parent = 1392000000, rate = 0, m = 129, n = 255, reg val = 0x081000ff
[    0.000000] cgu_get_rate, parent = 1392000000, rate = 0, m = 129, n = 255, reg val = 0x081000ff
[    0.000000] CCLK:1392MHz L2CLK:696Mhz H0CLK:200MHz H2CLK:200Mhz PCLK:100Mhz
[    0.000000] Determined physical RAM map:
[    0.000000]  memory: 0046a000 @ 00010000 (usable)
[    0.000000]  memory: 00036000 @ 0047a000 (usable after init)
[    0.000000] User-defined physical RAM map:
[    0.000000]  memory: 06300000 @ 00000000 (usable)
[    0.000000] Zone ranges:
[    0.000000]   Normal   [mem 0x00000000-0x062fffff]
[    0.000000] Movable zone start for each node
[    0.000000] Early memory node ranges
[    0.000000]   node   0: [mem 0x00000000-0x062fffff]
[    0.000000] On node 0 totalpages: 25344
[    0.000000] free_area_init_node: node 0, pgdat 80472c40, node_mem_map 81000000
[    0.000000]   Normal zone: 198 pages used for memmap
[    0.000000]   Normal zone: 0 pages reserved
[    0.000000]   Normal zone: 25344 pages, LIFO batch:7
[    0.000000] Primary instruction cache 32kB, 8-way, VIPT, linesize 32 bytes.
[    0.000000] Primary data cache 32kB, 8-way, VIPT, no aliases, linesize 32 bytes
[    0.000000] pls check processor_id[0x00d00100],sc_jz not support!
[    0.000000] MIPS secondary cache 128kB, 8-way, linesize 32 bytes.
[    0.000000] pcpu-alloc: s0 r0 d32768 u32768 alloc=1*32768
[    0.000000] pcpu-alloc: [0] 0 
[    0.000000] Built 1 zonelists in Zone order, mobility grouping off.  Total pages: 25146
[    0.000000] Kernel command line: mem=99M@0x0 rmem=29M@0x6300000 console=ttyS1,115200n8 panic=10 root=/dev/mtdblock4 rootfstype=squashfs init=/init mtdparts=jz_sfc:256k(boot),32k(env),224k(config),1504k(kernel),6304k(rootfs),-(rootfs_data),15872k@0x80000(upgrade),16384k@0(all)
[    0.000000] PID hash table entries: 512 (order: -1, 2048 bytes)
[    0.000000] Dentry cache hash table entries: 16384 (order: 4, 65536 bytes)
[    0.000000] Inode-cache hash table entries: 8192 (order: 3, 32768 bytes)
[    0.000000] Memory: 95008k/101376k available (3766k kernel code, 6368k reserved, 752k data, 216k init, 0k highmem)
[    0.000000] SLUB: HWalign=32, Order=0-3, MinObjects=0, CPUs=1, Nodes=1
[    0.000000] Preemptible hierarchical RCU implementation.
[    0.000000] NR_IRQS:358
[    0.000000] clockevents_config_and_register success.
[    0.000012] Calibrating delay loop... 1391.00 BogoMIPS (lpj=6955008)
[    0.090038] pid_max: default: 32768 minimum: 301
[    0.090196] Mount-cache hash table entries: 512
[    0.090582] Initializing cgroup subsys debug
[    0.090600] Initializing cgroup subsys freezer
[    0.092104] devtmpfs: initialized
[    0.093568] regulator-dummy: no parameters
[    0.093830] NET: Registered protocol family 16
[    0.097224] set gpio strength: 32-2
[    0.097234] set gpio strength: 33-2
[    0.097241] set gpio strength: 34-2
[    0.097246] set gpio strength: 35-2
[    0.097252] set gpio strength: 36-2
[    0.097258] set gpio strength: 37-2
[    0.108144] bio: create slab <bio-0> at 0
[    0.113685] jz-dma jz-dma: JZ SoC DMA initialized
[    0.114832] usbcore: registered new interface driver usbfs
[    0.114995] usbcore: registered new interface driver hub
[    0.115198] usbcore: registered new device driver usb
[    0.115531]  (null): set:249  hold:250 dev=100000000 h=500 l=500
[    0.115862] media: Linux media interface: v0.10
[    0.116007] Linux video capture interface: v2.00
[    0.118020] cfg80211: Calling CRDA to update world regulatory domain
[    0.119101] Switching to clocksource jz_clocksource
[    0.121574] dwc2 otg probe start
[    0.121602] jz-dwc2 jz-dwc2: cgu clk gate get error
[    0.121625] DWC IN OTG MODE
[    0.122392] dwc2 dwc2: Keep PHY ON
[    0.122403] dwc2 dwc2: Using Buffer DMA mode
[    0.122412] dwc2 dwc2: Core Release: 3.00a
[    0.122454] dwc2 dwc2: DesignWare USB2.0 High-Speed Host Controller
[    0.122485] dwc2 dwc2: new USB bus registered, assigned bus number 1
[    0.123481] hub 1-0:1.0: USB hub found
[    0.123513] hub 1-0:1.0: 1 port detected
[    0.123616] dwc2 dwc2: DWC2 Host Initialized
[    0.123956] dwc2 dwc2: enter dwc2_gadget_plug_change:2588: plugin = 1 pullup_on = 0 suspend = 0
[    0.123972] dwc2 otg probe success
[    0.124227] NET: Registered protocol family 2
[    0.124573] TCP established hash table entries: 1024 (order: 1, 8192 bytes)
[    0.124603] TCP bind hash table entries: 1024 (order: 0, 4096 bytes)
[    0.124622] TCP: Hash tables configured (established 1024 bind 1024)
[    0.124668] TCP: reno registered
[    0.124680] UDP hash table entries: 256 (order: 0, 4096 bytes)
[    0.124698] UDP-Lite hash table entries: 256 (order: 0, 4096 bytes)
[    0.124874] NET: Registered protocol family 1
[    0.125160] RPC: Registered named UNIX socket transport module.
[    0.125171] RPC: Registered udp transport module.
[    0.125176] RPC: Registered tcp transport module.
[    0.125181] RPC: Registered tcp NFSv4.1 backchannel transport module.
[    0.125730] freq_udelay_jiffys[0].max_num = 10
[    0.125738] cpufreq 	udelay 	loops_per_jiffy	
[    0.125744] 12000	 59956	 59956	
[    0.125750] 24000	 119913	 119913	
[    0.125755] 60000	 299784	 299784	
[    0.125760] 120000	 599569	 599569	
[    0.125766] 200000	 999282	 999282	
[    0.125772] 300000	 1498924	 1498924	
[    0.125777] 600000	 2997848	 2997848	
[    0.125782] 792000	 3957159	 3957159	
[    0.125788] 1008000	 5036385	 5036385	
[    0.125794] 1200000	 5995696	 5995696	
[    0.136528] squashfs: version 4.0 (2009/01/31) Phillip Lougher
[    0.137728] jffs2: version 2.2. © 2001-2006 Red Hat, Inc.
[    0.138298] msgmni has been set to 185
[    0.139688] io scheduler noop registered
[    0.139722] io scheduler cfq registered (default)
[    0.146353] jz-uart.1: ttyS1 at MMIO 0x10031000 (irq = 58) is a uart1
[    0.224879] dwc2 dwc2: ID PIN CHANGED!
[    0.641767] console [ttyS1] enabled
[    0.646046] logger: created 256K log 'log_main'
[    0.652571] jz TCU driver register completed
[    0.657876] the id code = b4018, the flash name is XT25F128B
[    0.663795] JZ SFC Controller for SFC channel 0 driver register
[    0.669945] 8 cmdlinepart partitions found on MTD device jz_sfc
[    0.676056] Creating 8 MTD partitions on "jz_sfc":
[    0.681148] 0x000000000000-0x000000040000 : "boot"
[    0.687106] 0x000000040000-0x000000048000 : "env"
[    0.693061] 0x000000048000-0x000000080000 : "config"
[    0.699261] 0x000000080000-0x0000001f8000 : "kernel"
[    0.705425] 0x0000001f8000-0x000000820000 : "rootfs"
[    0.711747] 0x000000820000-0x000001000000 : "rootfs_data"
[    0.718321] 0x000000080000-0x000001000000 : "upgrade"
[    0.724686] 0x000000000000-0x000001000000 : "all"
[    0.730687] SPI NOR MTD LOAD OK
[    0.734256] usbcore: registered new interface driver asix
[    0.740117] usbcore: registered new interface driver cdc_ether
[    0.746334] usbcore: registered new interface driver cdc_ncm
[    0.752285] i2c /dev entries driver
[    0.756742] jz-wdt: watchdog initialized
[    0.761473] TCP: cubic registered
[    0.765893] NET: Registered protocol family 10
[    0.771279] NET: Registered protocol family 17
[    0.777053] input: gpio-keys as /devices/platform/gpio-keys/input/input0
[    0.787934] VFS: Mounted root (squashfs filesystem) readonly on device 31:4.
[    0.798302] devtmpfs: mounted
[    0.801767] Freeing unused kernel memory: 216K (8047a000 - 804b0000)
[    1.207611] jffs2: notice: (410) jffs2_build_xattr_subsystem: complete building xattr subsystem, 1 of xdatum (0 unchecked, 0 orphan) and 2 of xref (0 dead, 0 orphan) found.
[    2.153493] jffs2: notice: (422) jffs2_build_xattr_subsystem: complete building xattr subsystem, 0 of xdatum (0 unchecked, 0 orphan) and 0 of xref (0 dead, 0 orphan) found.
[    6.674977] jzmmc_v1.2 jzmmc_v1.2.0: vmmc regulator missing
[    6.677526] jzmmc_v1.2 jzmmc_v1.2.0: register success!
[    6.677585] jzmmc_v1.2 jzmmc_v1.2.1: vmmc regulator missing
[    6.680269] jzmmc_v1.2 jzmmc_v1.2.1: register success!
[    6.797143] exFAT: Version 1.2.9
[    6.838174] usbcore: registered new interface driver usbserial
[    6.858056] usbcore: registered new interface driver ch341
[    6.860546] usbserial: USB Serial support registered for ch341-uart
[    6.875076] usbcore: registered new interface driver cp210x
[    6.877494] usbserial: USB Serial support registered for cp210x
[    6.903104] request spk en gpio 63 ok!
[    6.903115] jz_codec_register: probe() successful!
[    6.903191] cgu_set_rate, parent = 1392000000, rate = 2048000, n = 10875, reg val = 0x01002a7b
[    6.903199] cgu_enable,cgu_i2s_spk reg val = 0x21002a7b
[    6.903216] cgu_set_rate, parent = 1392000000, rate = 2048000, n = 10875, reg val = 0x01002a7b
[    6.903224] cgu_enable,cgu_i2s_mic reg val = 0x21002a7b
[    7.309346] dma dma0chan24: Channel 24 have been requested.(phy id 7,type 0x06 desc a48f2000)
[    7.309634] dma dma0chan25: Channel 25 have been requested.(phy id 6,type 0x06 desc a48be000)
[    7.309954] dma dma0chan26: Channel 26 have been requested.(phy id 5,type 0x04 desc a481c000)
[    7.339783] @@@@ avpu driver ok(version H20220825a) @@@@@
[    7.376899] input: gpio-keys as /devices/platform/gpio-keys/input/input1
[    7.379362] Additional GPIO keys device registered with 1 buttons
[    7.389352] The version of PWM driver is H20210412a
[    7.400164] pwm-jz pwm-jz: jz_pwm_probe register ok !
[    7.878373] jzmmc_v1.2 jzmmc_v1.2.1: card insert via sysfs
[    7.991573] mmc1: card claims to support voltages below the defined range. These will be ignored.
[    8.050002] mmc1: new SDIO card at address 0001
[    8.268025] RTW: module init start
[    8.268040] RTW: rtl8189fs v5.11.6.0-2-gb9aa73b62.20211117
[    8.268046] RTW: build time: Aug 28 2025 05:46:40
[    8.268268] RTW: == SDIO Card Info ==
[    8.268278] RTW:   card: 84299c00
[    8.268284] RTW:   clock: 24000000 Hz
[    8.268290] RTW:   timing spec: legacy
[    8.268297] RTW:   sd3_bus_mode: FALSE
[    8.268303] RTW:   func num: 1
[    8.268309] RTW:   func1: 849fa300 (*)
[    8.268314] RTW: ================
[    8.297683] RTW: HW EFUSE
[    8.297696] RTW: 0x000: 29 81 03 CC  00 00 50 00  00 00 04 CC  0A 0C 00 00  
[    8.297729] RTW: 0x010: 24 25 26 27  27 27 2C 2C  2E 2E 2E 02  FF FF FF FF  
[    8.297762] RTW: 0x020: FF FF FF FF  FF FF FF FF  FF FF FF FF  FF FF FF FF  
[    8.297794] RTW: 0x030: FF FF FF FF  FF FF FF FF  FF FF FF FF  FF FF FF FF  
[    8.297827] RTW: 0x040: FF FF FF FF  FF FF FF FF  FF FF FF FF  FF FF FF FF  
[    8.297860] RTW: 0x050: FF FF FF FF  FF FF FF FF  FF FF FF FF  FF FF FF FF  
[    8.297892] RTW: 0x060: FF FF FF FF  FF FF FF FF  FF FF FF FF  FF FF FF FF  
[    8.297925] RTW: 0x070: FF FF FF FF  FF FF FF FF  FF FF FF FF  FF FF FF FF  
[    8.297958] RTW: 0x080: FF FF FF FF  FF FF FF FF  FF FF FF FF  FF FF FF FF  
[    8.297990] RTW: 0x090: FF FF FF FF  FF FF FF FF  FF FF FF FF  FF FF FF FF  
[    8.298023] RTW: 0x0A0: FF FF FF FF  FF FF FF FF  FF FF FF FF  FF FF FF FF  
[    8.298056] RTW: 0x0B0: FF FF FF FF  FF FF FF FF  20 1C 1B 00  00 00 00 FF  
[    8.298088] RTW: 0x0C0: FF 12 00 10  00 FF 00 FF  00 00 FF FF  FF FF FF FF  
[    8.298120] RTW: 0x0D0: 3E 10 01 12  23 FF FF FF  20 04 4C 02  79 F1 21 02  
[    8.298152] RTW: 0x0E0: 0C 00 22 04  00 08 00 32  FF 21 02 0C  00 22 2A 01  
[    8.298184] RTW: 0x0F0: 01 00 00 00  00 00 00 00  00 00 00 00  02 00 FF FF  
[    8.298216] RTW: 0x100: 00 00 00 00  00 00 00 00  00 00 00 00  00 00 00 00  
[    8.298247] RTW: 0x110: 00 EB 00 6E  01 00 00 00  00 FF 4C 31  2D 6A D0 0D  
[    8.298279] RTW: 0x120: FF FF FF FF  FF FF FF FF  FF FF FF FF  FF FF FF FF  
[    8.298312] RTW: 0x130: FF FF FF FF  FF FF FF FF  FF FF FF FF  FF FF FF FF  
[    8.298345] RTW: 0x140: FF FF FF FF  FF FF FF FF  FF FF FF FF  FF FF FF FF  
[    8.298378] RTW: 0x150: FF FF FF FF  FF FF FF FF  FF FF FF FF  FF FF FF FF  
[    8.298410] RTW: 0x160: FF FF FF FF  FF FF FF FF  FF FF FF FF  FF FF FF FF  
[    8.298443] RTW: 0x170: FF FF FF FF  FF FF FF FF  FF FF FF FF  FF FF FF FF  
[    8.298476] RTW: 0x180: FF FF FF FF  FF FF FF FF  FF FF FF FF  FF FF FF FF  
[    8.298508] RTW: 0x190: FF FF FF FF  FF FF FF FF  FF FF FF FF  FF FF FF FF  
[    8.298541] RTW: 0x1A0: FF FF FF FF  FF FF FF FF  FF FF FF FF  FF FF FF FF  
[    8.298574] RTW: 0x1B0: FF FF FF FF  FF FF FF FF  FF FF FF FF  FF FF FF FF  
[    8.298606] RTW: 0x1C0: FF FF FF FF  FF FF FF FF  FF FF FF FF  FF FF FF FF  
[    8.298639] RTW: 0x1D0: FF FF FF FF  FF FF FF FF  FF FF FF FF  FF FF FF FF  
[    8.298672] RTW: 0x1E0: FF FF FF FF  FF FF FF FF  FF FF FF FF  FF FF FF FF  
[    8.298704] RTW: 0x1F0: FF FF FF FF  FF FF FF FF  FF FF FF FF  FF FF FF FF  
[    8.298746] RTW: hal_com_config_channel_plan chplan:0x20
[    8.382651] RTW: [RF_PATH] ver_id.RF_TYPE:RF_1T1R
[    8.382666] RTW: [RF_PATH] HALSPEC's rf_reg_trx_path_bmp:0x11, rf_reg_path_avail_num:1, max_tx_cnt:1
[    8.382672] RTW: [RF_PATH] PG's trx_path_bmp:0x00, max_tx_cnt:0
[    8.382680] RTW: [RF_PATH] Registry's trx_path_bmp:0x00, tx_path_lmt:0, rx_path_lmt:0
[    8.382686] RTW: [RF_PATH] HALDATA's trx_path_bmp:0x11, max_tx_cnt:1
[    8.382693] RTW: [RF_PATH] HALDATA's rf_type:RF_1T1R, NumTotalRFPath:1
[    8.382700] RTW: [TRX_Nss] HALSPEC - tx_nss:1, rx_nss:1
[    8.382706] RTW: [TRX_Nss] Registry - tx_nss:0, rx_nss:0
[    8.382712] RTW: [TRX_Nss] HALDATA - tx_nss:1, rx_nss:1
[    8.383923] RTW: rtw_regsty_chk_target_tx_power_valid return _FALSE for band:0, path:0, rs:0, t:-1
[    8.403888] RTW: rtw_ndev_init(wlan0) if1 mac_addr=4c:31:2d:6a:d0:0d
[    8.417007] RTW: rtw_ndev_init(wlan1) if2 mac_addr=4e:31:2d:6a:d0:0d
[    8.432638] RTW: module init ret=0
[    9.061779] RTW: txpath=0x1, rxpath=0x1
[    9.061791] RTW: txpath_1ss:0x1, num:1
[    9.147642] IPv6: ADDRCONF(NETDEV_UP): wlan0: link is not ready
[   10.833139] RTW: rtw_set_802_11_connect(wlan0)  fw_state=0x00000008
[   11.033657] RTW: start auth
[   11.046165] RTW: auth success, start assoc
[   11.051902] RTW: assoc success
[   11.051992] IPv6: ADDRCONF(NETDEV_CHANGE): wlan0: link becomes ready
[   11.053726] RTW: ============ STA [e8:9c:25:02:11:0c]  ===================
[   11.053737] RTW: mac_id : 0
[   11.053743] RTW: wireless_mode : 0x0b
[   11.053748] RTW: mimo_type : 0
[   11.053754] RTW: static smps : N
[   11.053760] RTW: bw_mode : 20MHz, ra_bw_mode : 20MHz
[   11.053766] RTW: rate_id : 3
[   11.053772] RTW: rssi : -1 (%), rssi_level : 0
[   11.053778] RTW: is_support_sgi : Y, is_vht_enable : N
[   11.053784] RTW: disable_ra : N, disable_pt : N
[   11.053789] RTW: is_noisy : N
[   11.053794] RTW: txrx_state : 0
[   11.053801] RTW: curr_tx_rate : CCK_1M (L)
[   11.053806] RTW: curr_tx_bw : 20MHz
[   11.053812] RTW: curr_retry_ratio : 0
[   11.053818] RTW: ra_mask : 0x00000000000fffff
[   11.053818] 
[   11.059439] RTW: recv eapol packet 1/4
[   11.060607] RTW: send eapol packet 2/4
[   11.066159] RTW: recv eapol packet 3/4
[   11.066524] RTW: send eapol packet 4/4
[   11.067702] RTW: set pairwise key camid:0, addr:e8:9c:25:02:11:0c, kid:0, type:AES
[   11.067998] RTW: set group key camid:1, addr:e8:9c:25:02:11:0c, kid:1, type:AES
[   12.871299] codec_codec_ctl: set repaly channel...
[   12.871337] cgu_set_rate, parent = 1392000000, rate = 4096000, n = 10875, reg val = 0x22002a7b
[   12.871344] codec_codec_ctl: set sample rate...
[   12.871429] codec_codec_ctl: set device...
[   13.109167] codec_set_device: set device: speaker...
[   18.892280] *** tx_isp_init: EXACT Binary Ninja MCP reference implementation ***
[   18.894869] *** PROBE: tx_isp_platform_probe CALLED for device tx-isp ***
[   18.894887] *** PROBE: ISP device allocated successfully: 85fc0000 ***
[   18.894904] *** PROBE: ISP core registers mapped at 0x13300000 for system_reg_write ***
[   18.894909] *** PROBE: ISP device mutex and spinlock initialized ***
[   18.894917] *** PROBE: Event callback structure initialized at 0x8589cd80 (offset 0xc from isp_dev) ***
[   18.894927] parse_rmem_bootarg: Found rmem=29M@0x06300000 (size=0x01d00000)
[   18.894934] *** PROBE: Initialized rmem_addr=0x06300000, size=0x01d00000 ***
[   18.894940] *** PROBE: Platform data: c06b9120 ***
[   18.894945] *** PROBE: Platform data validation passed ***
[   18.894950] *** REFERENCE DRIVER: Individual subdevices will initialize their own memory regions ***
[   18.894956] *** PLATFORM DEVICES ALREADY REGISTERED IN INIT - SKIPPING DUPLICATE REGISTRATION ***
[   18.894962] *** tx_isp_module_init: EXACT Binary Ninja reference implementation ***
[   18.894967] *** tx_isp_module_init: Registering subdev platform drivers FIRST ***
[   18.894973] *** TX ISP SUBDEV PLATFORM DRIVERS REGISTRATION ***
[   18.907345] All ISP subdev platform drivers registered successfully
[   18.910009] *** tx_isp_create_graph_and_nodes: EXACT Binary Ninja reference implementation ***
[   18.910021] *** Registering platform device 0 from platform data ***
[   18.912644] *** tx_isp_subdev_init: CALLED for device 'isp-w01' ***
[   18.912659] *** tx_isp_subdev_init: pdev=c06b8e08, sd=85468000, ops=c06b9420 ***
[   18.912666] *** tx_isp_subdev_init: ourISPdev=85fc0000 ***
[   18.912673] *** tx_isp_subdev_init: ops=c06b9420, ops->core=c06b9454 ***
[   18.912679] *** tx_isp_subdev_init: ops->core->init=c066a8c0 ***
[   18.912685] *** tx_isp_subdev_init: Set sd->dev=c06b8e18, sd->pdev=c06b8e08 ***
[   18.912692] *** tx_isp_subdev_init: CSI subdev registered at slot 0 ***
[   18.912698] tx_isp_module_init: Module initialized for isp-w01
[   18.912703] *** tx_isp_subdev_init: VIC interrupt registration will happen in auto-linking function ***
[   18.912710] *** isp-w01: Skipping IRQ request - device has no IRQ resource ***
[   18.912717] tx_isp_subdev_init: platform_get_resource returned c06b8ef8 for device isp-w01
[   18.912725] tx_isp_subdev_init: Memory resource found: start=0x10022000, end=0x10022fff, size=0x00001000
[   18.912733] *** tx_isp_subdev_init: Clock initialization deferred until streaming starts ***
[   18.912739] *** tx_isp_subdev_init: Clock count stored: 1 ***
[   18.912747] *** tx_isp_subdev_auto_link: ENTRY - pdev=c06b8e08, sd=85468000, ourISPdev=85fc0000 ***
[   18.912754] *** tx_isp_subdev_auto_link: Auto-linking device 'isp-w01' to ourISPdev=85fc0000 ***
[   18.912760] *** DEBUG: Device name comparison - checking 'isp-w01' ***
[   18.912765] *** DEBUG: About to check device name matches ***
[   18.912771] *** CSI BASIC REGISTERS SET: b0022000 (from tx_isp_subdev_init) ***
[   18.912777] *** LINKED CSI device: 85468000, regs: b0022000 ***
[   18.912784] *** CSI PROBE: Set dev_priv to csi_dev 85468000 AFTER subdev_init ***
[   18.912790] *** CSI PROBE: Set host_priv to csi_dev 85468000 AFTER subdev_init ***
[   18.912796] *** CSI PROBE: csi_regs (offset 0xb8) mapped to: b0022000 ***
[   18.912803] *** CSI PROBE: isp_csi_regs (offset 0x13c) mapped to CSI PHY: b0022000 (0x10022000) ***
[   18.912809] *** CSI PROBE: Device linking handled automatically by tx_isp_subdev_init ***
[   18.912828] *** Platform device 0 (isp-w01) registered successfully ***
[   18.912835] *** Registering platform device 1 from platform data ***
[   18.915429] *** VIC PROBE: IRQ numbers initialized to 38 ***
[   18.915443] *** VIC PROBE: Primary VIC registers mapped at 0x133e0000 -> b33e0000 ***
[   18.915449] *** VIC PROBE: VIC control registers mapped at 0x10023000 -> b0023000 ***
[   18.915455] *** VIC PROBE: Hardware IRQ function pointers set using SAFE struct members (tx_isp_enable/disable_irq) ***
[   18.915462] *** VIC PROBE: Secondary VIC register test - 0x1e0 = 0x00000000 (mapping verified) ***
[   18.915467] *** VIC PROBE: VIC interrupt registers will be configured during tx_isp_vic_start ***
[   18.915473] *** BINARY NINJA MCP: VIC buffer management ENABLED - following reference driver ***
[   18.915479] *** VIC will operate in FULL mode with complete buffer operations ***
[   18.915484] *** BINARY NINJA MCP: VIC full initialization complete - buffer management ENABLED ***
[   18.915491] *** VIC PROBE: Initialized default dimensions 1920x1080 and critical fields ***
[   18.915497] *** VIC PROBE: Event callback structure stored in VIC device field ***
[   18.915503] *** VIC PROBE: Stored vic_dev pointer 85468800 in subdev dev_priv ***
[   18.915509] *** VIC PROBE: Set host_priv to vic_dev 85468800 for Binary Ninja compatibility ***
[   18.915515] *** VIC PROBE: Skipping tx_isp_vic_hw_init - working branch configures interrupts during VIC operations ***
[   18.915523] *** tx_isp_subdev_init: CALLED for device 'isp-w02' ***
[   18.915530] *** tx_isp_subdev_init: pdev=c06b8f18, sd=85468800, ops=c06b93a0 ***
[   18.915536] *** tx_isp_subdev_init: ourISPdev=85fc0000 ***
[   18.915543] *** tx_isp_subdev_init: ops=c06b93a0, ops->core=c06b93bc ***
[   18.915549] *** tx_isp_subdev_init: ops->core->init=c06818cc ***
[   18.915555] *** tx_isp_subdev_init: Set sd->dev=c06b8f28, sd->pdev=c06b8f18 ***
[   18.915562] *** tx_isp_subdev_init: VIC device linked and registered at slot 1 ***
[   18.915568] tx_isp_module_init: Module initialized for isp-w02
[   18.915574] *** tx_isp_subdev_init: VIC interrupt registration will happen in auto-linking function ***
[   18.915582] *** tx_isp_request_irq: platform_get_irq returned 38 for device isp-w02 ***
[   18.915589] *** tx_isp_request_irq: Using main ISP device as dev_id for IRQ 38 (device: isp-w02) ***
[   18.915599] *** tx_isp_request_irq: About to call request_threaded_irq(irq=38, handler=c0673ed4, thread=c0666584, flags=0x80, name=isp-w02, dev_id=85fc0000) ***
[   18.915607] *** tx_isp_request_irq: About to register IRQ 38 with handlers: main=c0673ed4, thread=c0666584 ***
[   18.917880] *** tx_isp_request_irq: request_threaded_irq returned 0 ***
[   18.917891] *** tx_isp_request_irq: IRQ 38 LEFT ENABLED (working version behavior) ***
[   18.917898] *** tx_isp_request_irq: IRQ 38 registered successfully for isp-w02 ***
[   18.917907] tx_isp_subdev_init: platform_get_resource returned c06b9010 for device isp-w02
[   18.917915] tx_isp_subdev_init: Memory resource found: start=0x10023000, end=0x10023fff, size=0x00001000
[   18.917924] *** tx_isp_subdev_init: Clock initialization deferred until streaming starts ***
[   18.917929] *** tx_isp_subdev_init: Clock count stored: 2 ***
[   18.917938] *** tx_isp_subdev_auto_link: ENTRY - pdev=c06b8f18, sd=85468800, ourISPdev=85fc0000 ***
[   18.917945] *** tx_isp_subdev_auto_link: Auto-linking device 'isp-w02' to ourISPdev=85fc0000 ***
[   18.917951] *** DEBUG: Device name comparison - checking 'isp-w02' ***
[   18.917956] *** DEBUG: About to check device name matches ***
[   18.917961] *** DEBUG: VIC DEVICE NAME MATCHED! Processing VIC device linking ***
[   18.917967] *** DEBUG: Retrieved vic_dev from subdev data: 85468800 ***
[   18.917973] *** DEBUG: About to set ourISPdev->vic_dev = 85468800 ***
[   18.917979] *** DEBUG: ourISPdev before linking: 85fc0000 ***
[   18.917985] *** DEBUG: ourISPdev->vic_dev set to: 85468800 ***
[   18.917991] *** VIC AUTO-LINK: VIC IRQ already registered (irq=38) ***
[   18.917996] *** VIC AUTO-LINK: Using existing VIC register mapping (0x133e0000) - NOT remapping ***
[   18.918002] *** VIC AUTO-LINK: Registers are mapped, registering interrupt handler ***
[   18.918009] *** VIC PROBE: Device linking handled automatically by tx_isp_subdev_init ***
[   18.918015] *** VIC PROBE: Sensor dimensions will be cached when sensor module loads ***
[   18.918021] *** VIC PROBE: VIC frame channel streaming will be initialized via tisp_init ***
[   18.918026] *** VIC PROBE: Waiting for core subdev init to call tisp_init which calls tx_isp_subdev_pipo ***
[   18.918048] *** Platform device 1 (isp-w02) registered successfully ***
[   18.918055] *** Registering platform device 2 from platform data ***
[   18.918458] *** VIN PROBE: VIN registers mapped to ISP Core: b3300000 (0x13300000) ***
[   18.918471] *** tx_isp_subdev_init: CALLED for device 'isp-w00' ***
[   18.918479] *** tx_isp_subdev_init: pdev=c06b8d30, sd=80521000, ops=c06ba294 ***
[   18.918485] *** tx_isp_subdev_init: ourISPdev=85fc0000 ***
[   18.918492] *** tx_isp_subdev_init: ops=c06ba294, ops->core=c06ba2b4 ***
[   18.918498] *** tx_isp_subdev_init: ops->core->init=c068eae8 ***
[   18.918745] *** tx_isp_subdev_init: Set sd->dev=c06b8d40, sd->pdev=c06b8d30 ***
[   18.918756] *** tx_isp_subdev_init: NOT A SENSOR - ops=c06ba294 ***
[   18.918763] *** tx_isp_subdev_init: ops->sensor=  (null), csi_subdev_ops=c06b9420 ***
[   18.918770] tx_isp_module_init: Module initialized for isp-w00
[   18.918775] *** tx_isp_subdev_init: VIC interrupt registration will happen in auto-linking function ***
[   18.918784] *** tx_isp_subdev_auto_link: ENTRY - pdev=c06b8d30, sd=80521000, ourISPdev=85fc0000 ***
[   18.918791] *** tx_isp_subdev_auto_link: Auto-linking device 'isp-w00' to ourISPdev=85fc0000 ***
[   18.918797] *** DEBUG: Device name comparison - checking 'isp-w00' ***
[   18.918803] *** DEBUG: About to check device name matches ***
[   18.918808] *** DEBUG: VIN device name matched! Setting up VIN device ***
[   18.918814] *** LINKED VIN device: 80521000 ***
[   18.918821] *** VIN SUBDEV OPS CONFIGURED: core=c06ba2b4, video=c06ba2a8, s_stream=c068edac ***
[   18.918828] *** REGISTERED VIN SUBDEV AT SLOT 2 WITH VIDEO OPS ***
[   18.918835] *** VIN PROBE: Set dev_priv to vin_dev 80521000 AFTER subdev_init ***
[   18.918841] *** VIN PROBE: Device linking handled automatically by tx_isp_subdev_init ***
[   18.918862] *** Platform device 2 (isp-w00) registered successfully ***
[   18.918869] *** Registering platform device 3 from platform data ***
[   18.922035] *** tx_isp_subdev_init: CALLED for device 'isp-fs' ***
[   18.922050] *** tx_isp_subdev_init: pdev=c06b8bf0, sd=80521400, ops=c06b94d4 ***
[   18.922056] *** tx_isp_subdev_init: ourISPdev=85fc0000 ***
[   18.922063] *** tx_isp_subdev_init: ops=c06b94d4, ops->core=c06c037c ***
[   18.922069] *** tx_isp_subdev_init: WARNING - ops->core->init is NULL! ***
[   18.922075] *** tx_isp_subdev_init: Set sd->dev=c06b8c00, sd->pdev=c06b8bf0 ***
[   18.922081] *** tx_isp_subdev_init: NOT A SENSOR - ops=c06b94d4 ***
[   18.922089] *** tx_isp_subdev_init: ops->sensor=c06c0370, csi_subdev_ops=c06b9420 ***
[   18.922095] tx_isp_module_init: Module initialized for isp-fs
[   18.922100] *** tx_isp_subdev_init: VIC interrupt registration will happen in auto-linking function ***
[   18.922107] *** isp-fs: Skipping IRQ request - device has no IRQ resource ***
[   18.922113] tx_isp_subdev_init: platform_get_resource returned   (null) for device isp-fs
[   18.922119] tx_isp_subdev_init: No memory resource for device isp-fs (logical device - OK)
[   18.922127] *** FS PROBE: Set dev_priv to fs_dev 80521400 AFTER subdev_init ***
[   18.922133] *** FS PROBE: Device linking handled automatically by tx_isp_subdev_auto_link() ***
[   18.922153] *** Platform device 3 (isp-fs) registered successfully ***
[   18.922159] *** Registering platform device 4 from platform data ***
[   18.925010] *** tx_isp_core_probe: NEW ARCHITECTURE - Creating separate core device ***
[   18.925023] *** tx_isp_create_core_device: Creating ISP core device ***
[   18.925033] *** tx_isp_create_core_device: Core device created successfully: 85468400 ***
[   18.925039] *** CORE PROBE: Set dev_priv to core_dev 85468400 ***
[   18.925045] *** CORE PROBE: Set host_priv to core_dev 85468400 - PREVENTS BadVA CRASH ***
[   18.925053] *** tx_isp_subdev_init: CALLED for device 'isp-m0' ***
[   18.925060] *** tx_isp_subdev_init: pdev=c06b8ad0, sd=85468400, ops=c06b91d8 ***
[   18.925066] *** tx_isp_subdev_init: ourISPdev=85fc0000 ***
[   18.925073] *** tx_isp_subdev_init: ops=c06b91d8, ops->core=c06b9204 ***
[   18.925079] *** tx_isp_subdev_init: ops->core->init=c067e3f0 ***
[   18.925085] *** tx_isp_subdev_init: Set sd->dev=c06b8ae0, sd->pdev=c06b8ad0 ***
[   18.925093] *** tx_isp_subdev_init: Core ISP subdev registered at slot 3 ***
[   18.925098] tx_isp_module_init: Module initialized for isp-m0
[   18.925104] *** tx_isp_subdev_init: VIC interrupt registration will happen in auto-linking function ***
[   18.925112] *** tx_isp_request_irq: platform_get_irq returned 37 for device isp-m0 ***
[   18.925119] *** tx_isp_request_irq: Using main ISP device as dev_id for IRQ 37 (device: isp-m0) ***
[   18.925129] *** tx_isp_request_irq: About to call request_threaded_irq(irq=37, handler=c0673ed4, thread=c0666584, flags=0x80, name=isp-m0, dev_id=85fc0000) ***
[   18.925137] *** tx_isp_request_irq: About to register IRQ 37 with handlers: main=c0673ed4, thread=c0666584 ***
[   18.927407] *** tx_isp_request_irq: request_threaded_irq returned 0 ***
[   18.927419] *** tx_isp_request_irq: IRQ 37 LEFT ENABLED (working version behavior) ***
[   18.927426] *** tx_isp_request_irq: IRQ 37 registered successfully for isp-m0 ***
[   18.927434] tx_isp_subdev_init: platform_get_resource returned c06b8bb8 for device isp-m0
[   18.927442] tx_isp_subdev_init: Memory resource found: start=0x13300000, end=0x133fffff, size=0x00100000
[   18.927452] *** tx_isp_subdev_init: Clock initialization deferred until streaming starts ***
[   18.927458] *** tx_isp_subdev_init: Clock count stored: 0 ***
[   18.927466] *** tx_isp_subdev_auto_link: ENTRY - pdev=c06b8ad0, sd=85468400, ourISPdev=85fc0000 ***
[   18.927473] *** tx_isp_subdev_auto_link: Auto-linking device 'isp-m0' to ourISPdev=85fc0000 ***
[   18.927479] *** DEBUG: Device name comparison - checking 'isp-m0' ***
[   18.927485] *** DEBUG: About to check device name matches ***
[   18.927491] *** DEBUG: CORE device name matched! Setting up Core device ***
[   18.927497] *** CRITICAL FIX: CORE regs mapped to core device: b3300000 ***
[   18.927504] *** tx_isp_link_core_device: Linking core device 85468400 to ISP device 85fc0000 ***
[   18.927510] *** tx_isp_link_core_device: Core device linked successfully ***
[   18.927517] *** Core subdev already registered at slot 3: 85468400 ***
[   18.927523] *** LINKED CORE device: 85468400 ***
[   18.927527] *** CORE SUBDEV REGISTERED AT INDEX 0 ***
[   18.927533] *** tx_isp_core_probe: Core subdev initialized successfully ***
[   18.927539] *** tx_isp_core_device_init: Initializing core device: 85468400 ***
[   18.927551] *** tx_isp_core_device_init: State transitions handled by slake_module ***
[   18.927556] *** tx_isp_core_device_init: Core device initialized successfully ***
[   18.927562] *** tx_isp_core_device_init: Core sensor IOCTL handler set for sensor registration ***
[   18.927569] *** tx_isp_link_core_device: Linking core device 85468400 to ISP device 85fc0000 ***
[   18.927575] *** tx_isp_link_core_device: Core device linked successfully ***
[   18.927581] *** Core subdev already registered at slot 3: 85468400 ***
[   18.927595] *** tx_isp_core_probe: Assigned frame_channels=85469000 to core_dev ***
[   18.927601] *** tx_isp_core_probe: VIC device creation deferred to platform driver system ***
[   18.927606] *** tx_isp_core_probe: Platform drivers will call tx_isp_subdev_init for proper initialization ***
[   18.927611] *** tx_isp_core_probe: Calling sensor_early_init ***
[   18.927617] *** tx_isp_core_probe: ISP clock management handled by infrastructure ***
[   18.927623] *** tx_isp_core_probe: ispcore_slake_module will be called when VIC reaches streaming state ***
[   18.927628] *** tx_isp_core_probe: Core device setup complete ***
[   18.927634] ***   - Core device: 85468400 ***
[   18.927639] ***   - Channel count: 6 ***
[   18.927645] ***   - Linked to ISP device: 85fc0000 ***
[   18.927649] *** tx_isp_core_probe: Initializing core tuning system ***
[   18.927655] isp_core_tuning_init: Initializing tuning data structure
[   18.927668] isp_core_tuning_init: Tuning data structure initialized at 84bde000
[   18.927674] isp_core_tuning_init: Structure size: 4116 bytes (vs Binary Ninja 0x40d0)
[   18.927679] *** SAFE: mode_flag properly initialized using struct member access ***
[   18.927694] [tuning] Seeded tuning arrays from tuning_constants.h (first EV=50, last EV=7000)
[   18.927699] *** tx_isp_core_probe: Tuning init SUCCESS ***
[   18.927704] *** tx_isp_core_probe: Set platform driver data ***
[   18.927709] *** tx_isp_core_probe: Set global core device reference ***
[   18.927715] *** tx_isp_core_probe: SUCCESS - Core device fully initialized ***
[   18.927720] ***   - Core device: 85468400 ***
[   18.927726] ***   - Tuning device: 84bde000 ***
[   18.927731] *** tx_isp_core_probe: Creating frame channel devices ***
[   18.927736] *** tx_isp_create_framechan_devices: Creating frame channel devices ***
[   18.928094] *** Created frame channel device: /dev/framechan0 (major=10, minor=54) ***
[   18.930725] *** Created frame channel device: /dev/framechan1 (major=10, minor=53) ***
[   18.933333] *** Created frame channel device: /dev/framechan2 (major=10, minor=52) ***
[   18.935943] *** Created frame channel device: /dev/framechan3 (major=10, minor=51) ***
[   18.935954] *** tx_isp_create_framechan_devices: All frame channel devices created ***
[   18.935960] *** tx_isp_core_probe: Frame channel devices created successfully ***
[   18.935965] *** tx_isp_core_probe: Creating ISP M0 tuning device node ***
[   18.935971] tisp_code_create_tuning_node: Creating ISP M0 tuning device node
[   18.935980] tisp_code_create_tuning_node: Allocated dynamic major 251
[   18.941011] *** ISP M0 TUNING DEVICE CREATED: /dev/isp-m0 (major=251, minor=0) ***
[   18.941022] *** tx_isp_core_probe: ISP M0 tuning device node created successfully ***
[   18.941027] *** tx_isp_core_probe: Core probe completed successfully ***
[   18.941048] *** Platform device 4 (isp-m0) registered successfully ***
[   18.941054] *** tx_isp_create_graph_and_nodes: Creating /proc/jz/isp entries ***
[   18.941076] *** Created /proc/jz/isp directory ***
[   18.941084] *** PROC ENTRY DEBUG: Using isp_vic_frd_fops for isp-w01 (with ioctl handler) ***
[   18.941093] *** Created /proc/jz/isp/isp-w01 entry with file ops ***
[   18.941099] *** PROC ENTRY DEBUG: Using vic_w02_proc_fops for isp-w02 (with write handler) ***
[   18.941107] *** PROC ENTRY DEBUG: vic_w02_proc_fops.write=c0683f10 ***
[   18.941114] *** PROC ENTRY FIX: Using ISP device 85fc0000 instead of VIC device 85468800 for isp-w02 ***
[   18.941123] *** Created /proc/jz/isp/isp-w02 entry with file ops ***
[   18.941129] *** PROC ENTRY DEBUG: Using isp_vic_frd_fops for isp-w00 (with ioctl handler) ***
[   18.941138] *** Created /proc/jz/isp/isp-w00 entry with file ops ***
[   18.941147] *** Created /proc/jz/isp/isp-fs entry with file ops ***
[   18.941156] *** Created /proc/jz/isp/isp-m0 entry with file ops ***
[   18.941161] *** tx_isp_create_graph_and_nodes: Registering misc devices ***
[   18.941167] *** Misc device registration handled via main tx-isp device ***
[   18.941172] *** Misc device registration handled via main tx-isp device ***
[   18.941177] *** Misc device registration handled via main tx-isp device ***
[   18.941183] *** Misc device registration handled via main tx-isp device ***
[   18.941188] *** Misc device registration handled via main tx-isp device ***
[   18.941193] *** tx_isp_create_graph_and_nodes: Initializing frame channels ***
[   18.941202] *** Frame channel 0 initialized: 1920x1080, state=2 ***
[   18.941209] *** Frame channel 1 initialized: 640x360, state=2 ***
[   18.941215] *** tx_isp_create_graph_and_nodes: Binary Ninja reference implementation complete ***
[   18.941222] *** tx_isp_module_init: VIC device linkage check - isp_dev->vic_dev = 85468800 ***
[   18.941227] *** ENABLING HARDWARE INTERRUPT GENERATION ***
[   18.941233] *** WRITING VIC INTERRUPT ENABLE REGISTERS ***
[   18.941239] *** EARLY VIC ENABLES (MODULE INIT): SKIPPED 0x1e0/0x1e4 programming to preserve W1C semantics ***
[   18.941244] *** ENABLING ISP CORE INTERRUPT REGISTERS FOR MIPI DATA ***
[   18.941250] *** ISP CORE INTERRUPT REGISTERS ENABLED at legacy(+0xb*) and new(+0x98b*) ***
[   18.941255] *** BOTH VIC AND ISP CORE INTERRUPTS NOW ENABLED! ***
[   18.941261] *** tx_isp_module_init: Binary Ninja reference implementation complete ***
[   18.941266] *** PROBE: Binary Ninja reference implementation complete ***
[   18.943740] *** tx_isp_init: Platform device and driver registered successfully ***
[   18.948345] === gc2053 SENSOR MODULE INIT ===
[   18.951013] gc2053 I2C driver registered, waiting for device creation by ISP
[   19.823305] ISP opened successfully
[   19.823618] ISP IOCTL: cmd=0x805056c1 arg=0x775e1d60
[   19.823631] subdev_sensor_ops_ioctl: cmd=0x2000000
[   19.823637] *** subdev_sensor_ops_ioctl: IOCTL 0x2000000 - Creating I2C sensor device ***
[   19.823643] *** Creating I2C sensor device on adapter 0 ***
[   19.823653] *** Creating I2C device: gc2053 at 0x37 ***
[   19.823658] *** isp_i2c_new_subdev_board: MIPS-SAFE implementation - FIXED CRASH ***
[   19.823666] Creating I2C subdev: type=gc2053 addr=0x37 on adapter i2c0 (MIPS-safe)
[   19.823671] *** MIPS-SAFE: Requesting sensor module gc2053 ***
[   19.832297] *** MIPS-SAFE: Valid I2C address 0x37, creating device ***
[   19.838787] === GC2053 SENSOR PROBE START ===
[   19.838804] sensor_probe: client=85561300, addr=0x37, adapter=84074c10 (i2c0)
[   19.838809] === PERFORMING GPIO RESET SEQUENCE BEFORE I2C ===
[   19.838815] Requesting reset GPIO 18
[   19.838824] GPIO reset sequence: HIGH -> LOW -> HIGH
[    0.000000] Initializing cgroup subsys cpu
[    0.000000] Initializing cgroup subsys cpuacct
[    0.000000] Linux version 3.10.14__isvp_swan_1.0__ (buildroot@buildroot) (buildroot-gcc-14.3.0) #1 PREEMPT Thu Aug 28 05:46:40 UTC 2025
[    0.000000] CPU0 RESET ERROR PC:801ADC80
[    0.000000] [<801adc80>] 0x801adc80
[    0.000000] CPU0 revision is: 00d00100 (Ingenic Xburst)
[    0.000000] FPU revision is: 00b70000
[    0.000000] cgu_get_rate, parent = 1392000000, rate = 0, m = 129, n = 255, reg val = 0x081000ff
[    0.000000] cgu_get_rate, parent = 1392000000, rate = 0, m = 129, n = 255, reg val = 0x081000ff
[    0.000000] CCLK:1392MHz L2CLK:696Mhz H0CLK:200MHz H2CLK:200Mhz PCLK:100Mhz
[    0.000000] Determined physical RAM map:
[    0.000000]  memory: 0046a000 @ 00010000 (usable)
[    0.000000]  memory: 00036000 @ 0047a000 (usable after init)
[    0.000000] User-defined physical RAM map:
[    0.000000]  memory: 06300000 @ 00000000 (usable)
[    0.000000] Zone ranges:
[    0.000000]   Normal   [mem 0x00000000-0x062fffff]
[    0.000000] Movable zone start for each node
[    0.000000] Early memory node ranges
[    0.000000]   node   0: [mem 0x00000000-0x062fffff]
[    0.000000] On node 0 totalpages: 25344
[    0.000000] free_area_init_node: node 0, pgdat 80472c40, node_mem_map 81000000
[    0.000000]   Normal zone: 198 pages used for memmap
[    0.000000]   Normal zone: 0 pages reserved
[    0.000000]   Normal zone: 25344 pages, LIFO batch:7
[    0.000000] Primary instruction cache 32kB, 8-way, VIPT, linesize 32 bytes.
[    0.000000] Primary data cache 32kB, 8-way, VIPT, no aliases, linesize 32 bytes
[    0.000000] pls check processor_id[0x00d00100],sc_jz not support!
[    0.000000] MIPS secondary cache 128kB, 8-way, linesize 32 bytes.
[    0.000000] pcpu-alloc: s0 r0 d32768 u32768 alloc=1*32768
[    0.000000] pcpu-alloc: [0] 0 
[    0.000000] Built 1 zonelists in Zone order, mobility grouping off.  Total pages: 25146
[    0.000000] Kernel command line: mem=99M@0x0 rmem=29M@0x6300000 console=ttyS1,115200n8 panic=10 root=/dev/mtdblock4 rootfstype=squashfs init=/init mtdparts=jz_sfc:256k(boot),32k(env),224k(config),1504k(kernel),6304k(rootfs),-(rootfs_data),15872k@0x80000(upgrade),16384k@0(all)
[    0.000000] PID hash table entries: 512 (order: -1, 2048 bytes)
[    0.000000] Dentry cache hash table entries: 16384 (order: 4, 65536 bytes)
[    0.000000] Inode-cache hash table entries: 8192 (order: 3, 32768 bytes)
[    0.000000] Memory: 95008k/101376k available (3766k kernel code, 6368k reserved, 752k data, 216k init, 0k highmem)
[    0.000000] SLUB: HWalign=32, Order=0-3, MinObjects=0, CPUs=1, Nodes=1
[    0.000000] Preemptible hierarchical RCU implementation.
[    0.000000] NR_IRQS:358
[    0.000000] clockevents_config_and_register success.
[    0.000012] Calibrating delay loop... 1391.00 BogoMIPS (lpj=6955008)
[    0.090038] pid_max: default: 32768 minimum: 301
[    0.090196] Mount-cache hash table entries: 512
[    0.090582] Initializing cgroup subsys debug
[    0.090600] Initializing cgroup subsys freezer
[    0.092104] devtmpfs: initialized
[    0.093568] regulator-dummy: no parameters
[    0.093830] NET: Registered protocol family 16
[    0.097224] set gpio strength: 32-2
[    0.097234] set gpio strength: 33-2
[    0.097241] set gpio strength: 34-2
[    0.097246] set gpio strength: 35-2
[    0.097252] set gpio strength: 36-2
[    0.097258] set gpio strength: 37-2
[    0.108144] bio: create slab <bio-0> at 0
[    0.113685] jz-dma jz-dma: JZ SoC DMA initialized
[    0.114832] usbcore: registered new interface driver usbfs
[    0.114995] usbcore: registered new interface driver hub
[    0.115198] usbcore: registered new device driver usb
[    0.115531]  (null): set:249  hold:250 dev=100000000 h=500 l=500
[    0.115862] media: Linux media interface: v0.10
[    0.116007] Linux video capture interface: v2.00
[    0.118020] cfg80211: Calling CRDA to update world regulatory domain
[    0.119101] Switching to clocksource jz_clocksource
[    0.121574] dwc2 otg probe start
[    0.121602] jz-dwc2 jz-dwc2: cgu clk gate get error
[    0.121625] DWC IN OTG MODE
[    0.122392] dwc2 dwc2: Keep PHY ON
[    0.122403] dwc2 dwc2: Using Buffer DMA mode
[    0.122412] dwc2 dwc2: Core Release: 3.00a
[    0.122454] dwc2 dwc2: DesignWare USB2.0 High-Speed Host Controller
[    0.122485] dwc2 dwc2: new USB bus registered, assigned bus number 1
[    0.123481] hub 1-0:1.0: USB hub found
[    0.123513] hub 1-0:1.0: 1 port detected
[    0.123616] dwc2 dwc2: DWC2 Host Initialized
[    0.123956] dwc2 dwc2: enter dwc2_gadget_plug_change:2588: plugin = 1 pullup_on = 0 suspend = 0
[    0.123972] dwc2 otg probe success
[    0.124227] NET: Registered protocol family 2
[    0.124573] TCP established hash table entries: 1024 (order: 1, 8192 bytes)
[    0.124603] TCP bind hash table entries: 1024 (order: 0, 4096 bytes)
[    0.124622] TCP: Hash tables configured (established 1024 bind 1024)
[    0.124668] TCP: reno registered
[    0.124680] UDP hash table entries: 256 (order: 0, 4096 bytes)
[    0.124698] UDP-Lite hash table entries: 256 (order: 0, 4096 bytes)
[    0.124874] NET: Registered protocol family 1
[    0.125160] RPC: Registered named UNIX socket transport module.
[    0.125171] RPC: Registered udp transport module.
[    0.125176] RPC: Registered tcp transport module.
[    0.125181] RPC: Registered tcp NFSv4.1 backchannel transport module.
[    0.125730] freq_udelay_jiffys[0].max_num = 10
[    0.125738] cpufreq 	udelay 	loops_per_jiffy	
[    0.125744] 12000	 59956	 59956	
[    0.125750] 24000	 119913	 119913	
[    0.125755] 60000	 299784	 299784	
[    0.125760] 120000	 599569	 599569	
[    0.125766] 200000	 999282	 999282	
[    0.125772] 300000	 1498924	 1498924	
[    0.125777] 600000	 2997848	 2997848	
[    0.125782] 792000	 3957159	 3957159	
[    0.125788] 1008000	 5036385	 5036385	
[    0.125794] 1200000	 5995696	 5995696	
[    0.136528] squashfs: version 4.0 (2009/01/31) Phillip Lougher
[    0.137728] jffs2: version 2.2. © 2001-2006 Red Hat, Inc.
[    0.138298] msgmni has been set to 185
[    0.139688] io scheduler noop registered
[    0.139722] io scheduler cfq registered (default)
[    0.146353] jz-uart.1: ttyS1 at MMIO 0x10031000 (irq = 58) is a uart1
[    0.224879] dwc2 dwc2: ID PIN CHANGED!
[    0.641767] console [ttyS1] enabled
[    0.646046] logger: created 256K log 'log_main'
[    0.652571] jz TCU driver register completed
[    0.657876] the id code = b4018, the flash name is XT25F128B
[    0.663795] JZ SFC Controller for SFC channel 0 driver register
[    0.669945] 8 cmdlinepart partitions found on MTD device jz_sfc
[    0.676056] Creating 8 MTD partitions on "jz_sfc":
[    0.681148] 0x000000000000-0x000000040000 : "boot"
[    0.687106] 0x000000040000-0x000000048000 : "env"
[    0.693061] 0x000000048000-0x000000080000 : "config"
[    0.699261] 0x000000080000-0x0000001f8000 : "kernel"
[    0.705425] 0x0000001f8000-0x000000820000 : "rootfs"
[    0.711747] 0x000000820000-0x000001000000 : "rootfs_data"
[    0.718321] 0x000000080000-0x000001000000 : "upgrade"
[    0.724686] 0x000000000000-0x000001000000 : "all"
[    0.730687] SPI NOR MTD LOAD OK
[    0.734256] usbcore: registered new interface driver asix
[    0.740117] usbcore: registered new interface driver cdc_ether
[    0.746334] usbcore: registered new interface driver cdc_ncm
[    0.752285] i2c /dev entries driver
[    0.756742] jz-wdt: watchdog initialized
[    0.761473] TCP: cubic registered
[    0.765893] NET: Registered protocol family 10
[    0.771279] NET: Registered protocol family 17
[    0.777053] input: gpio-keys as /devices/platform/gpio-keys/input/input0
[    0.787934] VFS: Mounted root (squashfs filesystem) readonly on device 31:4.
[    0.798302] devtmpfs: mounted
[    0.801767] Freeing unused kernel memory: 216K (8047a000 - 804b0000)
[    1.207611] jffs2: notice: (410) jffs2_build_xattr_subsystem: complete building xattr subsystem, 1 of xdatum (0 unchecked, 0 orphan) and 2 of xref (0 dead, 0 orphan) found.
[    2.153493] jffs2: notice: (422) jffs2_build_xattr_subsystem: complete building xattr subsystem, 0 of xdatum (0 unchecked, 0 orphan) and 0 of xref (0 dead, 0 orphan) found.
[    6.674977] jzmmc_v1.2 jzmmc_v1.2.0: vmmc regulator missing
[    6.677526] jzmmc_v1.2 jzmmc_v1.2.0: register success!
[    6.677585] jzmmc_v1.2 jzmmc_v1.2.1: vmmc regulator missing
[    6.680269] jzmmc_v1.2 jzmmc_v1.2.1: register success!
[    6.797143] exFAT: Version 1.2.9
[    6.838174] usbcore: registered new interface driver usbserial
[    6.858056] usbcore: registered new interface driver ch341
[    6.860546] usbserial: USB Serial support registered for ch341-uart
[    6.875076] usbcore: registered new interface driver cp210x
[    6.877494] usbserial: USB Serial support registered for cp210x
[    6.903104] request spk en gpio 63 ok!
[    6.903115] jz_codec_register: probe() successful!
[    6.903191] cgu_set_rate, parent = 1392000000, rate = 2048000, n = 10875, reg val = 0x01002a7b
[    6.903199] cgu_enable,cgu_i2s_spk reg val = 0x21002a7b
[    6.903216] cgu_set_rate, parent = 1392000000, rate = 2048000, n = 10875, reg val = 0x01002a7b
[    6.903224] cgu_enable,cgu_i2s_mic reg val = 0x21002a7b
[    7.309346] dma dma0chan24: Channel 24 have been requested.(phy id 7,type 0x06 desc a48f2000)
[    7.309634] dma dma0chan25: Channel 25 have been requested.(phy id 6,type 0x06 desc a48be000)
[    7.309954] dma dma0chan26: Channel 26 have been requested.(phy id 5,type 0x04 desc a481c000)
[    7.339783] @@@@ avpu driver ok(version H20220825a) @@@@@
[    7.376899] input: gpio-keys as /devices/platform/gpio-keys/input/input1
[    7.379362] Additional GPIO keys device registered with 1 buttons
[    7.389352] The version of PWM driver is H20210412a
[    7.400164] pwm-jz pwm-jz: jz_pwm_probe register ok !
[    7.878373] jzmmc_v1.2 jzmmc_v1.2.1: card insert via sysfs
[    7.991573] mmc1: card claims to support voltages below the defined range. These will be ignored.
[    8.050002] mmc1: new SDIO card at address 0001
[    8.268025] RTW: module init start
[    8.268040] RTW: rtl8189fs v5.11.6.0-2-gb9aa73b62.20211117
[    8.268046] RTW: build time: Aug 28 2025 05:46:40
[    8.268268] RTW: == SDIO Card Info ==
[    8.268278] RTW:   card: 84299c00
[    8.268284] RTW:   clock: 24000000 Hz
[    8.268290] RTW:   timing spec: legacy
[    8.268297] RTW:   sd3_bus_mode: FALSE
[    8.268303] RTW:   func num: 1
[    8.268309] RTW:   func1: 849fa300 (*)
[    8.268314] RTW: ================
[    8.297683] RTW: HW EFUSE
[    8.297696] RTW: 0x000: 29 81 03 CC  00 00 50 00  00 00 04 CC  0A 0C 00 00  
[    8.297729] RTW: 0x010: 24 25 26 27  27 27 2C 2C  2E 2E 2E 02  FF FF FF FF  
[    8.297762] RTW: 0x020: FF FF FF FF  FF FF FF FF  FF FF FF FF  FF FF FF FF  
[    8.297794] RTW: 0x030: FF FF FF FF  FF FF FF FF  FF FF FF FF  FF FF FF FF  
[    8.297827] RTW: 0x040: FF FF FF FF  FF FF FF FF  FF FF FF FF  FF FF FF FF  
[    8.297860] RTW: 0x050: FF FF FF FF  FF FF FF FF  FF FF FF FF  FF FF FF FF  
[    8.297892] RTW: 0x060: FF FF FF FF  FF FF FF FF  FF FF FF FF  FF FF FF FF  
[    8.297925] RTW: 0x070: FF FF FF FF  FF FF FF FF  FF FF FF FF  FF FF FF FF  
[    8.297958] RTW: 0x080: FF FF FF FF  FF FF FF FF  FF FF FF FF  FF FF FF FF  
[    8.297990] RTW: 0x090: FF FF FF FF  FF FF FF FF  FF FF FF FF  FF FF FF FF  
[    8.298023] RTW: 0x0A0: FF FF FF FF  FF FF FF FF  FF FF FF FF  FF FF FF FF  
[    8.298056] RTW: 0x0B0: FF FF FF FF  FF FF FF FF  20 1C 1B 00  00 00 00 FF  
[    8.298088] RTW: 0x0C0: FF 12 00 10  00 FF 00 FF  00 00 FF FF  FF FF FF FF  
[    8.298120] RTW: 0x0D0: 3E 10 01 12  23 FF FF FF  20 04 4C 02  79 F1 21 02  
[    8.298152] RTW: 0x0E0: 0C 00 22 04  00 08 00 32  FF 21 02 0C  00 22 2A 01  
[    8.298184] RTW: 0x0F0: 01 00 00 00  00 00 00 00  00 00 00 00  02 00 FF FF  
[    8.298216] RTW: 0x100: 00 00 00 00  00 00 00 00  00 00 00 00  00 00 00 00  
[    8.298247] RTW: 0x110: 00 EB 00 6E  01 00 00 00  00 FF 4C 31  2D 6A D0 0D  
[    8.298279] RTW: 0x120: FF FF FF FF  FF FF FF FF  FF FF FF FF  FF FF FF FF  
[    8.298312] RTW: 0x130: FF FF FF FF  FF FF FF FF  FF FF FF FF  FF FF FF FF  
[    8.298345] RTW: 0x140: FF FF FF FF  FF FF FF FF  FF FF FF FF  FF FF FF FF  
[    8.298378] RTW: 0x150: FF FF FF FF  FF FF FF FF  FF FF FF FF  FF FF FF FF  
[    8.298410] RTW: 0x160: FF FF FF FF  FF FF FF FF  FF FF FF FF  FF FF FF FF  
[    8.298443] RTW: 0x170: FF FF FF FF  FF FF FF FF  FF FF FF FF  FF FF FF FF  
[    8.298476] RTW: 0x180: FF FF FF FF  FF FF FF FF  FF FF FF FF  FF FF FF FF  
[    8.298508] RTW: 0x190: FF FF FF FF  FF FF FF FF  FF FF FF FF  FF FF FF FF  
[    8.298541] RTW: 0x1A0: FF FF FF FF  FF FF FF FF  FF FF FF FF  FF FF FF FF  
[    8.298574] RTW: 0x1B0: FF FF FF FF  FF FF FF FF  FF FF FF FF  FF FF FF FF  
[    8.298606] RTW: 0x1C0: FF FF FF FF  FF FF FF FF  FF FF FF FF  FF FF FF FF  
[    8.298639] RTW: 0x1D0: FF FF FF FF  FF FF FF FF  FF FF FF FF  FF FF FF FF  
[    8.298672] RTW: 0x1E0: FF FF FF FF  FF FF FF FF  FF FF FF FF  FF FF FF FF  
[    8.298704] RTW: 0x1F0: FF FF FF FF  FF FF FF FF  FF FF FF FF  FF FF FF FF  
[    8.298746] RTW: hal_com_config_channel_plan chplan:0x20
[    8.382651] RTW: [RF_PATH] ver_id.RF_TYPE:RF_1T1R
[    8.382666] RTW: [RF_PATH] HALSPEC's rf_reg_trx_path_bmp:0x11, rf_reg_path_avail_num:1, max_tx_cnt:1
[    8.382672] RTW: [RF_PATH] PG's trx_path_bmp:0x00, max_tx_cnt:0
[    8.382680] RTW: [RF_PATH] Registry's trx_path_bmp:0x00, tx_path_lmt:0, rx_path_lmt:0
[    8.382686] RTW: [RF_PATH] HALDATA's trx_path_bmp:0x11, max_tx_cnt:1
[    8.382693] RTW: [RF_PATH] HALDATA's rf_type:RF_1T1R, NumTotalRFPath:1
[    8.382700] RTW: [TRX_Nss] HALSPEC - tx_nss:1, rx_nss:1
[    8.382706] RTW: [TRX_Nss] Registry - tx_nss:0, rx_nss:0
[    8.382712] RTW: [TRX_Nss] HALDATA - tx_nss:1, rx_nss:1
[    8.383923] RTW: rtw_regsty_chk_target_tx_power_valid return _FALSE for band:0, path:0, rs:0, t:-1
[    8.403888] RTW: rtw_ndev_init(wlan0) if1 mac_addr=4c:31:2d:6a:d0:0d
[    8.417007] RTW: rtw_ndev_init(wlan1) if2 mac_addr=4e:31:2d:6a:d0:0d
[    8.432638] RTW: module init ret=0
[    9.061779] RTW: txpath=0x1, rxpath=0x1
[    9.061791] RTW: txpath_1ss:0x1, num:1
[    9.147642] IPv6: ADDRCONF(NETDEV_UP): wlan0: link is not ready
[   10.833139] RTW: rtw_set_802_11_connect(wlan0)  fw_state=0x00000008
[   11.033657] RTW: start auth
[   11.046165] RTW: auth success, start assoc
[   11.051902] RTW: assoc success
[   11.051992] IPv6: ADDRCONF(NETDEV_CHANGE): wlan0: link becomes ready
[   11.053726] RTW: ============ STA [e8:9c:25:02:11:0c]  ===================
[   11.053737] RTW: mac_id : 0
[   11.053743] RTW: wireless_mode : 0x0b
[   11.053748] RTW: mimo_type : 0
[   11.053754] RTW: static smps : N
[   11.053760] RTW: bw_mode : 20MHz, ra_bw_mode : 20MHz
[   11.053766] RTW: rate_id : 3
[   11.053772] RTW: rssi : -1 (%), rssi_level : 0
[   11.053778] RTW: is_support_sgi : Y, is_vht_enable : N
[   11.053784] RTW: disable_ra : N, disable_pt : N
[   11.053789] RTW: is_noisy : N
[   11.053794] RTW: txrx_state : 0
[   11.053801] RTW: curr_tx_rate : CCK_1M (L)
[   11.053806] RTW: curr_tx_bw : 20MHz
[   11.053812] RTW: curr_retry_ratio : 0
[   11.053818] RTW: ra_mask : 0x00000000000fffff
[   11.053818] 
[   11.059439] RTW: recv eapol packet 1/4
[   11.060607] RTW: send eapol packet 2/4
[   11.066159] RTW: recv eapol packet 3/4
[   11.066524] RTW: send eapol packet 4/4
[   11.067702] RTW: set pairwise key camid:0, addr:e8:9c:25:02:11:0c, kid:0, type:AES
[   11.067998] RTW: set group key camid:1, addr:e8:9c:25:02:11:0c, kid:1, type:AES
[   12.871299] codec_codec_ctl: set repaly channel...
[   12.871337] cgu_set_rate, parent = 1392000000, rate = 4096000, n = 10875, reg val = 0x22002a7b
[   12.871344] codec_codec_ctl: set sample rate...
[   12.871429] codec_codec_ctl: set device...
[   13.109167] codec_set_device: set device: speaker...
[   18.892280] *** tx_isp_init: EXACT Binary Ninja MCP reference implementation ***
[   18.894869] *** PROBE: tx_isp_platform_probe CALLED for device tx-isp ***
[   18.894887] *** PROBE: ISP device allocated successfully: 85fc0000 ***
[   18.894904] *** PROBE: ISP core registers mapped at 0x13300000 for system_reg_write ***
[   18.894909] *** PROBE: ISP device mutex and spinlock initialized ***
[   18.894917] *** PROBE: Event callback structure initialized at 0x8589cd80 (offset 0xc from isp_dev) ***
[   18.894927] parse_rmem_bootarg: Found rmem=29M@0x06300000 (size=0x01d00000)
[   18.894934] *** PROBE: Initialized rmem_addr=0x06300000, size=0x01d00000 ***
[   18.894940] *** PROBE: Platform data: c06b9120 ***
[   18.894945] *** PROBE: Platform data validation passed ***
[   18.894950] *** REFERENCE DRIVER: Individual subdevices will initialize their own memory regions ***
[   18.894956] *** PLATFORM DEVICES ALREADY REGISTERED IN INIT - SKIPPING DUPLICATE REGISTRATION ***
[   18.894962] *** tx_isp_module_init: EXACT Binary Ninja reference implementation ***
[   18.894967] *** tx_isp_module_init: Registering subdev platform drivers FIRST ***
[   18.894973] *** TX ISP SUBDEV PLATFORM DRIVERS REGISTRATION ***
[   18.907345] All ISP subdev platform drivers registered successfully
[   18.910009] *** tx_isp_create_graph_and_nodes: EXACT Binary Ninja reference implementation ***
[   18.910021] *** Registering platform device 0 from platform data ***
[   18.912644] *** tx_isp_subdev_init: CALLED for device 'isp-w01' ***
[   18.912659] *** tx_isp_subdev_init: pdev=c06b8e08, sd=85468000, ops=c06b9420 ***
[   18.912666] *** tx_isp_subdev_init: ourISPdev=85fc0000 ***
[   18.912673] *** tx_isp_subdev_init: ops=c06b9420, ops->core=c06b9454 ***
[   18.912679] *** tx_isp_subdev_init: ops->core->init=c066a8c0 ***
[   18.912685] *** tx_isp_subdev_init: Set sd->dev=c06b8e18, sd->pdev=c06b8e08 ***
[   18.912692] *** tx_isp_subdev_init: CSI subdev registered at slot 0 ***
[   18.912698] tx_isp_module_init: Module initialized for isp-w01
[   18.912703] *** tx_isp_subdev_init: VIC interrupt registration will happen in auto-linking function ***
[   18.912710] *** isp-w01: Skipping IRQ request - device has no IRQ resource ***
[   18.912717] tx_isp_subdev_init: platform_get_resource returned c06b8ef8 for device isp-w01
[   18.912725] tx_isp_subdev_init: Memory resource found: start=0x10022000, end=0x10022fff, size=0x00001000
[   18.912733] *** tx_isp_subdev_init: Clock initialization deferred until streaming starts ***
[   18.912739] *** tx_isp_subdev_init: Clock count stored: 1 ***
[   18.912747] *** tx_isp_subdev_auto_link: ENTRY - pdev=c06b8e08, sd=85468000, ourISPdev=85fc0000 ***
[   18.912754] *** tx_isp_subdev_auto_link: Auto-linking device 'isp-w01' to ourISPdev=85fc0000 ***
[   18.912760] *** DEBUG: Device name comparison - checking 'isp-w01' ***
[   18.912765] *** DEBUG: About to check device name matches ***
[   18.912771] *** CSI BASIC REGISTERS SET: b0022000 (from tx_isp_subdev_init) ***
[   18.912777] *** LINKED CSI device: 85468000, regs: b0022000 ***
[   18.912784] *** CSI PROBE: Set dev_priv to csi_dev 85468000 AFTER subdev_init ***
[   18.912790] *** CSI PROBE: Set host_priv to csi_dev 85468000 AFTER subdev_init ***
[   18.912796] *** CSI PROBE: csi_regs (offset 0xb8) mapped to: b0022000 ***
[   18.912803] *** CSI PROBE: isp_csi_regs (offset 0x13c) mapped to CSI PHY: b0022000 (0x10022000) ***
[   18.912809] *** CSI PROBE: Device linking handled automatically by tx_isp_subdev_init ***
[   18.912828] *** Platform device 0 (isp-w01) registered successfully ***
[   18.912835] *** Registering platform device 1 from platform data ***
[   18.915429] *** VIC PROBE: IRQ numbers initialized to 38 ***
[   18.915443] *** VIC PROBE: Primary VIC registers mapped at 0x133e0000 -> b33e0000 ***
[   18.915449] *** VIC PROBE: VIC control registers mapped at 0x10023000 -> b0023000 ***
[   18.915455] *** VIC PROBE: Hardware IRQ function pointers set using SAFE struct members (tx_isp_enable/disable_irq) ***
[   18.915462] *** VIC PROBE: Secondary VIC register test - 0x1e0 = 0x00000000 (mapping verified) ***
[   18.915467] *** VIC PROBE: VIC interrupt registers will be configured during tx_isp_vic_start ***
[   18.915473] *** BINARY NINJA MCP: VIC buffer management ENABLED - following reference driver ***
[   18.915479] *** VIC will operate in FULL mode with complete buffer operations ***
[   18.915484] *** BINARY NINJA MCP: VIC full initialization complete - buffer management ENABLED ***
[   18.915491] *** VIC PROBE: Initialized default dimensions 1920x1080 and critical fields ***
[   18.915497] *** VIC PROBE: Event callback structure stored in VIC device field ***
[   18.915503] *** VIC PROBE: Stored vic_dev pointer 85468800 in subdev dev_priv ***
[   18.915509] *** VIC PROBE: Set host_priv to vic_dev 85468800 for Binary Ninja compatibility ***
[   18.915515] *** VIC PROBE: Skipping tx_isp_vic_hw_init - working branch configures interrupts during VIC operations ***
[   18.915523] *** tx_isp_subdev_init: CALLED for device 'isp-w02' ***
[   18.915530] *** tx_isp_subdev_init: pdev=c06b8f18, sd=85468800, ops=c06b93a0 ***
[   18.915536] *** tx_isp_subdev_init: ourISPdev=85fc0000 ***
[   18.915543] *** tx_isp_subdev_init: ops=c06b93a0, ops->core=c06b93bc ***
[   18.915549] *** tx_isp_subdev_init: ops->core->init=c06818cc ***
[   18.915555] *** tx_isp_subdev_init: Set sd->dev=c06b8f28, sd->pdev=c06b8f18 ***
[   18.915562] *** tx_isp_subdev_init: VIC device linked and registered at slot 1 ***
[   18.915568] tx_isp_module_init: Module initialized for isp-w02
[   18.915574] *** tx_isp_subdev_init: VIC interrupt registration will happen in auto-linking function ***
[   18.915582] *** tx_isp_request_irq: platform_get_irq returned 38 for device isp-w02 ***
[   18.915589] *** tx_isp_request_irq: Using main ISP device as dev_id for IRQ 38 (device: isp-w02) ***
[   18.915599] *** tx_isp_request_irq: About to call request_threaded_irq(irq=38, handler=c0673ed4, thread=c0666584, flags=0x80, name=isp-w02, dev_id=85fc0000) ***
[   18.915607] *** tx_isp_request_irq: About to register IRQ 38 with handlers: main=c0673ed4, thread=c0666584 ***
[   18.917880] *** tx_isp_request_irq: request_threaded_irq returned 0 ***
[   18.917891] *** tx_isp_request_irq: IRQ 38 LEFT ENABLED (working version behavior) ***
[   18.917898] *** tx_isp_request_irq: IRQ 38 registered successfully for isp-w02 ***
[   18.917907] tx_isp_subdev_init: platform_get_resource returned c06b9010 for device isp-w02
[   18.917915] tx_isp_subdev_init: Memory resource found: start=0x10023000, end=0x10023fff, size=0x00001000
[   18.917924] *** tx_isp_subdev_init: Clock initialization deferred until streaming starts ***
[   18.917929] *** tx_isp_subdev_init: Clock count stored: 2 ***
[   18.917938] *** tx_isp_subdev_auto_link: ENTRY - pdev=c06b8f18, sd=85468800, ourISPdev=85fc0000 ***
[   18.917945] *** tx_isp_subdev_auto_link: Auto-linking device 'isp-w02' to ourISPdev=85fc0000 ***
[   18.917951] *** DEBUG: Device name comparison - checking 'isp-w02' ***
[   18.917956] *** DEBUG: About to check device name matches ***
[   18.917961] *** DEBUG: VIC DEVICE NAME MATCHED! Processing VIC device linking ***
[   18.917967] *** DEBUG: Retrieved vic_dev from subdev data: 85468800 ***
[   18.917973] *** DEBUG: About to set ourISPdev->vic_dev = 85468800 ***
[   18.917979] *** DEBUG: ourISPdev before linking: 85fc0000 ***
[   18.917985] *** DEBUG: ourISPdev->vic_dev set to: 85468800 ***
[   18.917991] *** VIC AUTO-LINK: VIC IRQ already registered (irq=38) ***
[   18.917996] *** VIC AUTO-LINK: Using existing VIC register mapping (0x133e0000) - NOT remapping ***
[   18.918002] *** VIC AUTO-LINK: Registers are mapped, registering interrupt handler ***
[   18.918009] *** VIC PROBE: Device linking handled automatically by tx_isp_subdev_init ***
[   18.918015] *** VIC PROBE: Sensor dimensions will be cached when sensor module loads ***
[   18.918021] *** VIC PROBE: VIC frame channel streaming will be initialized via tisp_init ***
[   18.918026] *** VIC PROBE: Waiting for core subdev init to call tisp_init which calls tx_isp_subdev_pipo ***
[   18.918048] *** Platform device 1 (isp-w02) registered successfully ***
[   18.918055] *** Registering platform device 2 from platform data ***
[   18.918458] *** VIN PROBE: VIN registers mapped to ISP Core: b3300000 (0x13300000) ***
[   18.918471] *** tx_isp_subdev_init: CALLED for device 'isp-w00' ***
[   18.918479] *** tx_isp_subdev_init: pdev=c06b8d30, sd=80521000, ops=c06ba294 ***
[   18.918485] *** tx_isp_subdev_init: ourISPdev=85fc0000 ***
[   18.918492] *** tx_isp_subdev_init: ops=c06ba294, ops->core=c06ba2b4 ***
[   18.918498] *** tx_isp_subdev_init: ops->core->init=c068eae8 ***
[   18.918745] *** tx_isp_subdev_init: Set sd->dev=c06b8d40, sd->pdev=c06b8d30 ***
[   18.918756] *** tx_isp_subdev_init: NOT A SENSOR - ops=c06ba294 ***
[   18.918763] *** tx_isp_subdev_init: ops->sensor=  (null), csi_subdev_ops=c06b9420 ***
[   18.918770] tx_isp_module_init: Module initialized for isp-w00
[   18.918775] *** tx_isp_subdev_init: VIC interrupt registration will happen in auto-linking function ***
[   18.918784] *** tx_isp_subdev_auto_link: ENTRY - pdev=c06b8d30, sd=80521000, ourISPdev=85fc0000 ***
[   18.918791] *** tx_isp_subdev_auto_link: Auto-linking device 'isp-w00' to ourISPdev=85fc0000 ***
[   18.918797] *** DEBUG: Device name comparison - checking 'isp-w00' ***
[   18.918803] *** DEBUG: About to check device name matches ***
[   18.918808] *** DEBUG: VIN device name matched! Setting up VIN device ***
